###############################################################################
#
# IAR ELF Linker V7.40.2.8542/W32 for ARM                 17/Oct/2018  10:22:32
# Copyright 2007-2015 IAR Systems AB.
#
#    Output file  =  
#        D:\WORK\Firmware_LastRelease\_7.0.95\MainMCU\KP02_DEVICE_2\Exe\kp02.out
#    Map file     =  
#        D:\WORK\Firmware_LastRelease\_7.0.95\MainMCU\KP02_DEVICE_2\List\kp02.map
#    Command line =  
#        D:\WORK\Firmware_LastRelease\_7.0.95\MainMCU\KP02_DEVICE_2\Obj\common.o
#        D:\WORK\Firmware_LastRelease\_7.0.95\MainMCU\KP02_DEVICE_2\Obj\download.o
#        D:\WORK\Firmware_LastRelease\_7.0.95\MainMCU\KP02_DEVICE_2\Obj\ff.o
#        D:\WORK\Firmware_LastRelease\_7.0.95\MainMCU\KP02_DEVICE_2\Obj\ffsystem.o
#        D:\WORK\Firmware_LastRelease\_7.0.95\MainMCU\KP02_DEVICE_2\Obj\ffunicode.o
#        D:\WORK\Firmware_LastRelease\_7.0.95\MainMCU\KP02_DEVICE_2\Obj\flash_if.o
#        D:\WORK\Firmware_LastRelease\_7.0.95\MainMCU\KP02_DEVICE_2\Obj\heap_2.o
#        D:\WORK\Firmware_LastRelease\_7.0.95\MainMCU\KP02_DEVICE_2\Obj\IAP.o
#        D:\WORK\Firmware_LastRelease\_7.0.95\MainMCU\KP02_DEVICE_2\Obj\list.o
#        D:\WORK\Firmware_LastRelease\_7.0.95\MainMCU\KP02_DEVICE_2\Obj\main.o
#        D:\WORK\Firmware_LastRelease\_7.0.95\MainMCU\KP02_DEVICE_2\Obj\misc.o
#        D:\WORK\Firmware_LastRelease\_7.0.95\MainMCU\KP02_DEVICE_2\Obj\mmc.o
#        D:\WORK\Firmware_LastRelease\_7.0.95\MainMCU\KP02_DEVICE_2\Obj\port.o
#        D:\WORK\Firmware_LastRelease\_7.0.95\MainMCU\KP02_DEVICE_2\Obj\portasm.o
#        D:\WORK\Firmware_LastRelease\_7.0.95\MainMCU\KP02_DEVICE_2\Obj\queue.o
#        D:\WORK\Firmware_LastRelease\_7.0.95\MainMCU\KP02_DEVICE_2\Obj\sd_spi.o
#        D:\WORK\Firmware_LastRelease\_7.0.95\MainMCU\KP02_DEVICE_2\Obj\startup_stm32f40_41xxx.o
#        D:\WORK\Firmware_LastRelease\_7.0.95\MainMCU\KP02_DEVICE_2\Obj\stm32_it.o
#        D:\WORK\Firmware_LastRelease\_7.0.95\MainMCU\KP02_DEVICE_2\Obj\stm32f4xx_adc.o
#        D:\WORK\Firmware_LastRelease\_7.0.95\MainMCU\KP02_DEVICE_2\Obj\stm32f4xx_crc.o
#        D:\WORK\Firmware_LastRelease\_7.0.95\MainMCU\KP02_DEVICE_2\Obj\stm32f4xx_dbgmcu.o
#        D:\WORK\Firmware_LastRelease\_7.0.95\MainMCU\KP02_DEVICE_2\Obj\stm32f4xx_dma.o
#        D:\WORK\Firmware_LastRelease\_7.0.95\MainMCU\KP02_DEVICE_2\Obj\stm32f4xx_exti.o
#        D:\WORK\Firmware_LastRelease\_7.0.95\MainMCU\KP02_DEVICE_2\Obj\stm32f4xx_flash.o
#        D:\WORK\Firmware_LastRelease\_7.0.95\MainMCU\KP02_DEVICE_2\Obj\stm32f4xx_gpio.o
#        D:\WORK\Firmware_LastRelease\_7.0.95\MainMCU\KP02_DEVICE_2\Obj\stm32f4xx_i2c.o
#        D:\WORK\Firmware_LastRelease\_7.0.95\MainMCU\KP02_DEVICE_2\Obj\stm32f4xx_iwdg.o
#        D:\WORK\Firmware_LastRelease\_7.0.95\MainMCU\KP02_DEVICE_2\Obj\stm32f4xx_ltdc.o
#        D:\WORK\Firmware_LastRelease\_7.0.95\MainMCU\KP02_DEVICE_2\Obj\stm32f4xx_pwr.o
#        D:\WORK\Firmware_LastRelease\_7.0.95\MainMCU\KP02_DEVICE_2\Obj\stm32f4xx_rcc.o
#        D:\WORK\Firmware_LastRelease\_7.0.95\MainMCU\KP02_DEVICE_2\Obj\stm32f4xx_rng.o
#        D:\WORK\Firmware_LastRelease\_7.0.95\MainMCU\KP02_DEVICE_2\Obj\stm32f4xx_rtc.o
#        D:\WORK\Firmware_LastRelease\_7.0.95\MainMCU\KP02_DEVICE_2\Obj\stm32f4xx_sdio.o
#        D:\WORK\Firmware_LastRelease\_7.0.95\MainMCU\KP02_DEVICE_2\Obj\stm32f4xx_spi.o
#        D:\WORK\Firmware_LastRelease\_7.0.95\MainMCU\KP02_DEVICE_2\Obj\stm32f4xx_syscfg.o
#        D:\WORK\Firmware_LastRelease\_7.0.95\MainMCU\KP02_DEVICE_2\Obj\stm32f4xx_tim.o
#        D:\WORK\Firmware_LastRelease\_7.0.95\MainMCU\KP02_DEVICE_2\Obj\stm32f4xx_usart.o
#        D:\WORK\Firmware_LastRelease\_7.0.95\MainMCU\KP02_DEVICE_2\Obj\stm32f4xx_wwdg.o
#        D:\WORK\Firmware_LastRelease\_7.0.95\MainMCU\KP02_DEVICE_2\Obj\StnFont.o
#        D:\WORK\Firmware_LastRelease\_7.0.95\MainMCU\KP02_DEVICE_2\Obj\system_stm32f4xx.o
#        D:\WORK\Firmware_LastRelease\_7.0.95\MainMCU\KP02_DEVICE_2\Obj\TADS1292.o
#        D:\WORK\Firmware_LastRelease\_7.0.95\MainMCU\KP02_DEVICE_2\Obj\TADS1298.o
#        D:\WORK\Firmware_LastRelease\_7.0.95\MainMCU\KP02_DEVICE_2\Obj\TAppProcessor.o
#        D:\WORK\Firmware_LastRelease\_7.0.95\MainMCU\KP02_DEVICE_2\Obj\tasks.o
#        D:\WORK\Firmware_LastRelease\_7.0.95\MainMCU\KP02_DEVICE_2\Obj\TAudio.o
#        D:\WORK\Firmware_LastRelease\_7.0.95\MainMCU\KP02_DEVICE_2\Obj\TDevice.o
#        D:\WORK\Firmware_LastRelease\_7.0.95\MainMCU\KP02_DEVICE_2\Obj\TDSP.o
#        D:\WORK\Firmware_LastRelease\_7.0.95\MainMCU\KP02_DEVICE_2\Obj\TEcgProcessor.o
#        D:\WORK\Firmware_LastRelease\_7.0.95\MainMCU\KP02_DEVICE_2\Obj\TFlash.o
#        D:\WORK\Firmware_LastRelease\_7.0.95\MainMCU\KP02_DEVICE_2\Obj\TFont.o
#        D:\WORK\Firmware_LastRelease\_7.0.95\MainMCU\KP02_DEVICE_2\Obj\TFrame.o
#        D:\WORK\Firmware_LastRelease\_7.0.95\MainMCU\KP02_DEVICE_2\Obj\TGuiObjectsV2.o
#        D:\WORK\Firmware_LastRelease\_7.0.95\MainMCU\KP02_DEVICE_2\Obj\THardware.o
#        D:\WORK\Firmware_LastRelease\_7.0.95\MainMCU\KP02_DEVICE_2\Obj\timers.o
#        D:\WORK\Firmware_LastRelease\_7.0.95\MainMCU\KP02_DEVICE_2\Obj\TInterpreter.o
#        D:\WORK\Firmware_LastRelease\_7.0.95\MainMCU\KP02_DEVICE_2\Obj\TLcd.o
#        D:\WORK\Firmware_LastRelease\_7.0.95\MainMCU\KP02_DEVICE_2\Obj\TLcdTrace.o
#        D:\WORK\Firmware_LastRelease\_7.0.95\MainMCU\KP02_DEVICE_2\Obj\TLMX9838.o
#        D:\WORK\Firmware_LastRelease\_7.0.95\MainMCU\KP02_DEVICE_2\Obj\TMmc.o
#        D:\WORK\Firmware_LastRelease\_7.0.95\MainMCU\KP02_DEVICE_2\Obj\TNandWrite.o
#        D:\WORK\Firmware_LastRelease\_7.0.95\MainMCU\KP02_DEVICE_2\Obj\TPoolingNand.o
#        D:\WORK\Firmware_LastRelease\_7.0.95\MainMCU\KP02_DEVICE_2\Obj\TRespProcessor.o
#        D:\WORK\Firmware_LastRelease\_7.0.95\MainMCU\KP02_DEVICE_2\Obj\TRtc.o
#        D:\WORK\Firmware_LastRelease\_7.0.95\MainMCU\KP02_DEVICE_2\Obj\TSDProcessor.o
#        D:\WORK\Firmware_LastRelease\_7.0.95\MainMCU\KP02_DEVICE_2\Obj\TSound.o
#        D:\WORK\Firmware_LastRelease\_7.0.95\MainMCU\KP02_DEVICE_2\Obj\TSpiSram.o
#        D:\WORK\Firmware_LastRelease\_7.0.95\MainMCU\KP02_DEVICE_2\Obj\Utilities.o
#        D:\WORK\Firmware_LastRelease\_7.0.95\MainMCU\KP02_DEVICE_2\Obj\ymodem.o
#        --redirect _Printf=_PrintfTiny --redirect _Scanf=_ScanfFull -o
#        D:\WORK\Firmware_LastRelease\_7.0.95\MainMCU\KP02_DEVICE_2\Exe\kp02.out
#        --map
#        D:\WORK\Firmware_LastRelease\_7.0.95\MainMCU\KP02_DEVICE_2\List\kp02.map
#        --config D:\WORK\Firmware_LastRelease\_7.0.95\MainMCU\application.icf
#        --semihosting --entry __iar_program_start --vfe
#
###############################################################################

*******************************************************************************
*** RUNTIME MODEL ATTRIBUTES
***

CppFlavor       = *
__CPP_Language  = EC++
__SystemLibrary = DLib


*******************************************************************************
*** PLACEMENT SUMMARY
***

"A1":  place at 0x08020000 { ro section .intvec };
"P1":  place in [from 0x08020000 to 0x080fffff] { ro };
"P2":  place in [from 0x20000000 to 0x2001ffff] { rw };
"P3":  place in [from 0x10000000 to 0x1000ffff] {
          block CSTACK, block HEAP, rw section .ccm };

  Section             Kind        Address     Size  Object
  -------             ----        -------     ----  ------
"A1":                                        0x188
  .intvec             ro code  0x08020000    0x188  startup_stm32f40_41xxx.o [1]
                             - 0x08020188    0x188

"P1":                                      0x44727
  .rodata             const    0x08020188  0x24254  TGuiObjectsV2.o [1]
  .text               ro code  0x080443dc   0xbca8  TAppProcessor.o [1]
  .text               ro code  0x08050084    0x5b0  stm32f4xx_rcc.o [1]
  .text               ro code  0x08050634    0x2dc  stm32f4xx_flash.o [1]
  .text               ro code  0x08050910    0x1b4  misc.o [1]
  .text               ro code  0x08050ac4    0x5b8  TFrame.o [1]
  .text               ro code  0x0805107c    0x204  TLcdTrace.o [1]
  .text               ro code  0x08051280    0x5b8  tasks.o [1]
  .text               ro code  0x08051838    0x218  TDevice.o [1]
  .text               ro code  0x08051a50    0x28c  stm32f4xx_rtc.o [1]
  .text               ro code  0x08051cdc    0x12c  TFlash.o [1]
  .text               ro code  0x08051e08    0x89c  TInterpreter.o [1]
  .text               ro code  0x080526a4    0x4f0  stm32f4xx_gpio.o [1]
  .text               ro code  0x08052b94    0x1c8  TSound.o [1]
  .text               ro code  0x08052d5c    0x3f8  TNandWrite.o [1]
  .text               ro code  0x08053154    0x3c4  TPoolingNand.o [1]
  .text               ro code  0x08053518    0x1e0  TAudio.o [1]
  .text               ro code  0x080536f8   0x47f4  TGuiObjectsV2.o [1]
  .text               ro code  0x08057eec     0x76  ABImemcpy_unaligned.o [5]
  .text               ro code  0x08057f62     0x22  zero_init3.o [5]
  .text               ro code  0x08057f84    0x24c  Utilities.o [1]
  .text               ro code  0x080581d0     0x1c  strcat.o [3]
  .text               ro code  0x080581ec      0x2  TLMX9838.o [1]
  .text               ro code  0x080581f0     0x44  strcpy_unaligned.o [5]
  .text               ro code  0x08058234    0x280  TADS1298.o [1]
  .text               ro code  0x080584b4    0x634  TLMX9838.o [1]
  .text               ro code  0x08058ae8     0x28  mmc.o [1]
  .text               ro code  0x08058b10   0x12ec  ff.o [1]
  .text               ro code  0x08059dfc     0xf0  heap_2.o [1]
  .text               ro code  0x08059eec    0x10c  stm32f4xx_pwr.o [1]
  .text               ro code  0x08059ff8    0x37c  TSpiSram.o [1]
  .text               ro code  0x0805a374     0x66  ABImemset.o [5]
  .text               ro code  0x0805a3dc    0x2e4  main.o [1]
  .text               ro code  0x0805a6c0    0x6a8  stm32f4xx_usart.o [1]
  .text               ro code  0x0805ad68      0xc  TFrame.o [1]
  .text               ro code  0x0805ad74    0xb0c  StnFont.o [1]
  .text               ro code  0x0805b880    0x6d4  TLcd.o [1]
  .text               ro code  0x0805bf54     0xc0  port.o [1]
  .text               ro code  0x0805c014     0x94  list.o [1]
  CODE                ro code  0x0805c0a8     0xa0  portasm.o [1]
  .text               ro code  0x0805c148     0x6c  strncpy_unaligned.o [5]
  .text               ro code  0x0805c1b4     0x3a  ABImemset48.o [5]
  .text               ro code  0x0805c1f0    0x154  THardware.o [1]
  .text               ro code  0x0805c344     0x44  TADS1292.o [1]
  .text               ro code  0x0805c388     0x14  TSpiSram.o [1]
  .text               ro code  0x0805c39c    0x2d0  TRtc.o [1]
  .text               ro code  0x0805c66c    0x14e  TEcgProcessor.o [1]
  .text               ro code  0x0805c7bc     0x70  TRespProcessor.o [1]
  .text               ro code  0x0805c82c    0xcfc  stm32f4xx_tim.o [1]
  .text               ro code  0x0805d528    0xa44  stm32f4xx_dma.o [1]
  .text               ro code  0x0805df6c    0x54c  stm32f4xx_adc.o [1]
  .text               ro code  0x0805e4b8     0x36  strlen.o [5]
  .text               ro code  0x0805e4f0   0x1528  TFont.o [1]
  .text               ro code  0x0805fa18    0x188  system_stm32f4xx.o [1]
  .text               ro code  0x0805fba0     0x30  I32ToDbl.o [4]
  .text               ro code  0x0805fbd0    0x256  DblDiv.o [4]
  .text               ro code  0x0805fe28     0x90  DblToFlt.o [4]
  .text               ro code  0x0805feb8     0x1c  sqrtf.o [4]
  .text               ro code  0x0805fed4      0x8  labs.o [3]
  .text               ro code  0x0805fee0    0x698  TDSP.o [1]
  .text               ro code  0x08060578    0x118  stm32f4xx_syscfg.o [1]
  .text               ro code  0x08060690    0x1f0  stm32f4xx_exti.o [1]
  .text               ro code  0x08060880     0x42  strcmp_unaligned.o [5]
  .text               ro code  0x080608c4    0x92c  sd_spi.o [1]
  .text               ro code  0x080611f0    0x478  stm32f4xx_spi.o [1]
  .text               ro code  0x08061668     0xb0  stm32f4xx_dbgmcu.o [1]
  .text               ro code  0x08061718     0x20  TLcd.o [1]
  .text               ro code  0x08061738     0x20  TLcd.o [1]
  .text               ro code  0x08061758     0x3c  TLcd.o [1]
  .text               ro code  0x08061794     0x28  TLcd.o [1]
  .text               ro code  0x080617bc     0x2c  TLcd.o [1]
  .text               ro code  0x080617e8    0x418  TSDProcessor.o [1]
  .text               ro code  0x08061c00      0xc  iarEdom.o [5]
  .text               ro code  0x08061c0c    0x1a2  DblMul.o [4]
  .text               ro code  0x08061db0    0x180  DblSub.o [4]
  .text               ro code  0x08061f30     0xe8  DblAdd.o [4]
  .text               ro code  0x08062018     0x2e  DblCmpGe.o [4]
  .text               ro code  0x08062048     0x2e  DblCmpLe.o [4]
  .text               ro code  0x08062078     0x4c  DblToI32.o [4]
  .text               ro code  0x080620c4     0x4e  FltToDbl.o [4]
  .text               ro code  0x08062114    0x132  I64DivMod.o [5]
  .text               ro code  0x08062248      0xc  errno.o [3]
  .text               ro code  0x08062254      0x2  I64DivZer.o [5]
  .text               ro code  0x08062256      0x2  xtls.o [3]
  .rodata             const    0x08062258   0x1efc  TFont.o [1]
  .text               ro code  0x08064154    0x280  stm32_it.o [1]
  .text               ro code  0x080643d4     0xd0  packbits_init.o [5]
  .text               ro code  0x080644a4      0x6  abort.o [3]
  .text               ro code  0x080644ac     0x14  exit.o [6]
  .text               ro code  0x080644c0     0x30  iarttio.o [6]
  .text               ro code  0x080644f0      0x8  XShttio.o [3]
  .text               ro code  0x080644f8     0x28  data_init.o [5]
  .text               ro code  0x08064520     0x22  fpinit_M.o [4]
  .iar.init_table     const    0x08064544     0x34  - Linker created -
  .text               ro code  0x08064578     0x1a  cmain.o [5]
  .text               ro code  0x08064592      0x4  low_level_init.o [3]
  .text               ro code  0x08064596      0x4  exit.o [3]
  .text               ro code  0x0806459c      0xa  cexit.o [5]
  .text               ro code  0x080645a8     0x10  startup_stm32f40_41xxx.o [1]
  .text               ro code  0x080645b8      0xc  cstartup_M.o [5]
  .text               ro code  0x080645c4      0x4  startup_stm32f40_41xxx.o [1]
  .text               ro code  0x080645c8      0x4  startup_stm32f40_41xxx.o [1]
  .text               ro code  0x080645cc      0x4  startup_stm32f40_41xxx.o [1]
  .text               ro code  0x080645d0      0x4  startup_stm32f40_41xxx.o [1]
  .text               ro code  0x080645d4      0x4  startup_stm32f40_41xxx.o [1]
  .text               ro code  0x080645d8      0x4  startup_stm32f40_41xxx.o [1]
  .text               ro code  0x080645dc      0x4  startup_stm32f40_41xxx.o [1]
  .text               ro code  0x080645e0      0x4  startup_stm32f40_41xxx.o [1]
  .text               ro code  0x080645e4      0x4  startup_stm32f40_41xxx.o [1]
  .text               ro code  0x080645e8      0x4  startup_stm32f40_41xxx.o [1]
  .text               ro code  0x080645ec      0x4  startup_stm32f40_41xxx.o [1]
  .text               ro code  0x080645f0      0x4  startup_stm32f40_41xxx.o [1]
  .text               ro code  0x080645f4      0x4  startup_stm32f40_41xxx.o [1]
  .text               ro code  0x080645f8      0x4  startup_stm32f40_41xxx.o [1]
  .text               ro code  0x080645fc      0x4  startup_stm32f40_41xxx.o [1]
  .text               ro code  0x08064600      0x4  startup_stm32f40_41xxx.o [1]
  .text               ro code  0x08064604      0x4  startup_stm32f40_41xxx.o [1]
  .text               ro code  0x08064608      0x4  startup_stm32f40_41xxx.o [1]
  .text               ro code  0x0806460c      0x4  startup_stm32f40_41xxx.o [1]
  .text               ro code  0x08064610      0x4  startup_stm32f40_41xxx.o [1]
  .text               ro code  0x08064614      0x4  startup_stm32f40_41xxx.o [1]
  .text               ro code  0x08064618      0x4  startup_stm32f40_41xxx.o [1]
  .text               ro code  0x0806461c      0x4  startup_stm32f40_41xxx.o [1]
  .text               ro code  0x08064620      0x4  startup_stm32f40_41xxx.o [1]
  .text               ro code  0x08064624      0x4  startup_stm32f40_41xxx.o [1]
  .text               ro code  0x08064628      0x4  startup_stm32f40_41xxx.o [1]
  .text               ro code  0x0806462c      0x4  startup_stm32f40_41xxx.o [1]
  .text               ro code  0x08064630      0x4  startup_stm32f40_41xxx.o [1]
  .text               ro code  0x08064634      0x4  startup_stm32f40_41xxx.o [1]
  .text               ro code  0x08064638      0x4  startup_stm32f40_41xxx.o [1]
  .text               ro code  0x0806463c      0x4  startup_stm32f40_41xxx.o [1]
  .text               ro code  0x08064640      0x4  startup_stm32f40_41xxx.o [1]
  .text               ro code  0x08064644      0x4  startup_stm32f40_41xxx.o [1]
  .text               ro code  0x08064648      0x4  startup_stm32f40_41xxx.o [1]
  .text               ro code  0x0806464c      0x4  startup_stm32f40_41xxx.o [1]
  .text               ro code  0x08064650      0x4  startup_stm32f40_41xxx.o [1]
  .text               ro code  0x08064654      0x4  startup_stm32f40_41xxx.o [1]
  .text               ro code  0x08064658      0x4  startup_stm32f40_41xxx.o [1]
  .text               ro code  0x0806465c      0x4  startup_stm32f40_41xxx.o [1]
  .text               ro code  0x08064660      0x4  startup_stm32f40_41xxx.o [1]
  .text               ro code  0x08064664      0x4  startup_stm32f40_41xxx.o [1]
  .text               ro code  0x08064668      0x4  startup_stm32f40_41xxx.o [1]
  .text               ro code  0x0806466c      0x4  startup_stm32f40_41xxx.o [1]
  .text               ro code  0x08064670      0x4  startup_stm32f40_41xxx.o [1]
  .text               ro code  0x08064674      0x4  startup_stm32f40_41xxx.o [1]
  .text               ro code  0x08064678      0x4  startup_stm32f40_41xxx.o [1]
  .text               ro code  0x0806467c      0x4  startup_stm32f40_41xxx.o [1]
  .text               ro code  0x08064680      0x4  startup_stm32f40_41xxx.o [1]
  .text               ro code  0x08064684      0x4  startup_stm32f40_41xxx.o [1]
  .text               ro code  0x08064688      0x4  startup_stm32f40_41xxx.o [1]
  .text               ro code  0x0806468c      0x4  startup_stm32f40_41xxx.o [1]
  .text               ro code  0x08064690      0x4  startup_stm32f40_41xxx.o [1]
  .text               ro code  0x08064694      0x4  startup_stm32f40_41xxx.o [1]
  .text               ro code  0x08064698      0x4  startup_stm32f40_41xxx.o [1]
  .text               ro code  0x0806469c      0x4  startup_stm32f40_41xxx.o [1]
  .text               ro code  0x080646a0      0x4  startup_stm32f40_41xxx.o [1]
  .text               ro code  0x080646a4      0x4  startup_stm32f40_41xxx.o [1]
  .text               ro code  0x080646a8      0x4  startup_stm32f40_41xxx.o [1]
  .text               ro code  0x080646ac      0x4  startup_stm32f40_41xxx.o [1]
  .text               ro code  0x080646b0      0x4  startup_stm32f40_41xxx.o [1]
  .text               ro code  0x080646b4      0x4  startup_stm32f40_41xxx.o [1]
  .text               ro code  0x080646b8      0x4  startup_stm32f40_41xxx.o [1]
  .text               ro code  0x080646bc      0x4  startup_stm32f40_41xxx.o [1]
  .text               ro code  0x080646c0      0x4  startup_stm32f40_41xxx.o [1]
  .text               ro code  0x080646c4      0x4  startup_stm32f40_41xxx.o [1]
  .text               ro code  0x080646c8      0x4  startup_stm32f40_41xxx.o [1]
  .text               ro code  0x080646cc      0x4  startup_stm32f40_41xxx.o [1]
  .text               ro code  0x080646d0      0x4  startup_stm32f40_41xxx.o [1]
  .text               ro code  0x080646d4      0x4  startup_stm32f40_41xxx.o [1]
  .text               ro code  0x080646d8      0x4  startup_stm32f40_41xxx.o [1]
  .text               ro code  0x080646dc      0x4  startup_stm32f40_41xxx.o [1]
  .text               ro code  0x080646e0      0x4  startup_stm32f40_41xxx.o [1]
  .text               ro code  0x080646e4      0x4  startup_stm32f40_41xxx.o [1]
  .text               ro code  0x080646e8      0x4  startup_stm32f40_41xxx.o [1]
  .text               ro code  0x080646ec      0x4  startup_stm32f40_41xxx.o [1]
  .text               ro code  0x080646f0      0x4  startup_stm32f40_41xxx.o [1]
  .text               ro code  0x080646f4      0x4  startup_stm32f40_41xxx.o [1]
  .text               ro code  0x080646f8      0x4  startup_stm32f40_41xxx.o [1]
  .text               ro code  0x080646fc      0x4  startup_stm32f40_41xxx.o [1]
  .text               ro code  0x08064700      0x4  startup_stm32f40_41xxx.o [1]
  .text               ro code  0x08064704      0x4  startup_stm32f40_41xxx.o [1]
  .text               ro code  0x08064708      0x4  startup_stm32f40_41xxx.o [1]
  .text               ro code  0x0806470c      0x4  startup_stm32f40_41xxx.o [1]
  .text               ro code  0x08064710      0x4  startup_stm32f40_41xxx.o [1]
  .text               ro code  0x08064714      0x4  startup_stm32f40_41xxx.o [1]
  .text               ro code  0x08064718      0x4  startup_stm32f40_41xxx.o [1]
  .text               ro code  0x0806471c      0x4  startup_stm32f40_41xxx.o [1]
  .text               ro code  0x08064720      0x4  startup_stm32f40_41xxx.o [1]
  .text               ro code  0x08064724      0x4  startup_stm32f40_41xxx.o [1]
  .text               ro code  0x08064728      0x4  startup_stm32f40_41xxx.o [1]
  .text               ro code  0x0806472c      0x4  startup_stm32f40_41xxx.o [1]
  .rodata             const    0x08064730      0x0  zero_init3.o [5]
  .rodata             const    0x08064730      0x0  packbits_init.o [5]
  Initializer bytes   const    0x08064730    0x17f  <for P2 s0>
                             - 0x080648af  0x44727

"P3":                                       0x6000
  .ccm                zero     0x10000000   0x5800  heap_2.o [1]
  CSTACK                       0x10005800    0x800  <Block>
    CSTACK            uninit   0x10005800    0x800  <Block tail>
                             - 0x10006000   0x6000

"P2":                                      0x1eabc
  P2 s0                        0x20000000   0x1aa9  <Init block>
    .data             inited   0x20000000   0x1034  TEcgProcessor.o [1]
    .data             inited   0x20001034    0x668  TAppProcessor.o [1]
    .data             inited   0x2000169c     0xf8  TAppProcessor.o [1]
    .data             inited   0x20001794     0xb0  TGuiObjectsV2.o [1]
    .data             inited   0x20001844     0x6c  TAppProcessor.o [1]
    .data             inited   0x200018b0     0x6c  tasks.o [1]
    .data             inited   0x2000191c     0x54  TNandWrite.o [1]
    .data             inited   0x20001970     0x44  TPoolingNand.o [1]
    .data             inited   0x200019b4     0x18  heap_2.o [1]
    .data             inited   0x200019cc     0x18  TGuiObjectsV2.o [1]
    .data             inited   0x200019e4     0x14  system_stm32f4xx.o [1]
    .data             inited   0x200019f8     0x14  TNandWrite.o [1]
    .data             inited   0x20001a0c     0x10  stm32f4xx_rcc.o [1]
    .data             inited   0x20001a1c     0x10  TFrame.o [1]
    .data             inited   0x20001a2c     0x10  TLMX9838.o [1]
    .data             inited   0x20001a3c     0x10  TNandWrite.o [1]
    .data             inited   0x20001a4c      0xc  TDSP.o [1]
    .data             inited   0x20001a58      0xc  TInterpreter.o [1]
    .data             inited   0x20001a64      0xc  TSound.o [1]
    .data             inited   0x20001a70      0x8  TFont.o [1]
    .data             inited   0x20001a78      0x8  TLMX9838.o [1]
    .data             inited   0x20001a80      0x8  XShttio.o [3]
    .data             inited   0x20001a88      0x4  port.o [1]
    .data             inited   0x20001a8c      0x4  sd_spi.o [1]
    .data             inited   0x20001a90      0x4  TRtc.o [1]
    .data             inited   0x20001a94      0x4  TRtc.o [1]
    .data             inited   0x20001a98      0x4  TRtc.o [1]
    __DLIB_PERTHREAD  inited   0x20001a9c      0x4  errno.o [3]
    .data             inited   0x20001aa0      0x3  TFrame.o [1]
    .data             inited   0x20001aa3      0x2  main.o [1]
    .data             inited   0x20001aa5      0x1  TAppProcessor.o [1]
    .data             inited   0x20001aa6      0x1  TEcgProcessor.o [1]
    .data             inited   0x20001aa7      0x1  TLMX9838.o [1]
    .data             inited   0x20001aa8      0x1  TSDProcessor.o [1]
  .bss                zero     0x20001aac  0x10000  TFlash.o [1]
  .bss                zero     0x20011aac   0x4000  TNandWrite.o [1]
  .bss                zero     0x20015aac   0x3000  TPoolingNand.o [1]
  .bss                zero     0x20018aac   0x1800  TPoolingNand.o [1]
  .bss                zero     0x2001a2ac    0x80c  TDSP.o [1]
  .bss                zero     0x2001aab8    0x80c  TDSP.o [1]
  .bss                zero     0x2001b2c4    0x80c  TDSP.o [1]
  .bss                zero     0x2001bad0    0x800  TAudio.o [1]
  .bss                zero     0x2001c2d0    0x800  TAudio.o [1]
  .bss                zero     0x2001cad0    0x800  TSDProcessor.o [1]
  .bss                zero     0x2001d2d0    0x800  TSDProcessor.o [1]
  .bss                zero     0x2001dad0    0x230  TSDProcessor.o [1]
  .bss                zero     0x2001dd00    0x1e0  TFrame.o [1]
  .bss                zero     0x2001dee0    0x180  TDSP.o [1]
  .bss                zero     0x2001e060    0x100  TDSP.o [1]
  .bss                zero     0x2001e160    0x100  TFrame.o [1]
  .bss                zero     0x2001e260    0x100  TFrame.o [1]
  .bss                zero     0x2001e360    0x100  TInterpreter.o [1]
  .bss                zero     0x2001e460    0x100  TInterpreter.o [1]
  .bss                zero     0x2001e560     0xd4  TLcdTrace.o [1]
  .bss                zero     0x2001e634     0xd4  TLcdTrace.o [1]
  .bss                zero     0x2001e708     0x80  tasks.o [1]
  .bss                zero     0x2001e788     0x80  TDSP.o [1]
  .bss                zero     0x2001e808     0x54  TDevice.o [1]
  .bss                zero     0x2001e860     0x50  TDSP.o [1]
  .bss                zero     0x2001e8b0     0x34  THardware.o [1]
  .bss                zero     0x2001e8e4     0x30  TDSP.o [1]
  .bss                zero     0x2001e914     0x2c  TEcgProcessor.o [1]
  .bss                zero     0x2001e940     0x2c  TRespProcessor.o [1]
  .bss                zero     0x2001e96c     0x20  TADS1298.o [1]
  .bss                zero     0x2001e98c     0x20  TLcdTrace.o [1]
  .bss                zero     0x2001e9ac     0x20  TLcdTrace.o [1]
  .bss                zero     0x2001e9cc     0x18  ff.o [1]
  .bss                zero     0x2001e9e4     0x18  TSDProcessor.o [1]
  .bss                zero     0x2001e9fc     0x10  TAppProcessor.o [1]
  .bss                zero     0x2001ea0c     0x10  TEcgProcessor.o [1]
  .bss                zero     0x2001ea1c     0x10  TLcdTrace.o [1]
  .bss                zero     0x2001ea2c     0x10  TPoolingNand.o [1]
  .bss                zero     0x2001ea3c     0x10  Utilities.o [1]
  .bss                zero     0x2001ea4c      0xc  TFrame.o [1]
  .bss                zero     0x2001ea58      0xc  TInterpreter.o [1]
  .bss                zero     0x2001ea64      0xc  TRespProcessor.o [1]
  .bss                zero     0x2001ea70      0x8  ff.o [1]
  .bss                zero     0x2001ea78      0x8  TAppProcessor.o [1]
  .bss                zero     0x2001ea80      0x8  TFrame.o [1]
  .bss                zero     0x2001ea88      0x8  TInterpreter.o [1]
  .bss                zero     0x2001ea90      0x4  TEcgProcessor.o [1]
  .bss                zero     0x2001ea94      0x4  TFrame.o [1]
  .bss                zero     0x2001ea98      0x4  TLcd.o [1]
  .bss                zero     0x2001ea9c      0x4  TRtc.o [1]
  .bss                zero     0x2001eaa0      0x4  TRtc.o [1]
  .bss                zero     0x2001eaa4      0x4  TRtc.o [1]
  .bss                zero     0x2001eaa8      0x2  sd_spi.o [1]
  .bss                zero     0x2001eaaa      0x2  TLMX9838.o [1]
  .bss                zero     0x2001eaac      0x1  main.o [1]
  .bss                zero     0x2001eaad      0x1  TAppProcessor.o [1]
  .bss                zero     0x2001eaae      0x1  TAppProcessor.o [1]
  .bss                zero     0x2001eaaf      0x1  TAudio.o [1]
  .bss                zero     0x2001eab0      0x1  TFrame.o [1]
  .bss                zero     0x2001eab1      0x1  THardware.o [1]
  .bss                zero     0x2001eab2      0x1  TInterpreter.o [1]
  .bss                zero     0x2001eab3      0x1  TInterpreter.o [1]
  .bss                zero     0x2001eab4      0x1  TLcd.o [1]
  .bss                zero     0x2001eab5      0x1  TLMX9838.o [1]
  .bss                zero     0x2001eab6      0x1  TSDProcessor.o [1]
  .bss                zero     0x2001eab7      0x1  TSDProcessor.o [1]
  .bss                zero     0x2001eab8      0x1  TSDProcessor.o [1]
  .bss                zero     0x2001eab9      0x1  TSpiSram.o [1]
                             - 0x2001eaba  0x1eaba


*******************************************************************************
*** INIT TABLE
***

          Address     Size
          -------     ----
Zero (__iar_zero_init3)
    2 destination ranges, total size 0x2280e:
          0x10000000   0x5800
          0x20001aac  0x1d00e

Copy/packbits (__iar_packbits_init3)
    1 source range, total size 0x17f (5% of destination):
          0x08064730    0x17f
    1 destination range, total size 0x1aa9:
          0x20000000   0x1aa9



*******************************************************************************
*** MODULE SUMMARY
***

    Module                    ro code  ro data  rw data
    ------                    -------  -------  -------
D:\WORK\Firmware_LastRelease\_7.0.95\MainMCU\KP02_DEVICE_2\Obj: [1]
    StnFont.o                   2 828
    TADS1292.o                     68
    TADS1298.o                    640                32
    TAppProcessor.o            48 296      112    2 023
    TAudio.o                      480             4 097
    TDSP.o                      1 688        1    7 088
    TDevice.o                     536                84
    TEcgProcessor.o               334      232    4 213
    TFlash.o                      300            65 536
    TFont.o                     5 416    7 933        8
    TFrame.o                    1 476             1 036
    TGuiObjectsV2.o            18 420  148 063      200
    THardware.o                   340                53
    TInterpreter.o              2 204        1      546
    TLMX9838.o                  1 590        1       28
    TLcd.o                      1 956                 5
    TLcdTrace.o                   516               504
    TNandWrite.o                1 016        7   16 504
    TPoolingNand.o                964        4   18 516
    TRespProcessor.o              112                56
    TRtc.o                        720        1       24
    TSDProcessor.o              1 048        1    4 684
    TSound.o                      456                12
    TSpiSram.o                    912                 1
    Utilities.o                   588                16
    ff.o                        4 844                32
    heap_2.o                      240        1   22 552
    list.o                        148
    main.o                        740                 3
    misc.o                        436
    mmc.o                          40
    port.o                        192                 4
    portasm.o                     160
    sd_spi.o                    2 348                 6
    startup_stm32f40_41xxx.o      772
    stm32_it.o                    640
    stm32f4xx_adc.o             1 356
    stm32f4xx_dbgmcu.o            176
    stm32f4xx_dma.o             2 628
    stm32f4xx_exti.o              496
    stm32f4xx_flash.o             732
    stm32f4xx_gpio.o            1 264
    stm32f4xx_pwr.o               268
    stm32f4xx_rcc.o             1 456        1       16
    stm32f4xx_rtc.o               652
    stm32f4xx_spi.o             1 144
    stm32f4xx_syscfg.o            280
    stm32f4xx_tim.o             3 324
    stm32f4xx_usart.o           1 704
    system_stm32f4xx.o            392        2       20
    tasks.o                     1 464        6      236
    ---------------------------------------------------
    Total:                    120 800  156 366  148 135

command line: [2]
    ---------------------------------------------------
    Total:

dl7M_tln.a: [3]
    XShttio.o                       8        1        8
    abort.o                         6
    errno.o                        12                 4
    exit.o                          4
    labs.o                          8
    low_level_init.o                4
    strcat.o                       28
    xtls.o                          2
    ---------------------------------------------------
    Total:                         72        1       12

m7M_tls.a: [4]
    DblAdd.o                      232
    DblCmpGe.o                     46
    DblCmpLe.o                     46
    DblDiv.o                      598
    DblMul.o                      418
    DblSub.o                      384
    DblToFlt.o                    144
    DblToI32.o                     76
    FltToDbl.o                     78
    I32ToDbl.o                     48
    fpinit_M.o                     34
    sqrtf.o                        28
    ---------------------------------------------------
    Total:                      2 132

rt7M_tl.a: [5]
    ABImemcpy_unaligned.o         118
    ABImemset.o                   102
    ABImemset48.o                  58
    I64DivMod.o                   306
    I64DivZer.o                     2
    cexit.o                        10
    cmain.o                        26
    cstartup_M.o                   12
    data_init.o                    40
    iarEdom.o                      12
    packbits_init.o               208
    strcmp_unaligned.o             66
    strcpy_unaligned.o             68
    strlen.o                       54
    strncpy_unaligned.o           108
    zero_init3.o                   34
    ---------------------------------------------------
    Total:                      1 224

shb_l.a: [6]
    exit.o                         20
    iarttio.o                      48
    ---------------------------------------------------
    Total:                         68

    Gaps                           34        2        7
    Linker created                          52    2 048
-------------------------------------------------------
    Grand Total:              124 330  156 421  150 202


*******************************************************************************
*** ENTRY LIST
***

Entry                      Address     Size  Type      Object
-----                      -------     ----  ----      ------
.iar.init_table$$Base   0x08064544            --   Gb  - Linker created -
.iar.init_table$$Limit  0x08064578            --   Gb  - Linker created -
?main                   0x08064579           Code  Gb  cmain.o [5]
ADC_Cmd                 0x0805e1f3     0x54  Code  Gb  stm32f4xx_adc.o [1]
ADC_CommonInit          0x0805e0d9    0x11a  Code  Gb  stm32f4xx_adc.o [1]
ADC_DMACmd              0x0805e395     0x4e  Code  Gb  stm32f4xx_adc.o [1]
ADC_DMARequestAfterLastTransferCmd
                        0x0805e3e3     0x4e  Code  Gb  stm32f4xx_adc.o [1]
ADC_Init                0x0805df6d    0x16c  Code  Gb  stm32f4xx_adc.o [1]
ADC_RegularChannelConfig
                        0x0805e247    0x14e  Code  Gb  stm32f4xx_adc.o [1]
AHBPrescTable           0x200019e4     0x10  Data  Gb  system_stm32f4xx.o [1]
APBAHBPrescTable        0x20001a0c     0x10  Data  Lc  stm32f4xx_rcc.o [1]
AU_PMD_IRQHandler(int)  0x08064297     0x32  Code  Gb  stm32_it.o [1]
BusFault_Handler        0x08064201      0x8  Code  Gb  stm32_it.o [1]
CSTACK$$Base            0x10005800            --   Gb  - Linker created -
CSTACK$$Limit           0x10006000            --   Gb  - Linker created -
CS_HIGH                 0x08060ae1     0x20  Code  Gb  sd_spi.o [1]
CS_LOW                  0x08060ac1     0x20  Code  Gb  sd_spi.o [1]
CardType                0x20001a8f      0x1  Data  Gb  sd_spi.o [1]
Crc8Table               0x08053054    0x100  Data  Lc  TNandWrite.o [1]
DBGMCU_Config           0x08061669     0x40  Code  Gb  stm32f4xx_dbgmcu.o [1]
DMA2_Stream0_IRQHandler
                        0x080642c9     0x44  Code  Gb  stm32_it.o [1]
DMA_ClearITPendingBit   0x0805dd5d     0xb4  Code  Gb  stm32f4xx_dma.o [1]
DMA_Cmd                 0x0805d963     0xbc  Code  Gb  stm32f4xx_dma.o [1]
DMA_DeInit              0x0805d529    0x1de  Code  Gb  stm32f4xx_dma.o [1]
DMA_GetITStatus         0x0805db91    0x1cc  Code  Gb  stm32f4xx_dma.o [1]
DMA_ITConfig            0x0805da79     0xd4  Code  Gb  stm32f4xx_dma.o [1]
DMA_Init                0x0805d707    0x25c  Code  Gb  stm32f4xx_dma.o [1]
DTstamp                 0x2001ea08      0x4  Data  Gb  TAppProcessor.o [1]
DebugMon_Handler        0x08064215      0x2  Code  Gb  stm32_it.o [1]
ECGMCUFW_bin            0x08046084   0xa000  Data  Lc  TAppProcessor.o [1]
ECGMCUFW_size           0x08046080      0x4  Data  Lc  TAppProcessor.o [1]
EXTI0_IRQHandler        0x08064337     0x18  Code  Gb  stm32_it.o [1]
EXTI1_IRQHandler        0x0806434f     0x18  Code  Gb  stm32_it.o [1]
EXTI2_IRQHandler        0x08064257     0x40  Code  Gb  stm32_it.o [1]
EXTI9_5_IRQHandler      0x08064239     0x1e  Code  Gb  stm32_it.o [1]
EXTI_ClearITPendingBit  0x080607ed     0x20  Code  Gb  stm32f4xx_exti.o [1]
EXTI_GetITStatus        0x08060753     0x9a  Code  Gb  stm32f4xx_exti.o [1]
EXTI_Init               0x08060691     0xc2  Code  Gb  stm32f4xx_exti.o [1]
EnterStopMode           0x2001eaac      0x1  Data  Gb  main.o [1]
FATFS_Obj               0x20001444    0x230  Data  Gb  TAppProcessor.o [1]
FCLK_FAST               0x080609eb     0x44  Code  Gb  sd_spi.o [1]
FLASH_EraseSector       0x080506d1     0xfa  Code  Gb  stm32f4xx_flash.o [1]
FLASH_GetStatus         0x0805082d     0x38  Code  Gb  stm32f4xx_flash.o [1]
FLASH_PrefetchBufferCmd
                        0x08050689     0x30  Code  Gb  stm32f4xx_flash.o [1]
FLASH_ProgramHalfWord   0x080507cb     0x62  Code  Gb  stm32f4xx_flash.o [1]
FLASH_SetLatency        0x08050635     0x54  Code  Gb  stm32f4xx_flash.o [1]
FLASH_Unlock            0x080506b9     0x18  Code  Gb  stm32f4xx_flash.o [1]
FLASH_WaitForLastOperation
                        0x08050881     0x28  Code  Gb  stm32f4xx_flash.o [1]
FatFs                   0x2001ea74      0x4  Data  Lc  ff.o [1]
Files                   0x2001e9cc     0x18  Data  Lc  ff.o [1]
Font1                   0x0805ad80    0xb00  Data  Lc  StnFont.o [1]
Fsid                    0x2001ea70      0x2  Data  Lc  ff.o [1]
GPIO_Init               0x080526a5    0x160  Code  Gb  stm32f4xx_gpio.o [1]
GPIO_PinAFConfig        0x080529d9    0x126  Code  Gb  stm32f4xx_gpio.o [1]
GPIO_ReadInputDataBit   0x08052805     0xd6  Code  Gb  stm32f4xx_gpio.o [1]
GPIO_ResetBits          0x08052945     0x6a  Code  Gb  stm32f4xx_gpio.o [1]
GPIO_SetBits            0x080528db     0x6a  Code  Gb  stm32f4xx_gpio.o [1]
GetTableCharFont1(char)
                        0x0805ad75      0xc  Code  Gb  StnFont.o [1]
HFH_Event               0x2001ea54      0x4  Data  Gb  TFrame.o [1]
HFH_ev                  0x20001880      0x4  Data  Gb  TAppProcessor.o [1]
HardFault_Handler       0x080641ef      0xa  Code  Gb  stm32_it.o [1]
InStream_Read           0x080643d5     0x22  Code  Lc  packbits_init.o [5]
MCO_Config()            0x0805a483     0x48  Code  Lc  main.o [1]
MemManage_Handler       0x080641f9      0x8  Code  Gb  stm32_it.o [1]
NMI_Handler             0x080641ed      0x2  Code  Gb  stm32_it.o [1]
NVIC_Init               0x08050947     0x90  Code  Gb  misc.o [1]
NVIC_PriorityGroupConfig
                        0x08050911     0x36  Code  Gb  misc.o [1]
NVIC_SetVectorTable     0x080509d7     0x38  Code  Gb  misc.o [1]
NVIC_SystemReset()      0x08064155     0x18  Code  Lc  stm32_it.o [1]
NVIC_SystemReset()      0x08051839     0x18  Code  Lc  TDevice.o [1]
PWR_BackupAccessCmd     0x08059eed     0x1a  Code  Gb  stm32f4xx_pwr.o [1]
PWR_EnterSTANDBYMode    0x08059f5f     0x20  Code  Gb  stm32f4xx_pwr.o [1]
PWR_EnterSTOPMode       0x08059f07     0x58  Code  Gb  stm32f4xx_pwr.o [1]
PatCardFile             0x20001674     0x28  Data  Gb  TAppProcessor.o [1]
PendSV_Handler          0x08064217      0x4  Code  Gb  stm32_it.o [1]
RCC_AHB1PeriphClockCmd  0x08050377     0x50  Code  Gb  stm32f4xx_rcc.o [1]
RCC_APB1PeriphClockCmd  0x080503c7     0x50  Code  Gb  stm32f4xx_rcc.o [1]
RCC_APB1PeriphResetCmd  0x08050467     0x48  Code  Gb  stm32f4xx_rcc.o [1]
RCC_APB2PeriphClockCmd  0x08050417     0x50  Code  Gb  stm32f4xx_rcc.o [1]
RCC_APB2PeriphResetCmd  0x080504af     0x48  Code  Gb  stm32f4xx_rcc.o [1]
RCC_ClearFlag           0x08050581      0xc  Code  Gb  stm32f4xx_rcc.o [1]
RCC_DeInit              0x08050085     0x42  Code  Gb  stm32f4xx_rcc.o [1]
RCC_GetClocksFreq       0x080502d3     0xa4  Code  Gb  stm32f4xx_rcc.o [1]
RCC_GetFlagStatus       0x08050515     0x6c  Code  Gb  stm32f4xx_rcc.o [1]
RCC_GetSYSCLKSource     0x0805020f      0xc  Code  Gb  stm32f4xx_rcc.o [1]
RCC_HCLKConfig          0x0805021b     0x42  Code  Gb  stm32f4xx_rcc.o [1]
RCC_MCO1Config          0x08050183     0x62  Code  Gb  stm32f4xx_rcc.o [1]
RCC_PCLK1Config         0x0805025d     0x3a  Code  Gb  stm32f4xx_rcc.o [1]
RCC_PCLK2Config         0x08050297     0x3c  Code  Gb  stm32f4xx_rcc.o [1]
RCC_PLLCmd              0x08050165     0x1e  Code  Gb  stm32f4xx_rcc.o [1]
RCC_PLLConfig           0x080500c7     0x9e  Code  Gb  stm32f4xx_rcc.o [1]
RCC_SYSCLKConfig        0x080501e5     0x2a  Code  Gb  stm32f4xx_rcc.o [1]
RTC_Bcd2ToByte(unsigned char)
                        0x08051c61     0x12  Code  Lc  stm32f4xx_rtc.o [1]
RTC_GetDate             0x08051ab1     0x5e  Code  Gb  stm32f4xx_rtc.o [1]
RTC_GetTime             0x08051a51     0x60  Code  Gb  stm32f4xx_rtc.o [1]
RTC_ReadBackupRegister  0x08051bd9     0x78  Code  Gb  stm32f4xx_rtc.o [1]
RTC_TamperCmd           0x08051b19     0x40  Code  Gb  stm32f4xx_rtc.o [1]
RTC_WriteBackupRegister
                        0x08051b5d     0x7a  Code  Gb  stm32f4xx_rtc.o [1]
Region$$Table$$Base     0x08064544            --   Gb  - Linker created -
Region$$Table$$Limit    0x08064578            --   Gb  - Linker created -
SD_Init                 0x080608c5    0x126  Code  Gb  sd_spi.o [1]
SD_LowLevel_Deinit      0x0806104b     0x62  Code  Gb  sd_spi.o [1]
SD_LowLevel_Init        0x080610ad    0x126  Code  Gb  sd_spi.o [1]
SD_Off_Sound            0x20001435      0x1  Data  Gb  TAppProcessor.o [1]
SD_On_Sound             0x20001434      0x1  Data  Gb  TAppProcessor.o [1]
SD_ReadMultiBlocks      0x08060c5f     0x86  Code  Gb  sd_spi.o [1]
SD_Timer_Deinit         0x0806102d     0x1e  Code  Gb  sd_spi.o [1]
SD_Timer_Init           0x08060fcb     0x62  Code  Gb  sd_spi.o [1]
SD_WriteMultiBlocks     0x08060ce5     0xa4  Code  Gb  sd_spi.o [1]
SPI_Cmd                 0x08061445     0x6e  Code  Gb  stm32f4xx_spi.o [1]
SPI_I2S_DeInit          0x080611f1     0xfc  Code  Gb  stm32f4xx_spi.o [1]
SPI_I2S_GetFlagStatus   0x0806155d     0x84  Code  Gb  stm32f4xx_spi.o [1]
SPI_I2S_ReceiveData     0x080614b3     0x48  Code  Gb  stm32f4xx_spi.o [1]
SPI_I2S_SendData        0x080614fb     0x4a  Code  Gb  stm32f4xx_spi.o [1]
SPI_Init                0x080612ed    0x158  Code  Gb  stm32f4xx_spi.o [1]
SVC_Handler             0x08064211      0x4  Code  Gb  stm32_it.o [1]
SYSCFG_EXTILineConfig   0x08060579     0xa8  Code  Gb  stm32f4xx_syscfg.o [1]
SetClock()              0x0805a3dd     0xa6  Code  Gb  main.o [1]
SetClockTo40MHz()       0x0806416d     0x64  Code  Gb  stm32_it.o [1]
SetSysClock()           0x0805fad1     0xa0  Code  Lc  system_stm32f4xx.o [1]
Stat                    0x20001a8c      0x1  Data  Gb  sd_spi.o [1]
StopMode                0x20001aa3      0x1  Data  Gb  main.o [1]
StopModePeriod          0x20001aa4      0x1  Data  Gb  main.o [1]
SysFont                 0x20001a74      0x4  Data  Gb  TFont.o [1]
SysPal                  0x2001ea98      0x4  Data  Gb  TLcd.o [1]
SysReset()              0x080641d1     0x1c  Code  Gb  stm32_it.o [1]
SysTick_CLKSourceConfig
                        0x08050a0f     0x30  Code  Gb  misc.o [1]
SysTick_Handler         0x0806421b      0x4  Code  Gb  stm32_it.o [1]
SystemCoreClock         0x200019f4      0x4  Data  Gb  system_stm32f4xx.o [1]
SystemCoreClockUpdate   0x0805fa57     0x7a  Code  Gb  system_stm32f4xx.o [1]
SystemInit              0x0805fa19     0x3e  Code  Gb  system_stm32f4xx.o [1]
TADS1292::ADS1292PHYInit()
                        0x0805c387      0x2  Code  Gb  TADS1292.o [1]
TADS1292::ADS1292_Init()
                        0x0805c347     0x40  Code  Gb  TADS1292.o [1]
TADS1292::SPI_Reset(bool)
                        0x0805c345      0x2  Code  Gb  TADS1292.o [1]
TADS1298::ADS1298PHYInit()
                        0x080583e7     0x92  Code  Gb  TADS1298.o [1]
TADS1298::ADS1298_Init()
                        0x08058399     0x4e  Code  Gb  TADS1298.o [1]
TADS1298::GetConvertResult()
                        0x08058235    0x164  Code  Gb  TADS1298.o [1]
TAppProcessor::AX_CoordWr
                        0x2001ea78      0x4  Data  Gb  TAppProcessor.o [1]
TAppProcessor::AnalogVoltageValue
                        0x2001ea7e      0x2  Data  Gb  TAppProcessor.o [1]
TAppProcessor::App_ParceEvents(unsigned char, unsigned char, unsigned char *)
                        0x08044451     0x8c  Code  Gb  TAppProcessor.o [1]
TAppProcessor::AudioRec
                        0x20001437      0x1  Data  Gb  TAppProcessor.o [1]
TAppProcessor::BatVoltageLevel
                        0x2001eaae      0x1  Data  Gb  TAppProcessor.o [1]
TAppProcessor::BatVoltageValue
                        0x2000187c      0x2  Data  Gb  TAppProcessor.o [1]
TAppProcessor::CableCheck()
                        0x08045d51     0x56  Code  Gb  TAppProcessor.o [1]
TAppProcessor::ChangeCableIcon(int)
                        0x08045e21     0x70  Code  Gb  TAppProcessor.o [1]
TAppProcessor::DeviceDateTime
                        0x20001844      0x8  Data  Gb  TAppProcessor.o [1]
TAppProcessor::ECGRecordingStarted
                        0x2000184c      0x1  Data  Gb  TAppProcessor.o [1]
TAppProcessor::ErrorInRecordMode
                        0x20001aa5      0x1  Data  Gb  TAppProcessor.o [1]
TAppProcessor::ExitFromRecordMode
                        0x2000143b      0x1  Data  Gb  TAppProcessor.o [1]
TAppProcessor::LiVoltageValue
                        0x2001ea7c      0x2  Data  Gb  TAppProcessor.o [1]
TAppProcessor::PatientCard
                        0x2000169c     0xf8  Data  Gb  TAppProcessor.o [1]
TAppProcessor::RCC_Configuration_Main()
                        0x080443dd     0x74  Code  Gb  TAppProcessor.o [1]
TAppProcessor::ReadBlockIntoBuffer(unsigned char *, unsigned char)
                        0x08044a59     0x2c  Code  Gb  TAppProcessor.o [1]
TAppProcessor::RecordInProgress
                        0x2000143a      0x1  Data  Gb  TAppProcessor.o [1]
TAppProcessor::Setup    0x2001ea00      0x4  Data  Gb  TAppProcessor.o [1]
TAppProcessor::StartECGRecording
                        0x2001e9fd      0x1  Data  Gb  TAppProcessor.o [1]
TAppProcessor::StartNow
                        0x2001e9fc      0x1  Data  Gb  TAppProcessor.o [1]
TAppProcessor::StartRecording
                        0x20001436      0x1  Data  Gb  TAppProcessor.o [1]
TAppProcessor::SysVoltageValue
                        0x2000187e      0x2  Data  Gb  TAppProcessor.o [1]
TAppProcessor::TASK_Loading(void *)
                        0x08045369    0x8de  Code  Gb  TAppProcessor.o [1]
TAppProcessor::TASK_StartUp(void *)
                        0x08044add    0x5be  Code  Gb  TAppProcessor.o [1]
TAppProcessor::UFrameReqDeviceMap
                        0x2001ea04      0x4  Data  Gb  TAppProcessor.o [1]
TAppProcessor::UnifiedFrameRcvHandler()
                        0x08044509    0x550  Code  Gb  TAppProcessor.o [1]
TAppProcessor::UploadBlockIntoBuffer(unsigned char *, unsigned char, unsigned char)
                        0x08044a85     0x24  Code  Gb  TAppProcessor.o [1]
TAppProcessor::audio_rec_start
                        0x20001439      0x1  Data  Gb  TAppProcessor.o [1]
TAppProcessor::cable_state
                        0x20001884      0x4  Data  Gb  TAppProcessor.o [1]
TAppProcessor::ecg_format
                        0x20001438      0x1  Data  Gb  TAppProcessor.o [1]
TAppProcessor::ufSerialNumber
                        0x20001850     0x2c  Data  Gb  TAppProcessor.o [1]
TAudio::ADC1_raw_data   0x2001bad0    0x800  Data  Gb  TAudio.o [1]
TAudio::AUDIO_PHYInit()
                        0x08053519    0x1e0  Code  Gb  TAudio.o [1]
TAudio::Audio_raw_data  0x2001c2d0    0x800  Data  Gb  TAudio.o [1]
TAudio::VoiceRec        0x2001eaaf      0x1  Data  Gb  TAudio.o [1]
TDSP::Butterworth_Ecg_HF(int, unsigned char)
                        0x08060145     0xbe  Code  Gb  TDSP.o [1]
TDSP::FFHigh_MA0(int, int *, bool)
                        0x08060331     0x8a  Code  Gb  TDSP.o [1]
TDSP::FFHigh_MA1(int, int *, bool)
                        0x080603bb     0x8a  Code  Gb  TDSP.o [1]
TDSP::FFHigh_MA2(int, int *, bool)
                        0x08060445     0x8a  Code  Gb  TDSP.o [1]
TDSP::FF_Butterworth_HF(int, unsigned char)
                        0x080600bd     0x64  Code  Gb  TDSP.o [1]
TDSP::FF_LP_12(int)     0x0805fee1     0xd8  Code  Gb  TDSP.o [1]
TDSP::FHigh_0_32_Fixed(int, unsigned char, bool, unsigned char)
                        0x08060215     0xaa  Code  Gb  TDSP.o [1]
TDSP::FHigh_0_32_Fixed_Resp(int, bool)
                        0x080602cd     0x5e  Code  Gb  TDSP.o [1]
TDSP::MA_HP_Arr0        0x2001a2ac    0x800  Data  Gb  TDSP.o [1]
TDSP::MA_HP_Arr1        0x2001aab8    0x800  Data  Gb  TDSP.o [1]
TDSP::MA_HP_Arr2        0x2001b2c4    0x800  Data  Gb  TDSP.o [1]
TDSP::RFF_LP_12(int)    0x0805ffb9    0x104  Code  Gb  TDSP.o [1]
TDevice::BattMeterDisable()
                        0x08051935     0x10  Code  Gb  TDevice.o [1]
TDevice::BattMeterEnable()
                        0x08051925     0x10  Code  Gb  TDevice.o [1]
TDevice::BluetoothDisable()
                        0x08051981     0x12  Code  Gb  TDevice.o [1]
TDevice::BluetoothEnable()
                        0x0805196d     0x12  Code  Gb  TDevice.o [1]
TDevice::DEVICE         0x2001e858      0x4  Data  Gb  TDevice.o [1]
TDevice::DEVICE_Obj     0x2001e808     0x50  Data  Gb  TDevice.o [1]
TDevice::DebugToolsDisable()
                        0x080519f5     0x12  Code  Gb  TDevice.o [1]
TDevice::DebugToolsEnable()
                        0x080519e1     0x12  Code  Gb  TDevice.o [1]
TDevice::EcgDisable()   0x080519b5     0x12  Code  Gb  TDevice.o [1]
TDevice::EcgEnable()    0x08051995     0x1e  Code  Gb  TDevice.o [1]
TDevice::KeyboardDisable()
                        0x08051959     0x12  Code  Gb  TDevice.o [1]
TDevice::KeyboardEnable()
                        0x08051945     0x12  Code  Gb  TDevice.o [1]
TDevice::LcdDisable()   0x0805190d     0x16  Code  Gb  TDevice.o [1]
TDevice::LcdEnable()    0x080518ed     0x20  Code  Gb  TDevice.o [1]
TDevice::SDDisable()    0x080519d5      0xc  Code  Gb  TDevice.o [1]
TDevice::SDEnable()     0x080519c9      0xc  Code  Gb  TDevice.o [1]
TDevice::SystemLowLevelInit()
                        0x08051851     0x9c  Code  Gb  TDevice.o [1]
TDevice::SystemReset()  0x08051a07     0x1c  Code  Gb  TDevice.o [1]
TEcgProcessor::BuffEcgData
                        0x20000034   0x1000  Data  Gb  TEcgProcessor.o [1]
TEcgProcessor::ChannelsProcessing()
                        0x0805c6b5     0x4a  Code  Gb  TEcgProcessor.o [1]
TEcgProcessor::EcgData  0x2001e914     0x2c  Data  Gb  TEcgProcessor.o [1]
TEcgProcessor::HR_Led_Enable
                        0x20001aa6      0x1  Data  Gb  TEcgProcessor.o [1]
TEcgProcessor::Hartbeat
                        0x2001ea0c     0x10  Data  Gb  TEcgProcessor.o [1]
TEcgProcessor::StartWritingZeroAdduction
                        0x20000030      0x4  Data  Gb  TEcgProcessor.o [1]
TEcgProcessor::TASK_WrProcessing(void *)
                        0x0805c66d     0x48  Code  Gb  TEcgProcessor.o [1]
TEcgProcessor::TimerDeinit()
                        0x0805c7b3      0x8  Code  Gb  TEcgProcessor.o [1]
TEcgProcessor::TimerInit()
                        0x0805c76d     0x46  Code  Gb  TEcgProcessor.o [1]
TEcgProcessor::WrChannelsProcessing()
                        0x0805c6ff     0x5c  Code  Gb  TEcgProcessor.o [1]
TEcgProcessor::WrEcgData
                        0x20000000     0x2c  Data  Gb  TEcgProcessor.o [1]
TEcgProcessor::ram_addr
                        0x2000002c      0x4  Data  Gb  TEcgProcessor.o [1]
TEcgProcessor::xhECGWrProcessing
                        0x2001ea90      0x4  Data  Gb  TEcgProcessor.o [1]
TFlash::SF_CommitPage()
                        0x08051d65     0x36  Code  Gb  TFlash.o [1]
TFlash::SF_GetData8(unsigned int)
                        0x08051de9      0x4  Code  Gb  TFlash.o [1]
TFlash::SF_GetDataPtr(unsigned int)
                        0x080581ed      0x2  Code  Gb  TLMX9838.o [1]
TFlash::SF_Init()       0x08051cdd     0x18  Code  Gb  TFlash.o [1]
TFlash::SF_PageCache    0x20001aac  0x10000  Data  Gb  TFlash.o [1]
TFlash::SF_SetDefaults()
                        0x08051cf5     0x5a  Code  Gb  TFlash.o [1]
TFlash::SF_StoreData16(unsigned int, unsigned short)
                        0x08051dc1     0x10  Code  Gb  TFlash.o [1]
TFlash::SF_StoreData8(unsigned int, unsigned char)
                        0x08051db7      0xa  Code  Gb  TFlash.o [1]
TFlash::SF_StoreDataArray(unsigned int, unsigned char *, int)
                        0x08051d9b     0x1c  Code  Gb  TFlash.o [1]
TFlash::SF_UpdatePage()
                        0x08051d4f     0x16  Code  Gb  TFlash.o [1]
TFont::DrawText(unsigned short, unsigned short, char const *, unsigned short, unsigned char)
                        0x0805f8f1     0xc8  Code  Gb  TFont.o [1]
TFont::SetSysFont(TBitMap const *)
                        0x0805f9b9      0x6  Code  Gb  TFont.o [1]
TFont::StringCnt(char const *)
                        0x0805f9f5     0x24  Code  Gb  TFont.o [1]
TFont::StringLen(char const *)
                        0x0805f9bf     0x2e  Code  Gb  TFont.o [1]
TFrame::AddSampleToMonitoringDataBuffer(EcgData_t *)
                        0x08050f3d     0x9c  Code  Gb  TFrame.o [1]
TFrame::CommandRequest()
                        0x08050af1    0x120  Code  Gb  TFrame.o [1]
TFrame::ISR_USART_Rcv()
                        0x08050ac5     0x2c  Code  Gb  TFrame.o [1]
TFrame::LSTAT_Stored    0x2001ea4c      0x1  Data  Gb  TFrame.o [1]
TFrame::ParseLMXCommand(unsigned char *)
                        0x08050d39     0x12  Code  Gb  TFrame.o [1]
TFrame::ParseSysCommand(unsigned char *)
                        0x08050d4b     0x12  Code  Gb  TFrame.o [1]
TFrame::ResumeFromISR   0x2001ea80      0x1  Data  Gb  TFrame.o [1]
TFrame::SampleDataBuffer
                        0x2001dd00    0x1e0  Data  Gb  TFrame.o [1]
TFrame::SendDataFrameToHost(unsigned char)
                        0x08050d5d     0xd6  Code  Gb  TFrame.o [1]
TFrame::SendFrameToHost(unsigned char)
                        0x08050ee9     0x38  Code  Gb  TFrame.o [1]
TFrame::SendFrameToHost(unsigned char, unsigned char, unsigned char const *)
                        0x08050e33     0x6a  Code  Gb  TFrame.o [1]
TFrame::SendFrameToHost(unsigned char, unsigned char, unsigned char)
                        0x08050e9d     0x4c  Code  Gb  TFrame.o [1]
TFrame::SetState()      0x08050c11     0x78  Code  Gb  TFrame.o [1]
TFrame::StartMonitioring
                        0x2001eab0      0x1  Data  Gb  TFrame.o [1]
TFrame::StartUpBluetooth
                        0x2001ea4e      0x1  Data  Gb  TFrame.o [1]
TFrame::TASK_CheckISRFlag(void *)
                        0x08050f21     0x1c  Code  Gb  TFrame.o [1]
TFrame::TASK_CmdProcessor(void *)
                        0x08050c89     0xb0  Code  Gb  TFrame.o [1]
TFrame::TASK_SendDataToHost(void *)
                        0x08050fd9     0x46  Code  Gb  TFrame.o [1]
TFrame::TurnOffAfterLinkDisconnected
                        0x2001ea4d      0x1  Data  Gb  TFrame.o [1]
TFrame::UartBuffNotEmpty
                        0x20001a1c      0x1  Data  Gb  TFrame.o [1]
TFrame::UartBuffer      0x2001e160    0x100  Data  Gb  TFrame.o [1]
TFrame::UartBufferIndx  0x20001a28      0x4  Data  Gb  TFrame.o [1]
TFrame::gData           0x2001ea50      0x4  Data  Gb  TFrame.o [1]
TFrame::gDataLenght     0x20001a1d      0x1  Data  Gb  TFrame.o [1]
TFrame::inSmpDataIndx   0x20001aa0      0x1  Data  Gb  TFrame.o [1]
TFrame::outSmpDataIndx  0x20001aa1      0x1  Data  Gb  TFrame.o [1]
TFrame::xBuffer         0x2001e260    0x100  Data  Gb  TFrame.o [1]
TFrame::xhCmdProcessor  0x2001ea84      0x4  Data  Gb  TFrame.o [1]
TFrame::xhECGDataSend   0x2001ea94      0x4  Data  Gb  TFrame.o [1]
TGuiObjects::AddECGArrayToScreen(EcgData_t *)
                        0x08057b25    0x148  Code  Gb  TGuiObjectsV2.o [1]
TGuiObjects::ButtonModeStart
                        0x20001798      0x1  Data  Gb  TGuiObjectsV2.o [1]
TGuiObjects::DrawTime(unsigned short, unsigned short, unsigned short, unsigned char)
                        0x08056399     0x24  Code  Gb  TGuiObjectsV2.o [1]
TGuiObjects::ECG_Enstead_Time
                        0x20001795      0x1  Data  Gb  TGuiObjectsV2.o [1]
TGuiObjects::EcgOnScreen
                        0x20001796      0x1  Data  Gb  TGuiObjectsV2.o [1]
TGuiObjects::GO_TASK_GUIObj(void *)
                        0x08053a45   0x132c  Code  Gb  TGuiObjectsV2.o [1]
TGuiObjects::GO_TASK_ScrOff(void *)
                        0x08057ccd    0x1dc  Code  Gb  TGuiObjectsV2.o [1]
TGuiObjects::GUIDesktopShowCharge()
                        0x08056363      0xc  Code  Gb  TGuiObjectsV2.o [1]
TGuiObjects::GUIDesktopShowError()
                        0x08056357      0xc  Code  Gb  TGuiObjectsV2.o [1]
TGuiObjects::GUIDesktopShowFirmwareUpdate()
                        0x0805636f      0xc  Code  Gb  TGuiObjectsV2.o [1]
TGuiObjects::GUIDesktopShowNone()
                        0x0805633f      0xc  Code  Gb  TGuiObjectsV2.o [1]
TGuiObjects::GUIDesktopShowProgressBar()
                        0x08056333      0xc  Code  Gb  TGuiObjectsV2.o [1]
TGuiObjects::GUIDesktopShowTime()
                        0x0805637b     0x16  Code  Gb  TGuiObjectsV2.o [1]
TGuiObjects::GUIDesktopShowWait()
                        0x0805634b      0xc  Code  Gb  TGuiObjectsV2.o [1]
TGuiObjects::GUIMode    0x2000179c      0x4  Data  Gb  TGuiObjectsV2.o [1]
TGuiObjects::GUIObj_Init()
                        0x080536f9     0x4e  Code  Gb  TGuiObjectsV2.o [1]
TGuiObjects::GUIUpdateTempNBatt()
                        0x08053755      0x2  Code  Gb  TGuiObjectsV2.o [1]
TGuiObjects::GetDataForScreen(unsigned char)
                        0x08057c6d     0x60  Code  Gb  TGuiObjectsV2.o [1]
TGuiObjects::MenuSel    0x200019cc      0x4  Data  Gb  TGuiObjectsV2.o [1]
TGuiObjects::MessageBox(char const *, bool, char const *, char const *, unsigned int)
                        0x08053757    0x2d6  Code  Gb  TGuiObjectsV2.o [1]
TGuiObjects::SelectECGChannelToShow
                        0x200017a8      0x4  Data  Gb  TGuiObjectsV2.o [1]
TGuiObjects::ShowBattery()
                        0x08057925    0x12e  Code  Gb  TGuiObjectsV2.o [1]
TGuiObjects::ShowToolbar()
                        0x080577bd     0xee  Code  Gb  TGuiObjectsV2.o [1]
TGuiObjects::StandbyLedEnable
                        0x20001797      0x1  Data  Gb  TGuiObjectsV2.o [1]
TGuiObjects::Timeout    0x200017ac      0x4  Data  Gb  TGuiObjectsV2.o [1]
TGuiObjects::ToolbarSet(int, bool)
                        0x08056301     0x32  Code  Gb  TGuiObjectsV2.o [1]
TGuiObjects::ToolbarsFlags
                        0x200017a4      0x4  Data  Gb  TGuiObjectsV2.o [1]
TGuiObjects::ToolbarsFlagsShow
                        0x20001794      0x1  Data  Gb  TGuiObjectsV2.o [1]
TGuiObjects::WaitingECGStartRecord
                        0x20001799      0x1  Data  Gb  TGuiObjectsV2.o [1]
TGuiObjects::menuItem0Ptr
                        0x200019d0      0x4  Data  Gb  TGuiObjectsV2.o [1]
TGuiObjects::menuItem1Ptr
                        0x200019d4      0x4  Data  Gb  TGuiObjectsV2.o [1]
TGuiObjects::menuItem2Ptr
                        0x200019d8      0x4  Data  Gb  TGuiObjectsV2.o [1]
TGuiObjects::menuItem3Ptr
                        0x200019dc      0x4  Data  Gb  TGuiObjectsV2.o [1]
TGuiObjects::menuMax    0x200019e0      0x4  Data  Gb  TGuiObjectsV2.o [1]
TGuiObjects::menuSetDefaults()
                        0x08057acd     0x22  Code  Gb  TGuiObjectsV2.o [1]
TGuiObjects::xGUIObj    0x200017a0      0x4  Data  Gb  TGuiObjectsV2.o [1]
TGuiObjects::xGUIScrOff
                        0x200017f0      0x4  Data  Gb  TGuiObjectsV2.o [1]
THardware::BlockKeys    0x2001eab1      0x1  Data  Gb  THardware.o [1]
THardware::CheckKey(int)
                        0x0805c303     0x34  Code  Gb  THardware.o [1]
THardware::DebugTools   0x2001e8b0     0x34  Data  Gb  THardware.o [1]
THardware::KeysDeinit()
                        0x0805c2e1     0x22  Code  Gb  THardware.o [1]
THardware::KeysInit()   0x0805c23d     0xa4  Code  Gb  THardware.o [1]
THardware::LedOff()     0x0805c20b      0x4  Code  Gb  THardware.o [1]
THardware::LedOn()      0x0805c207      0x4  Code  Gb  THardware.o [1]
THardware::TestPinControl(bool)
                        0x0805c1f1     0x16  Code  Gb  THardware.o [1]
THardware::TestPinDeinit()
                        0x0805c23b      0x2  Code  Gb  THardware.o [1]
THardware::TestPinInit()
                        0x0805c20f     0x2c  Code  Gb  THardware.o [1]
THardware::VoltmeterDeinit()
                        0x0805c343      0x2  Code  Gb  THardware.o [1]
THardware::VoltmeterInit()
                        0x0805c341      0x2  Code  Gb  THardware.o [1]
TIM3_IRQHandler         0x0806430d     0x2a  Code  Gb  stm32_it.o [1]
TIM_ARRPreloadConfig    0x0805cbf1     0x8e  Code  Gb  stm32f4xx_tim.o [1]
TIM_ClearITPendingBit   0x0805d2e5     0x86  Code  Gb  stm32f4xx_tim.o [1]
TIM_Cmd                 0x0805ccb9     0xac  Code  Gb  stm32f4xx_tim.o [1]
TIM_CtrlPWMOutputs      0x0805d0fd     0x50  Code  Gb  stm32f4xx_tim.o [1]
TIM_DeInit              0x0805c82d    0x210  Code  Gb  stm32f4xx_tim.o [1]
TIM_GetITStatus         0x0805d21d     0xc4  Code  Gb  stm32f4xx_tim.o [1]
TIM_ITConfig            0x0805d155     0xb4  Code  Gb  stm32f4xx_tim.o [1]
TIM_OC2Init             0x0805cd65    0x174  Code  Gb  stm32f4xx_tim.o [1]
TIM_OC2PreloadConfig    0x0805d005     0x70  Code  Gb  stm32f4xx_tim.o [1]
TIM_OC4Init             0x0805ced9     0xf8  Code  Gb  stm32f4xx_tim.o [1]
TIM_OC4PreloadConfig    0x0805d079     0x64  Code  Gb  stm32f4xx_tim.o [1]
TIM_SelectMasterSlaveMode
                        0x0805d431     0x64  Code  Gb  stm32f4xx_tim.o [1]
TIM_SelectOutputTrigger
                        0x0805d391     0x90  Code  Gb  stm32f4xx_tim.o [1]
TIM_SetCounter          0x0805cb6d     0x84  Code  Gb  stm32f4xx_tim.o [1]
TIM_TimeBaseInit        0x0805ca3d    0x130  Code  Gb  stm32f4xx_tim.o [1]
TInterpreter::CommandRequest()
                        0x08051fb9    0x11e  Code  Gb  TInterpreter.o [1]
TInterpreter::ControllerInteraction()
                        0x080520d7     0x3a  Code  Gb  TInterpreter.o [1]
TInterpreter::Fx_CRC    0x2001ea5c      0x4  Data  Gb  TInterpreter.o [1]
TInterpreter::Fx_Online
                        0x2001ea58      0x1  Data  Gb  TInterpreter.o [1]
TInterpreter::ISR_USART_Rcv(unsigned short)
                        0x08051f4b     0x56  Code  Gb  TInterpreter.o [1]
TInterpreter::IntDateTime
                        0x2001ea88      0x8  Data  Gb  TInterpreter.o [1]
TInterpreter::IterpBuffNotEmpty
                        0x20001a5a      0x1  Data  Gb  TInterpreter.o [1]
TInterpreter::IterpBuffer
                        0x2001e360    0x100  Data  Gb  TInterpreter.o [1]
TInterpreter::IterpBufferIndx
                        0x20001a59      0x1  Data  Gb  TInterpreter.o [1]
TInterpreter::MonitorDataParseFunc(int)
                        0x08052269    0x21a  Code  Gb  TInterpreter.o [1]
TInterpreter::ParseUARTCommand(unsigned char *)
                        0x08052483     0x12  Code  Gb  TInterpreter.o [1]
TInterpreter::ParseUSysCommand(unsigned char *)
                        0x08052495     0x12  Code  Gb  TInterpreter.o [1]
TInterpreter::ParsingFunc(unsigned char, unsigned char, unsigned char *)
                        0x08052111    0x158  Code  Gb  TInterpreter.o [1]
TInterpreter::SendByte(unsigned char)
                        0x08051f2b     0x20  Code  Gb  TInterpreter.o [1]
TInterpreter::SendFrameToHost(unsigned char)
                        0x08052511     0x38  Code  Gb  TInterpreter.o [1]
TInterpreter::SendFrameToHost(unsigned char, unsigned char, unsigned char const *)
                        0x080524a7     0x6a  Code  Gb  TInterpreter.o [1]
TInterpreter::SetStartECGWrite(bool)
                        0x08051eed     0x28  Code  Gb  TInterpreter.o [1]
TInterpreter::SetStartUSARTMonitioring(bool)
                        0x08051ec5     0x28  Code  Gb  TInterpreter.o [1]
TInterpreter::StartECGWrite
                        0x2001eab2      0x1  Data  Gb  TInterpreter.o [1]
TInterpreter::StartUSARTMonitioring
                        0x20001a58      0x1  Data  Gb  TInterpreter.o [1]
TInterpreter::TASK_CmdProcessor(void *)
                        0x08051fa1     0x18  Code  Gb  TInterpreter.o [1]
TInterpreter::TurnOnUart()
                        0x08051f15     0x16  Code  Gb  TInterpreter.o [1]
TInterpreter::UartInit()
                        0x08051ec3      0x2  Code  Gb  TInterpreter.o [1]
TInterpreter::UartPHYInit()
                        0x08051e09     0xba  Code  Gb  TInterpreter.o [1]
TInterpreter::Uart_Connected
                        0x2001eab3      0x1  Data  Gb  TInterpreter.o [1]
TInterpreter::gData     0x2001ea60      0x4  Data  Gb  TInterpreter.o [1]
TInterpreter::gDataLenght
                        0x20001a5b      0x1  Data  Gb  TInterpreter.o [1]
TInterpreter::xBuffer   0x2001e460    0x100  Data  Gb  TInterpreter.o [1]
TLMX9838::BDAddress     0x20001a78      0x8  Data  Gb  TLMX9838.o [1]
TLMX9838::BT_On         0x2001eaab      0x1  Data  Gb  TLMX9838.o [1]
TLMX9838::BluetoothInit()
                        0x08058753     0x8e  Code  Gb  TLMX9838.o [1]
TLMX9838::BluetoothPHYDeinit()
                        0x0805865b     0xf8  Code  Gb  TLMX9838.o [1]
TLMX9838::BluetoothPHYInit()
                        0x080584b5    0x1a6  Code  Gb  TLMX9838.o [1]
TLMX9838::CFM_wait      0x20001a2c      0x1  Data  Gb  TLMX9838.o [1]
TLMX9838::DataPtr       0x20001a38      0x4  Data  Gb  TLMX9838.o [1]
TLMX9838::EventFilter   0x20001a2d      0x1  Data  Gb  TLMX9838.o [1]
TLMX9838::LMX9838_Connected
                        0x2001eab5      0x1  Data  Gb  TLMX9838.o [1]
TLMX9838::LMX9838_GetOnOffState()
                        0x0805ad69      0xc  Code  Gb  TFrame.o [1]
TLMX9838::LMX9838_ParceEvents(unsigned char, unsigned char, unsigned char *)
                        0x080589c9     0x4a  Code  Gb  TLMX9838.o [1]
TLMX9838::LMX9838_ReadDeviceName()
                        0x0805887f     0x2e  Code  Gb  TLMX9838.o [1]
TLMX9838::LMX9838_ReadEventFilter()
                        0x0805890f     0x2e  Code  Gb  TLMX9838.o [1]
TLMX9838::LMX9838_ReadSecurityMode()
                        0x0805893d     0x2e  Code  Gb  TLMX9838.o [1]
TLMX9838::LMX9838_Ready
                        0x2001eaaa      0x1  Data  Gb  TLMX9838.o [1]
TLMX9838::LMX9838_ReportAllEvents()
                        0x0805884b     0x34  Code  Gb  TLMX9838.o [1]
TLMX9838::LMX9838_Reset()
                        0x08058a13     0x2a  Code  Gb  TLMX9838.o [1]
TLMX9838::LMX9838_SetDeviceName(char const *)
                        0x080588ad     0x62  Code  Gb  TLMX9838.o [1]
TLMX9838::LMX9838_SetSecurityMode1()
                        0x0805896b     0x34  Code  Gb  TLMX9838.o [1]
TLMX9838::LMX9838_WaitForCFM()
                        0x0805899f     0x2a  Code  Gb  TLMX9838.o [1]
TLMX9838::LMX_BT_Addr   0x20001a30      0x8  Data  Gb  TLMX9838.o [1]
TLMX9838::RemoteBTPort  0x20001aa7      0x1  Data  Gb  TLMX9838.o [1]
TLMX9838::SecurityMode  0x20001a2e      0x1  Data  Gb  TLMX9838.o [1]
TLMX9838::SendByte(unsigned char)
                        0x08058a3d     0x26  Code  Gb  TLMX9838.o [1]
TLMX9838::SendByte(unsigned char, bool)
                        0x08058a63     0x2c  Code  Gb  TLMX9838.o [1]
TLMX9838::TurnOffBluetooth()
                        0x08058815     0x36  Code  Gb  TLMX9838.o [1]
TLMX9838::TurnOnBluetooth()
                        0x080587e1     0x34  Code  Gb  TLMX9838.o [1]
TLcd::ColorInversion(bool)
                        0x0805bc15     0x10  Code  Gb  TLcd.o [1]
TLcd::ExchSysPal()      0x0805be7d      0xc  Code  Gb  TLcd.o [1]
TLcd::FillRectangle(unsigned short, unsigned short, unsigned short, unsigned short, unsigned short)
                        0x0805be89     0x2a  Code  Gb  TLcd.o [1]
TLcd::LCD_Init()        0x0805bcbd    0x126  Code  Gb  TLcd.o [1]
TLcd::LcdBL(bool)       0x0805bbe7     0x2e  Code  Gb  TLcd.o [1]
TLcd::LcdClear()        0x0805bc87     0x36  Code  Gb  TLcd.o [1]
TLcd::LcdEnable(bool)   0x0805bbd1     0x16  Code  Gb  TLcd.o [1]
TLcd::LcdOff            0x2001eab4      0x1  Data  Gb  TLcd.o [1]
TLcd::LcdPHYDeInit()    0x0805ba11    0x1a8  Code  Gb  TLcd.o [1]
TLcd::LcdPHYInit()      0x0805b881    0x190  Code  Gb  TLcd.o [1]
TLcd::PutBitmap(unsigned short, unsigned short, TBitMap const *)
                        0x0805bde3     0x92  Code  Gb  TLcd.o [1]
TLcd::RESPin(bool)      0x0805bbb9     0x18  Code  Gb  TLcd.o [1]
TLcd::ReadData(unsigned char, unsigned char, unsigned char *)
                        0x0805beb3     0x38  Code  Gb  TLcd.o [1]
TLcd::SetPos(unsigned short, unsigned short, unsigned short, unsigned short)
                        0x0805bc25     0x62  Code  Gb  TLcd.o [1]
TLcd::SetSysPal(unsigned short, unsigned short)
                        0x0805be75      0x8  Code  Gb  TLcd.o [1]
TLcd::WriteCmd(unsigned char)
                        0x08061719     0x20  Code  Gb  TLcd.o [1]
TLcd::WriteCmd(unsigned char, unsigned char)
                        0x080617bd     0x2c  Code  Gb  TLcd.o [1]
TLcd::WriteData(unsigned char)
                        0x08061739     0x20  Code  Gb  TLcd.o [1]
TLcd::WriteData(unsigned int)
                        0x08061759     0x3c  Code  Gb  TLcd.o [1]
TLcd::WriteData(unsigned short)
                        0x08061795     0x28  Code  Gb  TLcd.o [1]
TLcd::lcdReciveByte()   0x0805beeb     0x38  Code  Gb  TLcd.o [1]
TLcdTrace::AddLine(bool, char const *)
                        0x08051143      0xa  Code  Gb  TLcdTrace.o [1]
TLcdTrace::AddLine(char const *)
                        0x080510d3     0x70  Code  Gb  TLcdTrace.o [1]
TLcdTrace::AddLine(char const *, int)
                        0x080510a9     0x2a  Code  Gb  TLcdTrace.o [1]
TLcdTrace::AddLineX(char const *, int)
                        0x0805107d     0x2c  Code  Gb  TLcdTrace.o [1]
TLcdTrace::Clear()      0x0805114d     0x36  Code  Gb  TLcdTrace.o [1]
TLcdTrace::CurrentLine  0x2001ea20      0x4  Data  Gb  TLcdTrace.o [1]
TLcdTrace::DisableLcdTrace
                        0x2001ea1e      0x1  Data  Gb  TLcdTrace.o [1]
TLcdTrace::Filled       0x2001ea1c      0x1  Data  Gb  TLcdTrace.o [1]
TLcdTrace::FirstLine    0x2001ea24      0x4  Data  Gb  TLcdTrace.o [1]
TLcdTrace::InvalidateLines()
                        0x08051183     0x6c  Code  Gb  TLcdTrace.o [1]
TLcdTrace::LinesBuffer  0x2001e560     0xd4  Data  Gb  TLcdTrace.o [1]
TLcdTrace::LinesBufferBk
                        0x2001e634     0xd4  Data  Gb  TLcdTrace.o [1]
TLcdTrace::PutStnChar(unsigned short, unsigned short, unsigned char, unsigned short, unsigned short)
                        0x08051205     0x7c  Code  Gb  TLcdTrace.o [1]
TLcdTrace::StartingUpStages
                        0x2001ea28      0x4  Data  Gb  TLcdTrace.o [1]
TLcdTrace::UpdatedLine  0x2001ea1d      0x1  Data  Gb  TLcdTrace.o [1]
TNandWrite::AddDataBuffHalfTransferFlag
                        0x20001a3c      0x1  Data  Gb  TNandWrite.o [1]
TNandWrite::BeginDataWFrame
                        0x200019fc      0x1  Data  Gb  TNandWrite.o [1]
TNandWrite::Data256Buffer
                        0x20011aac   0x4000  Data  Gb  TNandWrite.o [1]
TNandWrite::DataBlockLenghtNBlockCRC
                        0x20001a00      0x4  Data  Gb  TNandWrite.o [1]
TNandWrite::DataBlockNum
                        0x20001a04      0x4  Data  Gb  TNandWrite.o [1]
TNandWrite::DataBlockSample
                        0x20001a08      0x4  Data  Gb  TNandWrite.o [1]
TNandWrite::DataBufferIndx
                        0x20001a44      0x4  Data  Gb  TNandWrite.o [1]
TNandWrite::FlashCardRemoved
                        0x2000191c      0x1  Data  Gb  TNandWrite.o [1]
TNandWrite::GlobalEnableWriting
                        0x200019fd      0x1  Data  Gb  TNandWrite.o [1]
TNandWrite::ICI_IRQ_Cnt
                        0x20001a48      0x4  Data  Gb  TNandWrite.o [1]
TNandWrite::NW_AddDataWFrame(unsigned char const *, unsigned int)
                        0x08052d83     0x70  Code  Gb  TNandWrite.o [1]
TNandWrite::NW_BeginDataWFrame(wfType, unsigned int)
                        0x08052eeb     0x28  Code  Gb  TNandWrite.o [1]
TNandWrite::NW_BlockCRC(unsigned char const *, unsigned int, unsigned char)
                        0x08052f13     0x1e  Code  Gb  TNandWrite.o [1]
TNandWrite::NW_EndDataWFrame(bool, unsigned int *)
                        0x08052f7d     0xa6  Code  Gb  TNandWrite.o [1]
TNandWrite::NW_Init()   0x08052d5d     0x26  Code  Gb  TNandWrite.o [1]
TNandWrite::NW_UpdateDataSectorOfWFrame(unsigned char const *, unsigned int)
                        0x08052f31     0x4c  Code  Gb  TNandWrite.o [1]
TNandWrite::NW_WriteBlockToFile(unsigned char *, int)
                        0x08052e3d     0x7a  Code  Gb  TNandWrite.o [1]
TNandWrite::NW_WriteOutWFrame()
                        0x08052df3     0x4a  Code  Gb  TNandWrite.o [1]
TNandWrite::NandWrProcc
                        0x20001a3e      0x1  Data  Gb  TNandWrite.o [1]
TNandWrite::TASK_DataWriteProcessor(void *)
                        0x08052eb9     0x32  Code  Gb  TNandWrite.o [1]
TNandWrite::WF_Type     0x200019f8      0x4  Data  Gb  TNandWrite.o [1]
TNandWrite::xhDataWrite
                        0x20001a40      0x4  Data  Gb  TNandWrite.o [1]
TPoolingNand::AddDataToPool(int, unsigned char *, int, bool)
                        0x08053313    0x10c  Code  Gb  TPoolingNand.o [1]
TPoolingNand::CriticalError
                        0x200019ac      0x4  Data  Gb  TPoolingNand.o [1]
TPoolingNand::FinishPool(int)
                        0x0805341f     0x58  Code  Gb  TPoolingNand.o [1]
TPoolingNand::InDataActivity
                        0x200019b0      0x4  Data  Gb  TPoolingNand.o [1]
TPoolingNand::PO_Init()
                        0x08053155     0x2c  Code  Gb  TPoolingNand.o [1]
TPoolingNand::Pool1     0x20015aac   0x3000  Data  Gb  TPoolingNand.o [1]
TPoolingNand::Pool1Params
                        0x20001970     0x10  Data  Gb  TPoolingNand.o [1]
TPoolingNand::Pool1REQ  0x20001981      0x1  Data  Gb  TPoolingNand.o [1]
TPoolingNand::Pool1WRConfirm
                        0x20001980      0x1  Data  Gb  TPoolingNand.o [1]
TPoolingNand::Pool2     0x20018aac   0x1800  Data  Gb  TPoolingNand.o [1]
TPoolingNand::Pool2Params
                        0x2001ea2c     0x10  Data  Gb  TPoolingNand.o [1]
TPoolingNand::Pool2REQ  0x20001982      0x1  Data  Gb  TPoolingNand.o [1]
TPoolingNand::Pool3Params
                        0x20001988     0x10  Data  Gb  TPoolingNand.o [1]
TPoolingNand::Pool3REQ  0x20001983      0x1  Data  Gb  TPoolingNand.o [1]
TPoolingNand::Pool4Params
                        0x20001998     0x10  Data  Gb  TPoolingNand.o [1]
TPoolingNand::Pool4REQ  0x20001984      0x1  Data  Gb  TPoolingNand.o [1]
TPoolingNand::PoolState
                        0x20001986      0x1  Data  Gb  TPoolingNand.o [1]
TPoolingNand::SetupPool(int, wfType)
                        0x08053477     0x7c  Code  Gb  TPoolingNand.o [1]
TPoolingNand::TASK_PoolingNand(void *)
                        0x08053181    0x192  Code  Gb  TPoolingNand.o [1]
TPoolingNand::wrTaskSuspended
                        0x20001985      0x1  Data  Gb  TPoolingNand.o [1]
TPoolingNand::xhPoolingNand
                        0x200019a8      0x4  Data  Gb  TPoolingNand.o [1]
TRespProcessor::ChannelsProcessing()
                        0x0805c7bd     0x3e  Code  Gb  TRespProcessor.o [1]
TRespProcessor::RR_Led_Enable
                        0x2001e950      0x1  Data  Gb  TRespProcessor.o [1]
TRespProcessor::RespData
                        0x2001e960      0xc  Data  Gb  TRespProcessor.o [1]
TRespProcessor::Respiration
                        0x2001e940     0x10  Data  Gb  TRespProcessor.o [1]
TRespProcessor::WrChannelsProcessing()
                        0x0805c7fb     0x24  Code  Gb  TRespProcessor.o [1]
TRespProcessor::WrRespData
                        0x2001ea64      0xc  Data  Gb  TRespProcessor.o [1]
TRtc::RTC_GetTDMY(int *, int *, int *, int *, int *, int *)
                        0x0805c4cd     0x24  Code  Gb  TRtc.o [1]
TRtc::RTC_TimeRead()    0x0805c39d     0x90  Code  Gb  TRtc.o [1]
TRtc::RTC_TimeStampToTDMY(unsigned int, int *, int *, int *, int *, int *, int *)
                        0x0805c42d     0x9a  Code  Gb  TRtc.o [1]
TRtc::day               0x20001a98      0x4  Data  Gb  TRtc.o [1]
TRtc::hours             0x2001ea9c      0x4  Data  Gb  TRtc.o [1]
TRtc::minutes           0x2001eaa0      0x4  Data  Gb  TRtc.o [1]
TRtc::month             0x20001a94      0x4  Data  Gb  TRtc.o [1]
TRtc::seconds           0x2001eaa4      0x4  Data  Gb  TRtc.o [1]
TRtc::year              0x20001a90      0x4  Data  Gb  TRtc.o [1]
TSDProcessor::EcgBuffer_1
                        0x2001cad0    0x800  Data  Gb  TSDProcessor.o [1]
TSDProcessor::EcgBuffer_2
                        0x2001d2d0    0x800  Data  Gb  TSDProcessor.o [1]
TSDProcessor::FATFS_Obj
                        0x2001dad0    0x230  Data  Gb  TSDProcessor.o [1]
TSDProcessor::FillBuffer_ECG(EcgData_t *)
                        0x080617e9    0x418  Code  Gb  TSDProcessor.o [1]
TSDProcessor::NoAskReplaceECGFileQuestion
                        0x2001eab8      0x1  Data  Gb  TSDProcessor.o [1]
TSDProcessor::SDPresent
                        0x2001eab7      0x1  Data  Gb  TSDProcessor.o [1]
TSDProcessor::SDStartWrPool
                        0x2001eab6      0x1  Data  Gb  TSDProcessor.o [1]
TSDProcessor::TrMode    0x20001aa8      0x1  Data  Gb  TSDProcessor.o [1]
TSPISRAM::IRQControl(bool)
                        0x0805a279     0x5e  Code  Gb  TSpiSram.o [1]
TSPISRAM::PHYDeinit()   0x0805a103     0x42  Code  Gb  TSpiSram.o [1]
TSPISRAM::PHYInit()     0x08059ff9    0x10a  Code  Gb  TSpiSram.o [1]
TSPISRAM::PHYReinit()   0x0805a145     0x66  Code  Gb  TSpiSram.o [1]
TSPISRAM::ReadSeq(unsigned int, unsigned int, unsigned char *)
                        0x0805a20f     0x6a  Code  Gb  TSpiSram.o [1]
TSPISRAM::ReceiveByte(unsigned char)
                        0x0805a325     0x42  Code  Gb  TSpiSram.o [1]
TSPISRAM::SendAddr(unsigned int)
                        0x0805a2f9     0x2c  Code  Gb  TSpiSram.o [1]
TSPISRAM::SendByte(unsigned char)
                        0x0805a2d7     0x22  Code  Gb  TSpiSram.o [1]
TSPISRAM::WriteSeq(unsigned int, unsigned int, unsigned char *)
                        0x0805a1ab     0x64  Code  Gb  TSpiSram.o [1]
TSound::CurrentSound    0x20001a68      0x4  Data  Gb  TSound.o [1]
TSound::Enabled         0x20001a64      0x1  Data  Gb  TSound.o [1]
TSound::PlaySound(unsigned int)
[...]
_PT_Mono_8_EB           0x080307a8     0x18  Data  Lc  TGuiObjectsV2.o [1]
_PT_Mono_8_EC           0x080307c0     0x20  Data  Lc  TGuiObjectsV2.o [1]
_PT_Mono_8_ED           0x080307e0     0x18  Data  Lc  TGuiObjectsV2.o [1]
_PT_Mono_8_EE           0x080307f8     0x18  Data  Lc  TGuiObjectsV2.o [1]
_PT_Mono_8_EF           0x08030810     0x18  Data  Lc  TGuiObjectsV2.o [1]
_PT_Mono_8_F0           0x08030828     0x1c  Data  Lc  TGuiObjectsV2.o [1]
_PT_Mono_8_F1           0x08030844     0x14  Data  Lc  TGuiObjectsV2.o [1]
_PT_Mono_8_F2           0x08030858     0x14  Data  Lc  TGuiObjectsV2.o [1]
_PT_Mono_8_F3           0x0803086c     0x1c  Data  Lc  TGuiObjectsV2.o [1]
_PT_Mono_8_F4           0x08030888     0x20  Data  Lc  TGuiObjectsV2.o [1]
_PT_Mono_8_F5           0x080308a8     0x18  Data  Lc  TGuiObjectsV2.o [1]
_PT_Mono_8_F6           0x080308c0     0x1c  Data  Lc  TGuiObjectsV2.o [1]
_PT_Mono_8_F7           0x080308dc     0x14  Data  Lc  TGuiObjectsV2.o [1]
_PT_Mono_8_F8           0x080308f0     0x24  Data  Lc  TGuiObjectsV2.o [1]
_PT_Mono_8_F9           0x08030914     0x24  Data  Lc  TGuiObjectsV2.o [1]
_PT_Mono_8_FA           0x08030938     0x14  Data  Lc  TGuiObjectsV2.o [1]
_PT_Mono_8_FB           0x0803094c     0x20  Data  Lc  TGuiObjectsV2.o [1]
_PT_Mono_8_FC           0x0803096c     0x14  Data  Lc  TGuiObjectsV2.o [1]
_PT_Mono_8_FD           0x08030980     0x10  Data  Lc  TGuiObjectsV2.o [1]
_PT_Mono_8_FE           0x08030990     0x20  Data  Lc  TGuiObjectsV2.o [1]
_PT_Mono_8_FF           0x080309b0     0x18  Data  Lc  TGuiObjectsV2.o [1]
_Record_BMP             0x08043f18    0x170  Data  Lc  TGuiObjectsV2.o [1]
_Record_BitMap          0x080578e8     0x14  Data  Lc  TGuiObjectsV2.o [1]
_Record_PAL             0x08043efc     0x1c  Data  Lc  TGuiObjectsV2.o [1]
_Red_BitMap             0x08057910     0x14  Data  Lc  TGuiObjectsV2.o [1]
_Red_PAL                0x08043e08      0x8  Data  Lc  TGuiObjectsV2.o [1]
_SDCard_42x32_BMP       0x0804408c     0xb4  Data  Lc  TGuiObjectsV2.o [1]
_SDCard_42x32_BitMap    0x080578d4     0x14  Data  Lc  TGuiObjectsV2.o [1]
_SDCard_42x32_PAL       0x08044088      0x4  Data  Lc  TGuiObjectsV2.o [1]
_Wave_34x62_BMP         0x080442d0    0x10c  Data  Lc  TGuiObjectsV2.o [1]
_Wave_34x62_BitMap      0x08054eec     0x14  Data  Lc  TGuiObjectsV2.o [1]
_Wave_34x62_PAL         0x080442cc      0x4  Data  Lc  TGuiObjectsV2.o [1]
__aeabi_cdcmple         0x08062049           Code  Gb  DblCmpLe.o [4]
__aeabi_cdrcmple        0x08062019           Code  Gb  DblCmpGe.o [4]
__aeabi_d2f             0x0805fe29           Code  Gb  DblToFlt.o [4]
__aeabi_d2iz            0x08062079           Code  Gb  DblToI32.o [4]
__aeabi_dadd            0x08061f31           Code  Gb  DblAdd.o [4]
__aeabi_ddiv            0x0805fbd1           Code  Gb  DblDiv.o [4]
__aeabi_dmul            0x08061c0d           Code  Gb  DblMul.o [4]
__aeabi_dsub            0x08061db1           Code  Gb  DblSub.o [4]
__aeabi_errno_addr      0x08062249      0x6  Code  Gb  errno.o [3]
__aeabi_f2d             0x080620c5           Code  Gb  FltToDbl.o [4]
__aeabi_i2d             0x0805fba1           Code  Gb  I32ToDbl.o [4]
__aeabi_ldiv0           0x08062255           Code  Gb  I64DivZer.o [5]
__aeabi_ldivmod         0x08062115           Code  Gb  I64DivMod.o [5]
__aeabi_memset          0x0805a375           Code  Gb  ABImemset.o [5]
__aeabi_memset4         0x0805c1b5           Code  Gb  ABImemset48.o [5]
__aeabi_memset8         0x0805c1b5           Code  Gb  ABImemset48.o [5]
__aeabi_ui2d            0x0805fbb5           Code  Gb  I32ToDbl.o [4]
__aeabi_uldivmod        0x08062159           Code  Gb  I64DivMod.o [5]
__cmain                 0x08064579           Code  Gb  cmain.o [5]
__delay_cycles(int)     0x0805c389     0x14  Code  Gb  TSpiSram.o [1]
__exit                  0x080644ad     0x14  Code  Gb  exit.o [6]
__iar_Errno             0x20001a9c      0x4  Data  Gb  errno.o [3]
__iar_Memset            0x0805a375           Code  Gb  ABImemset.o [5]
__iar_Memset4_word      0x0805c1bd           Code  Gb  ABImemset48.o [5]
__iar_Memset8_word      0x0805c1bd           Code  Gb  ABImemset48.o [5]
__iar_Memset_word       0x0805a37d           Code  Gb  ABImemset.o [5]
__iar_close_ttio        0x080644c1     0x2e  Code  Gb  iarttio.o [6]
__iar_d2uiz             0x080620a5           Code  Gb  DblToI32.o [4]
__iar_dadd              0x08061f45           Code  Gb  DblAdd.o [4]
__iar_data_init3        0x080644f9     0x28  Code  Gb  data_init.o [5]
__iar_dlib_perthread_access
                        0x08062257      0x2  Code  Gb  xtls.o [3]
__iar_dsub              0x08061dc5           Code  Gb  DblSub.o [4]
__iar_dsubStart         0x08061dd7           Code  Gb  DblSub.o [4]
__iar_edom              0x08061c01           Code  Gb  iarEdom.o [5]
__iar_init_vfp          0x08064521           Code  Gb  fpinit_M.o [4]
__iar_lookup_ttioh      0x080644f1      0x8  Code  Gb  XShttio.o [3]
__iar_packbits_init3    0x080643f7     0xae  Code  Gb  packbits_init.o [5]
__iar_program_start     0x080645b9           Code  Gb  cstartup_M.o [5]
__iar_strcmp            0x08060881           Code  Gb  strcmp_unaligned.o [5]
__iar_ttio_handles      0x20001a80      0x8  Data  Lc  XShttio.o [3]
__iar_ui2d              0x0805fbb9           Code  Gb  I32ToDbl.o [4]
__iar_unaligned___aeabi_memcpy
                        0x08057eed           Code  Gb  ABImemcpy_unaligned.o [5]
__iar_unaligned___aeabi_memcpy4
                        0x08057f0d           Code  Gb  ABImemcpy_unaligned.o [5]
__iar_unaligned___aeabi_memcpy8
                        0x08057f0d           Code  Gb  ABImemcpy_unaligned.o [5]
__iar_unaligned_strcmp  0x08060881           Code  Gb  strcmp_unaligned.o [5]
__iar_unaligned_strcpy  0x080581f1           Code  Gb  strcpy_unaligned.o [5]
__iar_unaligned_strncpy
                        0x0805c149           Code  Gb  strncpy_unaligned.o [5]
__iar_zero_init3        0x08057f63     0x22  Code  Gb  zero_init3.o [5]
__low_level_init        0x08064593      0x4  Code  Gb  low_level_init.o [3]
__vector_table          0x08020000           Data  Gb  startup_stm32f40_41xxx.o [1]
_call_main              0x08064585           Code  Gb  cmain.o [5]
_exit                   0x0806459d           Code  Gb  cexit.o [5]
_ff_array               0x08045d0c     0x40  Data  Lc  TAppProcessor.o [1]
_main                   0x0806458f           Code  Gb  cmain.o [5]
_tbBattery0_52x32_BMP   0x0804388c     0x68  Data  Lc  TGuiObjectsV2.o [1]
_tbBattery0_52x32_BitMap
                        0x08057a54     0x14  Data  Lc  TGuiObjectsV2.o [1]
_tbBattery0_52x32_PAL   0x08043888      0x4  Data  Lc  TGuiObjectsV2.o [1]
_tbBattery1_52x32_BMP   0x080438fc    0x104  Data  Lc  TGuiObjectsV2.o [1]
_tbBattery1_52x32_BitMap
                        0x08057a68     0x14  Data  Lc  TGuiObjectsV2.o [1]
_tbBattery1_52x32_PAL   0x080438f4      0x8  Data  Lc  TGuiObjectsV2.o [1]
_tbBattery2_52x32_BMP   0x08043a08    0x104  Data  Lc  TGuiObjectsV2.o [1]
_tbBattery2_52x32_BitMap
                        0x08057a7c     0x14  Data  Lc  TGuiObjectsV2.o [1]
_tbBattery2_52x32_PAL   0x08043a00      0x8  Data  Lc  TGuiObjectsV2.o [1]
_tbBattery3_52x32_BMP   0x08043b14    0x104  Data  Lc  TGuiObjectsV2.o [1]
_tbBattery3_52x32_BitMap
                        0x08057a90     0x14  Data  Lc  TGuiObjectsV2.o [1]
_tbBattery3_52x32_PAL   0x08043b0c      0x8  Data  Lc  TGuiObjectsV2.o [1]
_tbBattery4_52x32_BMP   0x08043c20    0x104  Data  Lc  TGuiObjectsV2.o [1]
_tbBattery4_52x32_BitMap
                        0x08057aa4     0x14  Data  Lc  TGuiObjectsV2.o [1]
_tbBattery4_52x32_PAL   0x08043c18      0x8  Data  Lc  TGuiObjectsV2.o [1]
_tbBattery5_52x32_BMP   0x08043d2c     0xd4  Data  Lc  TGuiObjectsV2.o [1]
_tbBattery5_52x32_BitMap
                        0x08057ab8     0x14  Data  Lc  TGuiObjectsV2.o [1]
_tbBattery5_52x32_PAL   0x08043d24      0x8  Data  Lc  TGuiObjectsV2.o [1]
abort                   0x080644a5      0x6  Code  Gb  abort.o [3]
addmutex                0x20001aa2      0x1  Data  Gb  TFrame.o [1]
assert_failed           0x0805a699      0x4  Code  Gb  main.o [1]
buttonState             0x2001eaad      0x1  Data  Gb  TAppProcessor.o [1]
check_fs(FATFS *, unsigned long)
                        0x0805953f     0x68  Code  Lc  ff.o [1]
chk_chr(char const *, int)
                        0x08058b53     0x12  Code  Lc  ff.o [1]
chk_lock(DIR *, int)    0x08058b65     0x6e  Code  Lc  ff.o [1]
chk_mounted(char const **, FATFS **, unsigned char)
                        0x080595ad    0x2ba  Code  Lc  ff.o [1]
clear_lock(FATFS *)     0x08058cb5     0x24  Code  Lc  ff.o [1]
clust2sect              0x08058df3     0x18  Code  Gb  ff.o [1]
create_chain(FATFS *, unsigned long)
                        0x0805902b     0xa0  Code  Lc  ff.o [1]
create_name(DIR *, char const **)
                        0x08059323    0x11a  Code  Lc  ff.o [1]
dec_lock(unsigned int)  0x08058c7f     0x36  Code  Lc  ff.o [1]
defDeviceName           0x08051dec     0x1c  Data  Lc  TFlash.o [1]
deselect                0x08060a97      0xc  Code  Gb  sd_spi.o [1]
dir_find(DIR *)         0x08059279     0x48  Code  Lc  ff.o [1]
dir_next(DIR *, int)    0x08059159     0xee  Code  Lc  ff.o [1]
dir_register(DIR *)     0x080592c1     0x62  Code  Lc  ff.o [1]
dir_sdi(DIR *, unsigned short)
                        0x080590cb     0x8e  Code  Lc  ff.o [1]
disk_control            0x08060d89    0x222  Code  Gb  sd_spi.o [1]
disk_initialize         0x08058ae9      0x4  Code  Gb  mmc.o [1]
disk_ioctl              0x08058b03      0x4  Code  Gb  mmc.o [1]
disk_read               0x08058afb      0x4  Code  Gb  mmc.o [1]
disk_status             0x08058aed      0xe  Code  Gb  mmc.o [1]
disk_timerproc          0x08060fab     0x20  Code  Gb  sd_spi.o [1]
disk_write              0x08058aff      0x4  Code  Gb  mmc.o [1]
dlit_v                  0x08045ce0     0x14  Data  Lc  TAppProcessor.o [1]
enq_lock()              0x08058bd3     0x26  Code  Lc  ff.o [1]
exDate                  0x08045cb0     0x14  Data  Lc  TAppProcessor.o [1]
exTime                  0x08045cc4     0x14  Data  Lc  TAppProcessor.o [1]
exit                    0x08064597      0x4  Code  Gb  exit.o [3]
f1                      0x20001920     0x28  Data  Gb  TNandWrite.o [1]
f2                      0x20001948     0x28  Data  Gb  TNandWrite.o [1]
f_close                 0x08059dc1     0x1c  Code  Gb  ff.o [1]
f_mount                 0x08059893     0x2c  Code  Gb  ff.o [1]
f_open                  0x080598d1    0x19c  Code  Gb  ff.o [1]
f_read                  0x08059a6d    0x13e  Code  Gb  ff.o [1]
f_sync                  0x08059d43     0x7e  Code  Gb  ff.o [1]
f_write                 0x08059bab    0x198  Code  Gb  ff.o [1]
follow_path(DIR *, char const *)
                        0x080594d1     0x6e  Code  Lc  ff.o [1]
ftoa(float, int)        0x080580c5    0x106  Code  Gb  Utilities.o [1]
get_fat(FATFS *, unsigned long)
                        0x08058e0b     0xce  Code  Gb  ff.o [1]
get_fattime             0x08058b07      0x4  Code  Gb  mmc.o [1]
inc_lock(DIR *, int)    0x08058bf9     0x86  Code  Lc  ff.o [1]
inst1                   0x08045c64     0x14  Data  Lc  TAppProcessor.o [1]
inst2_3                 0x08045c78      0xc  Data  Lc  TAppProcessor.o [1]
inst3_3                 0x08045c84     0x18  Data  Lc  TAppProcessor.o [1]
inst4                   0x08045cd8      0x8  Data  Lc  TAppProcessor.o [1]
inst5_3                 0x08045cf4     0x18  Data  Lc  TAppProcessor.o [1]
itodts(int, char *, int)
                        0x08058039     0x8c  Code  Gb  Utilities.o [1]
itos(int, char *, int, Radix)
                        0x08057f85     0xb4  Code  Gb  Utilities.o [1]
karta                   0x20001034    0x400  Data  Gb  TAppProcessor.o [1]
labs                    0x0805fed5      0x8  Code  Gb  labs.o [3]
ld_clust(FATFS *, unsigned char *)
                        0x08059247     0x1e  Code  Lc  ff.o [1]
main                    0x0805a531    0x11c  Code  Gb  main.o [1]
mem_cmp(void const *, void const *, unsigned int)
                        0x08058b35     0x1e  Code  Lc  ff.o [1]
mem_cpy(void *, void const *, unsigned int)
                        0x08058b11     0x14  Code  Lc  ff.o [1]
mem_set(void *, int, unsigned int)
                        0x08058b25     0x10  Code  Lc  ff.o [1]
mitDef0                 0x08057af0     0x10  Data  Lc  TGuiObjectsV2.o [1]
mitDef1                 0x08057b00     0x14  Data  Lc  TGuiObjectsV2.o [1]
mitDef2                 0x08057b14      0x8  Data  Lc  TGuiObjectsV2.o [1]
mitDef3                 0x08057b1c      0x8  Data  Lc  TGuiObjectsV2.o [1]
move_window(FATFS *, unsigned long)
                        0x08058cd9     0x70  Code  Lc  ff.o [1]
power_off               0x08060b23     0x18  Code  Gb  sd_spi.o [1]
power_on                0x08060b05     0x1e  Code  Gb  sd_spi.o [1]
power_status            0x08060b01      0x4  Code  Gb  sd_spi.o [1]
prvAddCurrentTaskToDelayedList(unsigned long)
                        0x080517b9     0x34  Code  Lc  tasks.o [1]
prvAllocateTCBAndStack(unsigned short, unsigned long *)
                        0x080517f5     0x3a  Code  Lc  tasks.o [1]
prvCheckTasksWaitingTermination()
                        0x080517b7      0x2  Code  Lc  tasks.o [1]
prvIdleTask(void *)     0x08051719     0x18  Code  Lc  tasks.o [1]
prvInitialiseTCBVariables(tskTaskControlBlock *, signed char const *, unsigned long, xMEMORY_REGION const *, unsigned short)
                        0x08051731     0x3c  Code  Lc  tasks.o [1]
prvInitialiseTaskLists()
                        0x0805176d     0x4a  Code  Lc  tasks.o [1]
prvSetupTimerInterrupt()
                        0x0805bfef      0xe  Code  Lc  port.o [1]
put_fat(FATFS *, unsigned long, unsigned long)
                        0x08058ed9     0xf6  Code  Gb  ff.o [1]
pvPortMalloc            0x08059dfd     0xaa  Code  Gb  heap_2.o [1]
pxCurrentTCB            0x2001e708      0x4  Data  Gb  tasks.o [1]
pxDelayedTaskList       0x200018c4      0x4  Data  Lc  tasks.o [1]
pxOverflowDelayedTaskList
                        0x200018c8      0x4  Data  Lc  tasks.o [1]
pxPortInitialiseStack   0x0805bf55     0x22  Code  Gb  port.o [1]
pxReadyTasksLists       0x2001e70c     0x64  Data  Lc  tasks.o [1]
rcvr_datablock          0x08060b3b     0x54  Code  Gb  sd_spi.o [1]
rcvr_spi                0x08060a6f      0x4  Code  Gb  sd_spi.o [1]
rcvr_spi_m              0x08060a61      0xe  Code  Gb  sd_spi.o [1]
remove_chain(FATFS *, unsigned long)
                        0x08058fcf     0x5c  Code  Lc  ff.o [1]
select                  0x08060aa3     0x1e  Code  Gb  sd_spi.o [1]
send_cmd                0x08060be1     0x7e  Code  Gb  sd_spi.o [1]
smmax                   0x200017d4      0x4  Data  Gb  TGuiObjectsV2.o [1]
smmax1                  0x200017dc      0x4  Data  Gb  TGuiObjectsV2.o [1]
smmax2                  0x200017e4      0x4  Data  Gb  TGuiObjectsV2.o [1]
smmin                   0x200017d0      0x4  Data  Gb  TGuiObjectsV2.o [1]
smmin1                  0x200017d8      0x4  Data  Gb  TGuiObjectsV2.o [1]
smmin2                  0x200017e0      0x4  Data  Gb  TGuiObjectsV2.o [1]
sndTakeN                0x20001440      0x4  Data  Gb  TAppProcessor.o [1]
sqrtf                   0x0805feb9           Code  Gb  sqrtf.o [4]
st_clust(unsigned char *, unsigned long)
                        0x08059265     0x14  Code  Lc  ff.o [1]
strcat                  0x080581d1     0x1c  Code  Gb  strcat.o [3]
strlen                  0x0805e4b9           Code  Gb  strlen.o [5]
sync(FATFS *)           0x08058d49     0xaa  Code  Lc  ff.o [1]
temp                    0x2001eab9      0x1  Data  Lc  TSpiSram.o [1]
uxCriticalNesting       0x20001a88      0x4  Data  Lc  port.o [1]
uxCurrentNumberOfTasks  0x2001e770      0x4  Data  Lc  tasks.o [1]
uxMissedTicks           0x2001e780      0x4  Data  Lc  tasks.o [1]
uxSchedulerSuspended    0x2001e77c      0x4  Data  Lc  tasks.o [1]
uxTaskNumber            0x200018ec      0x4  Data  Lc  tasks.o [1]
uxTopReadyPriority      0x2001e778      0x4  Data  Lc  tasks.o [1]
uxTopUsedPriority       0x200018e0      0x4  Data  Lc  tasks.o [1]
vApplicationIdleHook()  0x0805a4cb     0x66  Code  Gb  main.o [1]
vListInitialise         0x0805c015     0x1a  Code  Gb  list.o [1]
vListInitialiseItem     0x0805c02f      0x6  Code  Gb  list.o [1]
vListInsert             0x0805c051     0x34  Code  Gb  list.o [1]
vListInsertEnd          0x0805c035     0x1c  Code  Gb  list.o [1]
vListRemove             0x0805c085     0x24  Code  Gb  list.o [1]
vPortClearInterruptMask
                        0x0805c0fd           Code  Gb  portasm.o [1]
vPortEnableVFP          0x0805c12d           Code  Gb  portasm.o [1]
vPortEnterCritical      0x0805bfb5     0x10  Code  Gb  port.o [1]
vPortExitCritical       0x0805bfc5     0x10  Code  Gb  port.o [1]
vPortFree               0x08059ea7     0x36  Code  Gb  heap_2.o [1]
vPortSVCHandler         0x0805c107           Code  Gb  portasm.o [1]
vPortSetInterruptMask   0x0805c0f3           Code  Gb  portasm.o [1]
vPortStartFirstTask     0x0805c11f           Code  Gb  portasm.o [1]
vPortYieldFromISR       0x0805bfab      0xa  Code  Gb  port.o [1]
vTaskDelay              0x080513bd     0x36  Code  Gb  tasks.o [1]
vTaskDelayUntil         0x08051363     0x5a  Code  Gb  tasks.o [1]
vTaskIncrementTick      0x08051633     0xa2  Code  Gb  tasks.o [1]
vTaskResume             0x08051483     0x56  Code  Gb  tasks.o [1]
vTaskStartScheduler     0x08051539     0x44  Code  Gb  tasks.o [1]
vTaskSuspend            0x080513f3     0x6c  Code  Gb  tasks.o [1]
vTaskSuspendAll         0x0805157d      0xc  Code  Gb  tasks.o [1]
vTaskSwitchContext      0x080516d5     0x42  Code  Gb  tasks.o [1]
validate(void *)        0x08059867     0x2c  Code  Lc  ff.o [1]
vozr                    0x08045c9c     0x14  Data  Lc  TAppProcessor.o [1]
waitForSelectButtonPressed()
                        0x08044aa9     0x32  Code  Gb  TAppProcessor.o [1]
wait_ready              0x08060a73     0x24  Code  Gb  sd_spi.o [1]
xDelayedTaskList1       0x200018f4     0x14  Data  Lc  tasks.o [1]
xDelayedTaskList2       0x20001908     0x14  Data  Lc  tasks.o [1]
xEnd                    0x200019bc      0x8  Data  Lc  heap_2.o [1]
xFreeBytesRemaining     0x200019c4      0x4  Data  Lc  heap_2.o [1]
xHeap                   0x10000000   0x5800  Data  Lc  heap_2.o [1]
xMissedYield            0x2001e784      0x4  Data  Lc  tasks.o [1]
xNextTaskUnblockTime    0x200018f0      0x4  Data  Lc  tasks.o [1]
xNumOfOverflows         0x200018e8      0x4  Data  Lc  tasks.o [1]
xPendingReadyList       0x200018b0     0x14  Data  Lc  tasks.o [1]
xPortGetFreeHeapSize    0x08059edd      0x6  Code  Gb  heap_2.o [1]
xPortPendSVHandler      0x0805c0a9           Code  Gb  portasm.o [1]
xPortStartScheduler     0x0805bf77     0x34  Code  Gb  port.o [1]
xPortSysTickHandler     0x0805bfd5     0x1a  Code  Gb  port.o [1]
xSchedulerRunning       0x200018e4      0x4  Data  Lc  tasks.o [1]
xStart                  0x200019b4      0x8  Data  Lc  heap_2.o [1]
xSuspendedTaskList      0x200018cc     0x14  Data  Lc  tasks.o [1]
xTaskGenericCreate      0x08051281     0xe2  Code  Gb  tasks.o [1]
xTaskGetTickCount       0x08051621     0x12  Code  Gb  tasks.o [1]
xTaskIsTaskSuspended    0x0805145f     0x24  Code  Gb  tasks.o [1]
xTaskResumeAll          0x08051589     0x98  Code  Gb  tasks.o [1]
xTaskResumeFromISR      0x080514d9     0x60  Code  Gb  tasks.o [1]
xTickCount              0x2001e774      0x4  Data  Lc  tasks.o [1]
xmit_datablock          0x08060b8f     0x52  Code  Gb  sd_spi.o [1]
xmit_spi                0x08060a2f     0x32  Code  Gb  sd_spi.o [1]
xval                    0x2001e8e4     0x30  Data  Gb  TDSP.o [1]


[1] = D:\WORK\Firmware_LastRelease\_7.0.95\MainMCU\KP02_DEVICE_2\Obj
[2] = command line
[3] = dl7M_tln.a
[4] = m7M_tls.a
[5] = rt7M_tl.a
[6] = shb_l.a

  124 330 bytes of readonly  code memory
  156 421 bytes of readonly  data memory
  150 202 bytes of readwrite data memory

Errors: none
Warnings: none
