###############################################################################
#
# IAR ELF Linker V7.40.2.8542/W32 for ARM                 08/Oct/2018  17:05:06
# Copyright 2007-2015 IAR Systems AB.
#
#    Output file  =  
#        D:\WORK\Firmware_LastRelease\_7.0.95\MainMCU\KP02_DEVICE_2\Exe\kp02.out
#    Map file     =  
#        D:\WORK\Firmware_LastRelease\_7.0.95\MainMCU\KP02_DEVICE_2\List\kp02.map
#    Command line =  
#        D:\WORK\Firmware_LastRelease\_7.0.95\MainMCU\KP02_DEVICE_2\Obj\common.o
#        D:\WORK\Firmware_LastRelease\_7.0.95\MainMCU\KP02_DEVICE_2\Obj\download.o
#        D:\WORK\Firmware_LastRelease\_7.0.95\MainMCU\KP02_DEVICE_2\Obj\ff.o
#        D:\WORK\Firmware_LastRelease\_7.0.95\MainMCU\KP02_DEVICE_2\Obj\flash_if.o
#        D:\WORK\Firmware_LastRelease\_7.0.95\MainMCU\KP02_DEVICE_2\Obj\heap_2.o
#        D:\WORK\Firmware_LastRelease\_7.0.95\MainMCU\KP02_DEVICE_2\Obj\IAP.o
#        D:\WORK\Firmware_LastRelease\_7.0.95\MainMCU\KP02_DEVICE_2\Obj\list.o
#        D:\WORK\Firmware_LastRelease\_7.0.95\MainMCU\KP02_DEVICE_2\Obj\main.o
#        D:\WORK\Firmware_LastRelease\_7.0.95\MainMCU\KP02_DEVICE_2\Obj\misc.o
#        D:\WORK\Firmware_LastRelease\_7.0.95\MainMCU\KP02_DEVICE_2\Obj\mmc.o
#        D:\WORK\Firmware_LastRelease\_7.0.95\MainMCU\KP02_DEVICE_2\Obj\port.o
#        D:\WORK\Firmware_LastRelease\_7.0.95\MainMCU\KP02_DEVICE_2\Obj\portasm.o
#        D:\WORK\Firmware_LastRelease\_7.0.95\MainMCU\KP02_DEVICE_2\Obj\queue.o
#        D:\WORK\Firmware_LastRelease\_7.0.95\MainMCU\KP02_DEVICE_2\Obj\sd_spi.o
#        D:\WORK\Firmware_LastRelease\_7.0.95\MainMCU\KP02_DEVICE_2\Obj\startup_stm32f40_41xxx.o
#        D:\WORK\Firmware_LastRelease\_7.0.95\MainMCU\KP02_DEVICE_2\Obj\stm32_it.o
#        D:\WORK\Firmware_LastRelease\_7.0.95\MainMCU\KP02_DEVICE_2\Obj\stm32f4xx_adc.o
#        D:\WORK\Firmware_LastRelease\_7.0.95\MainMCU\KP02_DEVICE_2\Obj\stm32f4xx_crc.o
#        D:\WORK\Firmware_LastRelease\_7.0.95\MainMCU\KP02_DEVICE_2\Obj\stm32f4xx_dbgmcu.o
#        D:\WORK\Firmware_LastRelease\_7.0.95\MainMCU\KP02_DEVICE_2\Obj\stm32f4xx_dma.o
#        D:\WORK\Firmware_LastRelease\_7.0.95\MainMCU\KP02_DEVICE_2\Obj\stm32f4xx_exti.o
#        D:\WORK\Firmware_LastRelease\_7.0.95\MainMCU\KP02_DEVICE_2\Obj\stm32f4xx_flash.o
#        D:\WORK\Firmware_LastRelease\_7.0.95\MainMCU\KP02_DEVICE_2\Obj\stm32f4xx_gpio.o
#        D:\WORK\Firmware_LastRelease\_7.0.95\MainMCU\KP02_DEVICE_2\Obj\stm32f4xx_i2c.o
#        D:\WORK\Firmware_LastRelease\_7.0.95\MainMCU\KP02_DEVICE_2\Obj\stm32f4xx_iwdg.o
#        D:\WORK\Firmware_LastRelease\_7.0.95\MainMCU\KP02_DEVICE_2\Obj\stm32f4xx_ltdc.o
#        D:\WORK\Firmware_LastRelease\_7.0.95\MainMCU\KP02_DEVICE_2\Obj\stm32f4xx_pwr.o
#        D:\WORK\Firmware_LastRelease\_7.0.95\MainMCU\KP02_DEVICE_2\Obj\stm32f4xx_rcc.o
#        D:\WORK\Firmware_LastRelease\_7.0.95\MainMCU\KP02_DEVICE_2\Obj\stm32f4xx_rng.o
#        D:\WORK\Firmware_LastRelease\_7.0.95\MainMCU\KP02_DEVICE_2\Obj\stm32f4xx_rtc.o
#        D:\WORK\Firmware_LastRelease\_7.0.95\MainMCU\KP02_DEVICE_2\Obj\stm32f4xx_sdio.o
#        D:\WORK\Firmware_LastRelease\_7.0.95\MainMCU\KP02_DEVICE_2\Obj\stm32f4xx_spi.o
#        D:\WORK\Firmware_LastRelease\_7.0.95\MainMCU\KP02_DEVICE_2\Obj\stm32f4xx_syscfg.o
#        D:\WORK\Firmware_LastRelease\_7.0.95\MainMCU\KP02_DEVICE_2\Obj\stm32f4xx_tim.o
#        D:\WORK\Firmware_LastRelease\_7.0.95\MainMCU\KP02_DEVICE_2\Obj\stm32f4xx_usart.o
#        D:\WORK\Firmware_LastRelease\_7.0.95\MainMCU\KP02_DEVICE_2\Obj\stm32f4xx_wwdg.o
#        D:\WORK\Firmware_LastRelease\_7.0.95\MainMCU\KP02_DEVICE_2\Obj\StnFont.o
#        D:\WORK\Firmware_LastRelease\_7.0.95\MainMCU\KP02_DEVICE_2\Obj\system_stm32f4xx.o
#        D:\WORK\Firmware_LastRelease\_7.0.95\MainMCU\KP02_DEVICE_2\Obj\TADS1292.o
#        D:\WORK\Firmware_LastRelease\_7.0.95\MainMCU\KP02_DEVICE_2\Obj\TADS1298.o
#        D:\WORK\Firmware_LastRelease\_7.0.95\MainMCU\KP02_DEVICE_2\Obj\TAppProcessor.o
#        D:\WORK\Firmware_LastRelease\_7.0.95\MainMCU\KP02_DEVICE_2\Obj\tasks.o
#        D:\WORK\Firmware_LastRelease\_7.0.95\MainMCU\KP02_DEVICE_2\Obj\TAudio.o
#        D:\WORK\Firmware_LastRelease\_7.0.95\MainMCU\KP02_DEVICE_2\Obj\TDevice.o
#        D:\WORK\Firmware_LastRelease\_7.0.95\MainMCU\KP02_DEVICE_2\Obj\TDSP.o
#        D:\WORK\Firmware_LastRelease\_7.0.95\MainMCU\KP02_DEVICE_2\Obj\TEcgProcessor.o
#        D:\WORK\Firmware_LastRelease\_7.0.95\MainMCU\KP02_DEVICE_2\Obj\TFlash.o
#        D:\WORK\Firmware_LastRelease\_7.0.95\MainMCU\KP02_DEVICE_2\Obj\TFont.o
#        D:\WORK\Firmware_LastRelease\_7.0.95\MainMCU\KP02_DEVICE_2\Obj\TFrame.o
#        D:\WORK\Firmware_LastRelease\_7.0.95\MainMCU\KP02_DEVICE_2\Obj\TGuiObjectsV2.o
#        D:\WORK\Firmware_LastRelease\_7.0.95\MainMCU\KP02_DEVICE_2\Obj\THardware.o
#        D:\WORK\Firmware_LastRelease\_7.0.95\MainMCU\KP02_DEVICE_2\Obj\timers.o
#        D:\WORK\Firmware_LastRelease\_7.0.95\MainMCU\KP02_DEVICE_2\Obj\TInterpreter.o
#        D:\WORK\Firmware_LastRelease\_7.0.95\MainMCU\KP02_DEVICE_2\Obj\TLcd.o
#        D:\WORK\Firmware_LastRelease\_7.0.95\MainMCU\KP02_DEVICE_2\Obj\TLcdTrace.o
#        D:\WORK\Firmware_LastRelease\_7.0.95\MainMCU\KP02_DEVICE_2\Obj\TLMX9838.o
#        D:\WORK\Firmware_LastRelease\_7.0.95\MainMCU\KP02_DEVICE_2\Obj\TMmc.o
#        D:\WORK\Firmware_LastRelease\_7.0.95\MainMCU\KP02_DEVICE_2\Obj\TNandWrite.o
#        D:\WORK\Firmware_LastRelease\_7.0.95\MainMCU\KP02_DEVICE_2\Obj\TPoolingNand.o
#        D:\WORK\Firmware_LastRelease\_7.0.95\MainMCU\KP02_DEVICE_2\Obj\TRespProcessor.o
#        D:\WORK\Firmware_LastRelease\_7.0.95\MainMCU\KP02_DEVICE_2\Obj\TRtc.o
#        D:\WORK\Firmware_LastRelease\_7.0.95\MainMCU\KP02_DEVICE_2\Obj\TSDProcessor.o
#        D:\WORK\Firmware_LastRelease\_7.0.95\MainMCU\KP02_DEVICE_2\Obj\TSound.o
#        D:\WORK\Firmware_LastRelease\_7.0.95\MainMCU\KP02_DEVICE_2\Obj\TSpiSram.o
#        D:\WORK\Firmware_LastRelease\_7.0.95\MainMCU\KP02_DEVICE_2\Obj\Utilities.o
#        D:\WORK\Firmware_LastRelease\_7.0.95\MainMCU\KP02_DEVICE_2\Obj\ymodem.o
#        --redirect _Printf=_PrintfTiny --redirect _Scanf=_ScanfFull -o
#        D:\WORK\Firmware_LastRelease\_7.0.95\MainMCU\KP02_DEVICE_2\Exe\kp02.out
#        --map
#        D:\WORK\Firmware_LastRelease\_7.0.95\MainMCU\KP02_DEVICE_2\List\kp02.map
#        --config D:\WORK\Firmware_LastRelease\_7.0.95\MainMCU\application.icf
#        --semihosting --entry __iar_program_start --vfe
#
###############################################################################

*******************************************************************************
*** RUNTIME MODEL ATTRIBUTES
***

CppFlavor       = *
__CPP_Language  = EC++
__SystemLibrary = DLib


*******************************************************************************
*** PLACEMENT SUMMARY
***

"A1":  place at 0x08020000 { ro section .intvec };
"P1":  place in [from 0x08020000 to 0x080fffff] { ro };
"P2":  place in [from 0x20000000 to 0x2001ffff] { rw };
"P3":  place in [from 0x10000000 to 0x1000ffff] {
          block CSTACK, block HEAP, rw section .ccm };

  Section             Kind        Address     Size  Object
  -------             ----        -------     ----  ------
"A1":                                        0x188
  .intvec             ro code  0x08020000    0x188  startup_stm32f40_41xxx.o [1]
                             - 0x08020188    0x188

"P1":                                      0x44ac8
  .rodata             const    0x08020188  0x24254  TGuiObjectsV2.o [1]
  .text               ro code  0x080443dc   0xb8bc  TAppProcessor.o [1]
  .text               ro code  0x0804fc98    0x7e8  stm32f4xx_rcc.o [1]
  .text               ro code  0x08050480    0x2dc  stm32f4xx_flash.o [1]
  .text               ro code  0x0805075c    0x1b4  misc.o [1]
  .text               ro code  0x08050910    0x5b8  TFrame.o [1]
  .text               ro code  0x08050ec8    0x204  TLcdTrace.o [1]
  .text               ro code  0x080510cc    0x5b8  tasks.o [1]
  .text               ro code  0x08051684    0x218  TDevice.o [1]
  .text               ro code  0x0805189c    0x6f8  stm32f4xx_rtc.o [1]
  .text               ro code  0x08051f94    0x12c  TFlash.o [1]
  .text               ro code  0x080520c0    0x8b8  TInterpreter.o [1]
  .text               ro code  0x08052978    0x4f0  stm32f4xx_gpio.o [1]
  .text               ro code  0x08052e68    0x1c8  TSound.o [1]
  .text               ro code  0x08053030     0x76  ABImemcpy_unaligned.o [5]
  .text               ro code  0x080530a6     0x22  zero_init3.o [5]
  .text               ro code  0x080530c8    0x24c  Utilities.o [1]
  .text               ro code  0x08053314     0x1c  strcat.o [3]
  .text               ro code  0x08053330      0x2  TLMX9838.o [1]
  .text               ro code  0x08053334     0x44  strcpy_unaligned.o [5]
  .text               ro code  0x08053378   0x47f4  TGuiObjectsV2.o [1]
  .text               ro code  0x08057b6c    0x3cc  TRtc.o [1]
  .text               ro code  0x08057f38    0x634  TLMX9838.o [1]
  .text               ro code  0x0805856c    0x3f8  TNandWrite.o [1]
  .text               ro code  0x08058964     0xf0  heap_2.o [1]
  .text               ro code  0x08058a54    0x10c  stm32f4xx_pwr.o [1]
  .text               ro code  0x08058b60    0x37c  TSpiSram.o [1]
  .text               ro code  0x08058edc    0x3c4  TPoolingNand.o [1]
  .text               ro code  0x080592a0    0x1e0  TAudio.o [1]
  .text               ro code  0x08059480     0x28  mmc.o [1]
  .text               ro code  0x080594a8   0x12bc  ff.o [1]
  .text               ro code  0x0805a764     0x66  ABImemset.o [5]
  .text               ro code  0x0805a7cc    0x2e4  main.o [1]
  .text               ro code  0x0805aab0    0x6a8  stm32f4xx_usart.o [1]
  .text               ro code  0x0805b158      0xc  TFrame.o [1]
  .text               ro code  0x0805b164    0xb0c  StnFont.o [1]
  .text               ro code  0x0805bc70    0x6d4  TLcd.o [1]
  .text               ro code  0x0805c344     0xc0  port.o [1]
  .text               ro code  0x0805c404     0x94  list.o [1]
  CODE                ro code  0x0805c498     0xa0  portasm.o [1]
  .text               ro code  0x0805c538     0x6c  strncpy_unaligned.o [5]
  .text               ro code  0x0805c5a4     0x3a  ABImemset48.o [5]
  .text               ro code  0x0805c5e0    0x154  THardware.o [1]
  .text               ro code  0x0805c734    0x280  TADS1298.o [1]
  .text               ro code  0x0805c9b4     0x44  TADS1292.o [1]
  .text               ro code  0x0805c9f8     0x14  TSpiSram.o [1]
  .text               ro code  0x0805ca0c    0x14e  TEcgProcessor.o [1]
  .text               ro code  0x0805cb5c     0x70  TRespProcessor.o [1]
  .text               ro code  0x0805cbcc    0xcfc  stm32f4xx_tim.o [1]
  .text               ro code  0x0805d8c8     0x36  strlen.o [5]
  .text               ro code  0x0805d900   0x1528  TFont.o [1]
  .text               ro code  0x0805ee28    0x188  system_stm32f4xx.o [1]
  .text               ro code  0x0805efb0     0x30  I32ToDbl.o [4]
  .text               ro code  0x0805efe0    0x256  DblDiv.o [4]
  .text               ro code  0x0805f238     0x90  DblToFlt.o [4]
  .text               ro code  0x0805f2c8     0x1c  sqrtf.o [4]
  .text               ro code  0x0805f2e4      0x8  labs.o [3]
  .text               ro code  0x0805f2ec    0x1f0  stm32f4xx_exti.o [1]
  .text               ro code  0x0805f4dc    0x118  stm32f4xx_syscfg.o [1]
  .text               ro code  0x0805f5f4     0x42  strcmp_unaligned.o [5]
  .text               ro code  0x0805f638    0x478  stm32f4xx_spi.o [1]
  .text               ro code  0x0805fab0    0xa44  stm32f4xx_dma.o [1]
  .text               ro code  0x080604f4    0x54c  stm32f4xx_adc.o [1]
  .text               ro code  0x08060a40    0x92c  sd_spi.o [1]
  .text               ro code  0x0806136c     0xb0  stm32f4xx_dbgmcu.o [1]
  .text               ro code  0x0806141c     0x20  TLcd.o [1]
  .text               ro code  0x0806143c     0x20  TLcd.o [1]
  .text               ro code  0x0806145c     0x3c  TLcd.o [1]
  .text               ro code  0x08061498     0x28  TLcd.o [1]
  .text               ro code  0x080614c0     0x2c  TLcd.o [1]
  .text               ro code  0x080614f0    0x698  TDSP.o [1]
  .text               ro code  0x08061b88    0x418  TSDProcessor.o [1]
  .text               ro code  0x08061fa0      0xc  iarEdom.o [5]
  .text               ro code  0x08061fac    0x1a2  DblMul.o [4]
  .text               ro code  0x08062150    0x180  DblSub.o [4]
  .text               ro code  0x080622d0     0xe8  DblAdd.o [4]
  .text               ro code  0x080623b8     0x2e  DblCmpGe.o [4]
  .text               ro code  0x080623e8     0x2e  DblCmpLe.o [4]
  .text               ro code  0x08062418     0x4c  DblToI32.o [4]
  .text               ro code  0x08062464     0x4e  FltToDbl.o [4]
  .text               ro code  0x080624b4    0x132  I64DivMod.o [5]
  .text               ro code  0x080625e8      0xc  errno.o [3]
  .text               ro code  0x080625f4      0x2  I64DivZer.o [5]
  .text               ro code  0x080625f6      0x2  xtls.o [3]
  .rodata             const    0x080625f8   0x1efc  TFont.o [1]
  .text               ro code  0x080644f4    0x280  stm32_it.o [1]
  .text               ro code  0x08064774     0xd0  packbits_init.o [5]
  .text               ro code  0x08064844      0x6  abort.o [3]
  .text               ro code  0x0806484c     0x14  exit.o [6]
  .text               ro code  0x08064860     0x30  iarttio.o [6]
  .text               ro code  0x08064890      0x8  XShttio.o [3]
  .text               ro code  0x08064898     0x28  data_init.o [5]
  .text               ro code  0x080648c0     0x22  fpinit_M.o [4]
  .iar.init_table     const    0x080648e4     0x34  - Linker created -
  .text               ro code  0x08064918     0x1a  cmain.o [5]
  .text               ro code  0x08064932      0x4  low_level_init.o [3]
  .text               ro code  0x08064936      0x4  exit.o [3]
  .text               ro code  0x0806493c      0xa  cexit.o [5]
  .text               ro code  0x08064948     0x10  startup_stm32f40_41xxx.o [1]
  .text               ro code  0x08064958      0xc  cstartup_M.o [5]
  .text               ro code  0x08064964      0x4  startup_stm32f40_41xxx.o [1]
  .text               ro code  0x08064968      0x4  startup_stm32f40_41xxx.o [1]
  .text               ro code  0x0806496c      0x4  startup_stm32f40_41xxx.o [1]
  .text               ro code  0x08064970      0x4  startup_stm32f40_41xxx.o [1]
  .text               ro code  0x08064974      0x4  startup_stm32f40_41xxx.o [1]
  .text               ro code  0x08064978      0x4  startup_stm32f40_41xxx.o [1]
  .text               ro code  0x0806497c      0x4  startup_stm32f40_41xxx.o [1]
  .text               ro code  0x08064980      0x4  startup_stm32f40_41xxx.o [1]
  .text               ro code  0x08064984      0x4  startup_stm32f40_41xxx.o [1]
  .text               ro code  0x08064988      0x4  startup_stm32f40_41xxx.o [1]
  .text               ro code  0x0806498c      0x4  startup_stm32f40_41xxx.o [1]
  .text               ro code  0x08064990      0x4  startup_stm32f40_41xxx.o [1]
  .text               ro code  0x08064994      0x4  startup_stm32f40_41xxx.o [1]
  .text               ro code  0x08064998      0x4  startup_stm32f40_41xxx.o [1]
  .text               ro code  0x0806499c      0x4  startup_stm32f40_41xxx.o [1]
  .text               ro code  0x080649a0      0x4  startup_stm32f40_41xxx.o [1]
  .text               ro code  0x080649a4      0x4  startup_stm32f40_41xxx.o [1]
  .text               ro code  0x080649a8      0x4  startup_stm32f40_41xxx.o [1]
  .text               ro code  0x080649ac      0x4  startup_stm32f40_41xxx.o [1]
  .text               ro code  0x080649b0      0x4  startup_stm32f40_41xxx.o [1]
  .text               ro code  0x080649b4      0x4  startup_stm32f40_41xxx.o [1]
  .text               ro code  0x080649b8      0x4  startup_stm32f40_41xxx.o [1]
  .text               ro code  0x080649bc      0x4  startup_stm32f40_41xxx.o [1]
  .text               ro code  0x080649c0      0x4  startup_stm32f40_41xxx.o [1]
  .text               ro code  0x080649c4      0x4  startup_stm32f40_41xxx.o [1]
  .text               ro code  0x080649c8      0x4  startup_stm32f40_41xxx.o [1]
  .text               ro code  0x080649cc      0x4  startup_stm32f40_41xxx.o [1]
  .text               ro code  0x080649d0      0x4  startup_stm32f40_41xxx.o [1]
  .text               ro code  0x080649d4      0x4  startup_stm32f40_41xxx.o [1]
  .text               ro code  0x080649d8      0x4  startup_stm32f40_41xxx.o [1]
  .text               ro code  0x080649dc      0x4  startup_stm32f40_41xxx.o [1]
  .text               ro code  0x080649e0      0x4  startup_stm32f40_41xxx.o [1]
  .text               ro code  0x080649e4      0x4  startup_stm32f40_41xxx.o [1]
  .text               ro code  0x080649e8      0x4  startup_stm32f40_41xxx.o [1]
  .text               ro code  0x080649ec      0x4  startup_stm32f40_41xxx.o [1]
  .text               ro code  0x080649f0      0x4  startup_stm32f40_41xxx.o [1]
  .text               ro code  0x080649f4      0x4  startup_stm32f40_41xxx.o [1]
  .text               ro code  0x080649f8      0x4  startup_stm32f40_41xxx.o [1]
  .text               ro code  0x080649fc      0x4  startup_stm32f40_41xxx.o [1]
  .text               ro code  0x08064a00      0x4  startup_stm32f40_41xxx.o [1]
  .text               ro code  0x08064a04      0x4  startup_stm32f40_41xxx.o [1]
  .text               ro code  0x08064a08      0x4  startup_stm32f40_41xxx.o [1]
  .text               ro code  0x08064a0c      0x4  startup_stm32f40_41xxx.o [1]
  .text               ro code  0x08064a10      0x4  startup_stm32f40_41xxx.o [1]
  .text               ro code  0x08064a14      0x4  startup_stm32f40_41xxx.o [1]
  .text               ro code  0x08064a18      0x4  startup_stm32f40_41xxx.o [1]
  .text               ro code  0x08064a1c      0x4  startup_stm32f40_41xxx.o [1]
  .text               ro code  0x08064a20      0x4  startup_stm32f40_41xxx.o [1]
  .text               ro code  0x08064a24      0x4  startup_stm32f40_41xxx.o [1]
  .text               ro code  0x08064a28      0x4  startup_stm32f40_41xxx.o [1]
  .text               ro code  0x08064a2c      0x4  startup_stm32f40_41xxx.o [1]
  .text               ro code  0x08064a30      0x4  startup_stm32f40_41xxx.o [1]
  .text               ro code  0x08064a34      0x4  startup_stm32f40_41xxx.o [1]
  .text               ro code  0x08064a38      0x4  startup_stm32f40_41xxx.o [1]
  .text               ro code  0x08064a3c      0x4  startup_stm32f40_41xxx.o [1]
  .text               ro code  0x08064a40      0x4  startup_stm32f40_41xxx.o [1]
  .text               ro code  0x08064a44      0x4  startup_stm32f40_41xxx.o [1]
  .text               ro code  0x08064a48      0x4  startup_stm32f40_41xxx.o [1]
  .text               ro code  0x08064a4c      0x4  startup_stm32f40_41xxx.o [1]
  .text               ro code  0x08064a50      0x4  startup_stm32f40_41xxx.o [1]
  .text               ro code  0x08064a54      0x4  startup_stm32f40_41xxx.o [1]
  .text               ro code  0x08064a58      0x4  startup_stm32f40_41xxx.o [1]
  .text               ro code  0x08064a5c      0x4  startup_stm32f40_41xxx.o [1]
  .text               ro code  0x08064a60      0x4  startup_stm32f40_41xxx.o [1]
  .text               ro code  0x08064a64      0x4  startup_stm32f40_41xxx.o [1]
  .text               ro code  0x08064a68      0x4  startup_stm32f40_41xxx.o [1]
  .text               ro code  0x08064a6c      0x4  startup_stm32f40_41xxx.o [1]
  .text               ro code  0x08064a70      0x4  startup_stm32f40_41xxx.o [1]
  .text               ro code  0x08064a74      0x4  startup_stm32f40_41xxx.o [1]
  .text               ro code  0x08064a78      0x4  startup_stm32f40_41xxx.o [1]
  .text               ro code  0x08064a7c      0x4  startup_stm32f40_41xxx.o [1]
  .text               ro code  0x08064a80      0x4  startup_stm32f40_41xxx.o [1]
  .text               ro code  0x08064a84      0x4  startup_stm32f40_41xxx.o [1]
  .text               ro code  0x08064a88      0x4  startup_stm32f40_41xxx.o [1]
  .text               ro code  0x08064a8c      0x4  startup_stm32f40_41xxx.o [1]
  .text               ro code  0x08064a90      0x4  startup_stm32f40_41xxx.o [1]
  .text               ro code  0x08064a94      0x4  startup_stm32f40_41xxx.o [1]
  .text               ro code  0x08064a98      0x4  startup_stm32f40_41xxx.o [1]
  .text               ro code  0x08064a9c      0x4  startup_stm32f40_41xxx.o [1]
  .text               ro code  0x08064aa0      0x4  startup_stm32f40_41xxx.o [1]
  .text               ro code  0x08064aa4      0x4  startup_stm32f40_41xxx.o [1]
  .text               ro code  0x08064aa8      0x4  startup_stm32f40_41xxx.o [1]
  .text               ro code  0x08064aac      0x4  startup_stm32f40_41xxx.o [1]
  .text               ro code  0x08064ab0      0x4  startup_stm32f40_41xxx.o [1]
  .text               ro code  0x08064ab4      0x4  startup_stm32f40_41xxx.o [1]
  .text               ro code  0x08064ab8      0x4  startup_stm32f40_41xxx.o [1]
  .text               ro code  0x08064abc      0x4  startup_stm32f40_41xxx.o [1]
  .text               ro code  0x08064ac0      0x4  startup_stm32f40_41xxx.o [1]
  .text               ro code  0x08064ac4      0x4  startup_stm32f40_41xxx.o [1]
  .text               ro code  0x08064ac8      0x4  startup_stm32f40_41xxx.o [1]
  .text               ro code  0x08064acc      0x4  startup_stm32f40_41xxx.o [1]
  .rodata             const    0x08064ad0      0x0  zero_init3.o [5]
  .rodata             const    0x08064ad0      0x0  packbits_init.o [5]
  Initializer bytes   const    0x08064ad0    0x180  <for P2 s0>
                             - 0x08064c50  0x44ac8

"P3":                                       0x6000
  .ccm                zero     0x10000000   0x5800  heap_2.o [1]
  CSTACK                       0x10005800    0x800  <Block>
    CSTACK            uninit   0x10005800    0x800  <Block tail>
                             - 0x10006000   0x6000

"P2":                                      0x1eab4
  P2 s0                        0x20000000   0x1ab5  <Init block>
    .data             inited   0x20000000   0x1034  TEcgProcessor.o [1]
    .data             inited   0x20001034    0x690  TAppProcessor.o [1]
    .data             inited   0x200016c4     0xf8  TAppProcessor.o [1]
    .data             inited   0x200017bc     0xb0  TGuiObjectsV2.o [1]
    .data             inited   0x2000186c     0x6c  tasks.o [1]
    .data             inited   0x200018d8     0x54  TNandWrite.o [1]
    .data             inited   0x2000192c     0x44  TPoolingNand.o [1]
    .data             inited   0x20001970     0x2c  TAppProcessor.o [1]
    .data             inited   0x2000199c     0x24  TAppProcessor.o [1]
    .data             inited   0x200019c0     0x18  heap_2.o [1]
    .data             inited   0x200019d8     0x18  TGuiObjectsV2.o [1]
    .data             inited   0x200019f0     0x14  system_stm32f4xx.o [1]
    .data             inited   0x20001a04     0x14  TNandWrite.o [1]
    .data             inited   0x20001a18     0x10  stm32f4xx_rcc.o [1]
    .data             inited   0x20001a28     0x10  TFrame.o [1]
    .data             inited   0x20001a38     0x10  TLMX9838.o [1]
    .data             inited   0x20001a48     0x10  TNandWrite.o [1]
    .data             inited   0x20001a58      0xc  TDSP.o [1]
    .data             inited   0x20001a64      0xc  TInterpreter.o [1]
    .data             inited   0x20001a70      0xc  TSound.o [1]
    .data             inited   0x20001a7c      0x8  TFont.o [1]
    .data             inited   0x20001a84      0x8  TLMX9838.o [1]
    .data             inited   0x20001a8c      0x8  XShttio.o [3]
    .data             inited   0x20001a94      0x4  port.o [1]
    .data             inited   0x20001a98      0x4  sd_spi.o [1]
    .data             inited   0x20001a9c      0x4  TRtc.o [1]
    .data             inited   0x20001aa0      0x4  TRtc.o [1]
    .data             inited   0x20001aa4      0x4  TRtc.o [1]
    __DLIB_PERTHREAD  inited   0x20001aa8      0x4  errno.o [3]
    .data             inited   0x20001aac      0x3  TFrame.o [1]
    .data             inited   0x20001aaf      0x2  main.o [1]
    .data             inited   0x20001ab1      0x1  TAppProcessor.o [1]
    .data             inited   0x20001ab2      0x1  TEcgProcessor.o [1]
    .data             inited   0x20001ab3      0x1  TLMX9838.o [1]
    .data             inited   0x20001ab4      0x1  TSDProcessor.o [1]
  .bss                zero     0x20001ab8  0x10000  TFlash.o [1]
  .bss                zero     0x20011ab8   0x4000  TNandWrite.o [1]
  .bss                zero     0x20015ab8   0x3000  TPoolingNand.o [1]
  .bss                zero     0x20018ab8   0x1800  TPoolingNand.o [1]
  .bss                zero     0x2001a2b8    0x80c  TDSP.o [1]
  .bss                zero     0x2001aac4    0x80c  TDSP.o [1]
  .bss                zero     0x2001b2d0    0x80c  TDSP.o [1]
  .bss                zero     0x2001badc    0x800  TAudio.o [1]
  .bss                zero     0x2001c2dc    0x800  TAudio.o [1]
  .bss                zero     0x2001cadc    0x800  TSDProcessor.o [1]
  .bss                zero     0x2001d2dc    0x800  TSDProcessor.o [1]
  .bss                zero     0x2001dadc    0x230  TSDProcessor.o [1]
  .bss                zero     0x2001dd0c    0x1e0  TFrame.o [1]
  .bss                zero     0x2001deec    0x180  TDSP.o [1]
  .bss                zero     0x2001e06c    0x100  TDSP.o [1]
  .bss                zero     0x2001e16c    0x100  TFrame.o [1]
  .bss                zero     0x2001e26c    0x100  TFrame.o [1]
  .bss                zero     0x2001e36c    0x100  TInterpreter.o [1]
  .bss                zero     0x2001e46c    0x100  TInterpreter.o [1]
  .bss                zero     0x2001e56c     0xd4  TLcdTrace.o [1]
  .bss                zero     0x2001e640     0xd4  TLcdTrace.o [1]
  .bss                zero     0x2001e714     0x80  tasks.o [1]
  .bss                zero     0x2001e794     0x80  TDSP.o [1]
  .bss                zero     0x2001e814     0x54  TDevice.o [1]
  .bss                zero     0x2001e868     0x50  TDSP.o [1]
  .bss                zero     0x2001e8b8     0x34  THardware.o [1]
  .bss                zero     0x2001e8ec     0x30  TDSP.o [1]
  .bss                zero     0x2001e91c     0x2c  TEcgProcessor.o [1]
  .bss                zero     0x2001e948     0x2c  TRespProcessor.o [1]
  .bss                zero     0x2001e974     0x20  TADS1298.o [1]
  .bss                zero     0x2001e994     0x20  TLcdTrace.o [1]
  .bss                zero     0x2001e9b4     0x20  TLcdTrace.o [1]
  .bss                zero     0x2001e9d4     0x18  ff.o [1]
  .bss                zero     0x2001e9ec     0x18  TSDProcessor.o [1]
  .bss                zero     0x2001ea04     0x10  TEcgProcessor.o [1]
  .bss                zero     0x2001ea14     0x10  TLcdTrace.o [1]
  .bss                zero     0x2001ea24     0x10  TPoolingNand.o [1]
  .bss                zero     0x2001ea34     0x10  Utilities.o [1]
  .bss                zero     0x2001ea44      0xc  TFrame.o [1]
  .bss                zero     0x2001ea50      0xc  TInterpreter.o [1]
  .bss                zero     0x2001ea5c      0xc  TRespProcessor.o [1]
  .bss                zero     0x2001ea68      0x8  ff.o [1]
  .bss                zero     0x2001ea70      0x8  TFrame.o [1]
  .bss                zero     0x2001ea78      0x8  TInterpreter.o [1]
  .bss                zero     0x2001ea80      0x4  TAppProcessor.o [1]
  .bss                zero     0x2001ea84      0x4  TEcgProcessor.o [1]
  .bss                zero     0x2001ea88      0x4  TFrame.o [1]
  .bss                zero     0x2001ea8c      0x4  TLcd.o [1]
  .bss                zero     0x2001ea90      0x4  TRtc.o [1]
  .bss                zero     0x2001ea94      0x4  TRtc.o [1]
  .bss                zero     0x2001ea98      0x4  TRtc.o [1]
  .bss                zero     0x2001ea9c      0x2  sd_spi.o [1]
  .bss                zero     0x2001ea9e      0x2  TAppProcessor.o [1]
  .bss                zero     0x2001eaa0      0x2  TAppProcessor.o [1]
  .bss                zero     0x2001eaa2      0x2  TLMX9838.o [1]
  .bss                zero     0x2001eaa4      0x1  main.o [1]
  .bss                zero     0x2001eaa5      0x1  TAppProcessor.o [1]
  .bss                zero     0x2001eaa6      0x1  TAudio.o [1]
  .bss                zero     0x2001eaa7      0x1  TFrame.o [1]
  .bss                zero     0x2001eaa8      0x1  THardware.o [1]
  .bss                zero     0x2001eaa9      0x1  TInterpreter.o [1]
  .bss                zero     0x2001eaaa      0x1  TInterpreter.o [1]
  .bss                zero     0x2001eaab      0x1  TLcd.o [1]
  .bss                zero     0x2001eaac      0x1  TLMX9838.o [1]
  .bss                zero     0x2001eaad      0x1  TSDProcessor.o [1]
  .bss                zero     0x2001eaae      0x1  TSDProcessor.o [1]
  .bss                zero     0x2001eaaf      0x1  TSDProcessor.o [1]
  .bss                zero     0x2001eab0      0x1  TSpiSram.o [1]
                             - 0x2001eab1  0x1eab1


*******************************************************************************
*** INIT TABLE
***

          Address     Size
          -------     ----
Zero (__iar_zero_init3)
    2 destination ranges, total size 0x227f9:
          0x10000000   0x5800
          0x20001ab8  0x1cff9

Copy/packbits (__iar_packbits_init3)
    1 source range, total size 0x180 (5% of destination):
          0x08064ad0    0x180
    1 destination range, total size 0x1ab5:
          0x20000000   0x1ab5



*******************************************************************************
*** MODULE SUMMARY
***

    Module                    ro code  ro data  rw data
    ------                    -------  -------  -------
D:\WORK\Firmware_LastRelease\_7.0.95\MainMCU\KP02_DEVICE_2\Obj: [1]
    StnFont.o                   2 828
    TADS1292.o                     68
    TADS1298.o                    640                32
    TAppProcessor.o            47 292      114    2 018
    TAudio.o                      480             4 097
    TDSP.o                      1 688        1    7 088
    TDevice.o                     536                84
    TEcgProcessor.o               334      232    4 213
    TFlash.o                      300            65 536
    TFont.o                     5 416    7 933        8
    TFrame.o                    1 476             1 036
    TGuiObjectsV2.o            18 420  148 063      200
    THardware.o                   340                53
    TInterpreter.o              2 232        1      546
    TLMX9838.o                  1 590        1       28
    TLcd.o                      1 956                 5
    TLcdTrace.o                   516               504
    TNandWrite.o                1 016        6   16 504
    TPoolingNand.o                964        4   18 516
    TRespProcessor.o              112                56
    TRtc.o                        972        1       24
    TSDProcessor.o              1 048        1    4 684
    TSound.o                      456                12
    TSpiSram.o                    912                 1
    Utilities.o                   588                16
    ff.o                        4 796                32
    heap_2.o                      240        1   22 552
    list.o                        148
    main.o                        740                 3
    misc.o                        436
    mmc.o                          40
    port.o                        192                 4
    portasm.o                     160
    sd_spi.o                    2 348                 6
    startup_stm32f40_41xxx.o      772
    stm32_it.o                    640
    stm32f4xx_adc.o             1 356
    stm32f4xx_dbgmcu.o            176
    stm32f4xx_dma.o             2 628
    stm32f4xx_exti.o              496
    stm32f4xx_flash.o             732
    stm32f4xx_gpio.o            1 264
    stm32f4xx_pwr.o               268
    stm32f4xx_rcc.o             2 024        1       16
    stm32f4xx_rtc.o             1 784
    stm32f4xx_spi.o             1 144
    stm32f4xx_syscfg.o            280
    stm32f4xx_tim.o             3 324
    stm32f4xx_usart.o           1 704
    system_stm32f4xx.o            392        2       20
    tasks.o                     1 464        6      236
    ---------------------------------------------------
    Total:                    121 728  156 367  148 130

command line: [2]
    ---------------------------------------------------
    Total:

dl7M_tln.a: [3]
    XShttio.o                       8        1        8
    abort.o                         6
    errno.o                        12                 4
    exit.o                          4
    labs.o                          8
    low_level_init.o                4
    strcat.o                       28
    xtls.o                          2
    ---------------------------------------------------
    Total:                         72        1       12

m7M_tls.a: [4]
    DblAdd.o                      232
    DblCmpGe.o                     46
    DblCmpLe.o                     46
    DblDiv.o                      598
    DblMul.o                      418
    DblSub.o                      384
    DblToFlt.o                    144
    DblToI32.o                     76
    FltToDbl.o                     78
    I32ToDbl.o                     48
    fpinit_M.o                     34
    sqrtf.o                        28
    ---------------------------------------------------
    Total:                      2 132

rt7M_tl.a: [5]
    ABImemcpy_unaligned.o         118
    ABImemset.o                   102
    ABImemset48.o                  58
    I64DivMod.o                   306
    I64DivZer.o                     2
    cexit.o                        10
    cmain.o                        26
    cstartup_M.o                   12
    data_init.o                    40
    iarEdom.o                      12
    packbits_init.o               208
    strcmp_unaligned.o             66
    strcpy_unaligned.o             68
    strlen.o                       54
    strncpy_unaligned.o           108
    zero_init3.o                   34
    ---------------------------------------------------
    Total:                      1 224

shb_l.a: [6]
    exit.o                         20
    iarttio.o                      48
    ---------------------------------------------------
    Total:                         68

    Gaps                           34        2        3
    Linker created                          52    2 048
-------------------------------------------------------
    Grand Total:              125 258  156 422  150 193


*******************************************************************************
*** ENTRY LIST
***

Entry                      Address     Size  Type      Object
-----                      -------     ----  ----      ------
.iar.init_table$$Base   0x080648e4            --   Gb  - Linker created -
.iar.init_table$$Limit  0x08064918            --   Gb  - Linker created -
?main                   0x08064919           Code  Gb  cmain.o [5]
ADC_Cmd                 0x0806077b     0x54  Code  Gb  stm32f4xx_adc.o [1]
ADC_CommonInit          0x08060661    0x11a  Code  Gb  stm32f4xx_adc.o [1]
ADC_DMACmd              0x0806091d     0x4e  Code  Gb  stm32f4xx_adc.o [1]
ADC_DMARequestAfterLastTransferCmd
                        0x0806096b     0x4e  Code  Gb  stm32f4xx_adc.o [1]
ADC_Init                0x080604f5    0x16c  Code  Gb  stm32f4xx_adc.o [1]
ADC_RegularChannelConfig
                        0x080607cf    0x14e  Code  Gb  stm32f4xx_adc.o [1]
AHBPrescTable           0x200019f0     0x10  Data  Gb  system_stm32f4xx.o [1]
APBAHBPrescTable        0x20001a18     0x10  Data  Lc  stm32f4xx_rcc.o [1]
AU_PMD_IRQHandler(int)  0x08064637     0x32  Code  Gb  stm32_it.o [1]
BusFault_Handler        0x080645a1      0x8  Code  Gb  stm32_it.o [1]
CSTACK$$Base            0x10005800            --   Gb  - Linker created -
CSTACK$$Limit           0x10006000            --   Gb  - Linker created -
CS_HIGH                 0x08060c5d     0x20  Code  Gb  sd_spi.o [1]
CS_LOW                  0x08060c3d     0x20  Code  Gb  sd_spi.o [1]
CardType                0x20001a9b      0x1  Data  Gb  sd_spi.o [1]
Crc8Table               0x08058864    0x100  Data  Lc  TNandWrite.o [1]
DBGMCU_Config           0x0806136d     0x40  Code  Gb  stm32f4xx_dbgmcu.o [1]
DMA2_Stream0_IRQHandler
                        0x08064669     0x44  Code  Gb  stm32_it.o [1]
DMA_ClearITPendingBit   0x080602e5     0xb4  Code  Gb  stm32f4xx_dma.o [1]
DMA_Cmd                 0x0805feeb     0xbc  Code  Gb  stm32f4xx_dma.o [1]
DMA_DeInit              0x0805fab1    0x1de  Code  Gb  stm32f4xx_dma.o [1]
DMA_GetITStatus         0x08060119    0x1cc  Code  Gb  stm32f4xx_dma.o [1]
DMA_ITConfig            0x08060001     0xd4  Code  Gb  stm32f4xx_dma.o [1]
DMA_Init                0x0805fc8f    0x25c  Code  Gb  stm32f4xx_dma.o [1]
DTstamp                 0x200019b4      0x4  Data  Gb  TAppProcessor.o [1]
DebugMon_Handler        0x080645b5      0x2  Code  Gb  stm32_it.o [1]
ECGMCUFW_bin            0x08045c98   0xa000  Data  Lc  TAppProcessor.o [1]
ECGMCUFW_size           0x08045c94      0x4  Data  Lc  TAppProcessor.o [1]
EXTI0_IRQHandler        0x080646d7     0x18  Code  Gb  stm32_it.o [1]
EXTI1_IRQHandler        0x080646ef     0x18  Code  Gb  stm32_it.o [1]
EXTI2_IRQHandler        0x080645f7     0x40  Code  Gb  stm32_it.o [1]
EXTI9_5_IRQHandler      0x080645d9     0x1e  Code  Gb  stm32_it.o [1]
EXTI_ClearITPendingBit  0x0805f449     0x20  Code  Gb  stm32f4xx_exti.o [1]
EXTI_GetITStatus        0x0805f3af     0x9a  Code  Gb  stm32f4xx_exti.o [1]
EXTI_Init               0x0805f2ed     0xc2  Code  Gb  stm32f4xx_exti.o [1]
EnterStopMode           0x2001eaa4      0x1  Data  Gb  main.o [1]
FATFS_Obj               0x20001444    0x230  Data  Gb  TAppProcessor.o [1]
FCLK_FAST               0x08060b67     0x44  Code  Gb  sd_spi.o [1]
FLASH_EraseSector       0x0805051d     0xfa  Code  Gb  stm32f4xx_flash.o [1]
FLASH_GetStatus         0x08050679     0x38  Code  Gb  stm32f4xx_flash.o [1]
FLASH_PrefetchBufferCmd
                        0x080504d5     0x30  Code  Gb  stm32f4xx_flash.o [1]
FLASH_ProgramHalfWord   0x08050617     0x62  Code  Gb  stm32f4xx_flash.o [1]
FLASH_SetLatency        0x08050481     0x54  Code  Gb  stm32f4xx_flash.o [1]
FLASH_Unlock            0x08050505     0x18  Code  Gb  stm32f4xx_flash.o [1]
FLASH_WaitForLastOperation
                        0x080506cd     0x28  Code  Gb  stm32f4xx_flash.o [1]
FatFs                   0x2001ea6c      0x4  Data  Lc  ff.o [1]
Files                   0x2001e9d4     0x18  Data  Lc  ff.o [1]
Font1                   0x0805b170    0xb00  Data  Lc  StnFont.o [1]
Fsid                    0x2001ea68      0x2  Data  Lc  ff.o [1]
GPIO_Init               0x08052979    0x160  Code  Gb  stm32f4xx_gpio.o [1]
GPIO_PinAFConfig        0x08052cad    0x126  Code  Gb  stm32f4xx_gpio.o [1]
GPIO_ReadInputDataBit   0x08052ad9     0xd6  Code  Gb  stm32f4xx_gpio.o [1]
GPIO_ResetBits          0x08052c19     0x6a  Code  Gb  stm32f4xx_gpio.o [1]
GPIO_SetBits            0x08052baf     0x6a  Code  Gb  stm32f4xx_gpio.o [1]
GetTableCharFont1(char)
                        0x0805b165      0xc  Code  Gb  StnFont.o [1]
HFH_Event               0x2001ea4c      0x4  Data  Gb  TFrame.o [1]
HFH_ev                  0x200019b8      0x4  Data  Gb  TAppProcessor.o [1]
HardFault_Handler       0x0806458f      0xa  Code  Gb  stm32_it.o [1]
InStream_Read           0x08064775     0x22  Code  Lc  packbits_init.o [5]
MCO_Config()            0x0805a873     0x48  Code  Lc  main.o [1]
MemManage_Handler       0x08064599      0x8  Code  Gb  stm32_it.o [1]
NMI_Handler             0x0806458d      0x2  Code  Gb  stm32_it.o [1]
NVIC_Init               0x08050793     0x90  Code  Gb  misc.o [1]
NVIC_PriorityGroupConfig
                        0x0805075d     0x36  Code  Gb  misc.o [1]
NVIC_SetVectorTable     0x08050823     0x38  Code  Gb  misc.o [1]
NVIC_SystemReset()      0x080644f5     0x18  Code  Lc  stm32_it.o [1]
NVIC_SystemReset()      0x08051685     0x18  Code  Lc  TDevice.o [1]
PWR_BackupAccessCmd     0x08058a55     0x1a  Code  Gb  stm32f4xx_pwr.o [1]
PWR_EnterSTANDBYMode    0x08058ac7     0x20  Code  Gb  stm32f4xx_pwr.o [1]
PWR_EnterSTOPMode       0x08058a6f     0x58  Code  Gb  stm32f4xx_pwr.o [1]
PatCardFile             0x2000169c     0x28  Data  Gb  TAppProcessor.o [1]
PendSV_Handler          0x080645b7      0x4  Code  Gb  stm32_it.o [1]
RCC_AHB1PeriphClockCmd  0x08050139     0x50  Code  Gb  stm32f4xx_rcc.o [1]
RCC_APB1PeriphClockCmd  0x08050189     0x50  Code  Gb  stm32f4xx_rcc.o [1]
RCC_APB1PeriphResetCmd  0x08050229     0x48  Code  Gb  stm32f4xx_rcc.o [1]
RCC_APB2PeriphClockCmd  0x080501d9     0x50  Code  Gb  stm32f4xx_rcc.o [1]
RCC_APB2PeriphResetCmd  0x08050271     0x48  Code  Gb  stm32f4xx_rcc.o [1]
RCC_ClearFlag           0x08050345      0xc  Code  Gb  stm32f4xx_rcc.o [1]
RCC_DeInit              0x0804fc99     0x42  Code  Gb  stm32f4xx_rcc.o [1]
RCC_GetClocksFreq       0x0804ff3f     0xa4  Code  Gb  stm32f4xx_rcc.o [1]
RCC_GetFlagStatus       0x080502d9     0x6c  Code  Gb  stm32f4xx_rcc.o [1]
RCC_GetSYSCLKSource     0x0804fe7b      0xc  Code  Gb  stm32f4xx_rcc.o [1]
RCC_HCLKConfig          0x0804fe87     0x42  Code  Gb  stm32f4xx_rcc.o [1]
RCC_LSEConfig           0x0804fcdb     0x3a  Code  Gb  stm32f4xx_rcc.o [1]
RCC_LSICmd              0x0804fd15     0x1e  Code  Gb  stm32f4xx_rcc.o [1]
RCC_MCO1Config          0x0804fdef     0x62  Code  Gb  stm32f4xx_rcc.o [1]
RCC_PCLK1Config         0x0804fec9     0x3a  Code  Gb  stm32f4xx_rcc.o [1]
RCC_PCLK2Config         0x0804ff03     0x3c  Code  Gb  stm32f4xx_rcc.o [1]
RCC_PLLCmd              0x0804fdd1     0x1e  Code  Gb  stm32f4xx_rcc.o [1]
RCC_PLLConfig           0x0804fd33     0x9e  Code  Gb  stm32f4xx_rcc.o [1]
RCC_RTCCLKCmd           0x0805011b     0x1e  Code  Gb  stm32f4xx_rcc.o [1]
RCC_RTCCLKConfig        0x0804ffe3    0x138  Code  Gb  stm32f4xx_rcc.o [1]
RCC_SYSCLKConfig        0x0804fe51     0x2a  Code  Gb  stm32f4xx_rcc.o [1]
RTC_AlarmSubSecondConfig
                        0x08051cb1     0xbe  Code  Gb  stm32f4xx_rtc.o [1]
RTC_Bcd2ToByte(unsigned char)
                        0x08051f1b     0x12  Code  Lc  stm32f4xx_rtc.o [1]
RTC_ByteToBcd2(unsigned char)
                        0x08051f05     0x16  Code  Lc  stm32f4xx_rtc.o [1]
RTC_ClearFlag           0x08051ec5     0x2e  Code  Gb  stm32f4xx_rtc.o [1]
RTC_EnterInitMode       0x0805191f     0x3e  Code  Gb  stm32f4xx_rtc.o [1]
RTC_ExitInitMode        0x0805195d      0xe  Code  Gb  stm32f4xx_rtc.o [1]
RTC_GetDate             0x08051a0d     0x5e  Code  Gb  stm32f4xx_rtc.o [1]
RTC_GetTime             0x080519ad     0x60  Code  Gb  stm32f4xx_rtc.o [1]
RTC_Init                0x0805189d     0x82  Code  Gb  stm32f4xx_rtc.o [1]
RTC_ReadBackupRegister  0x08051e45     0x78  Code  Gb  stm32f4xx_rtc.o [1]
RTC_SetAlarm            0x08051a6b    0x246  Code  Gb  stm32f4xx_rtc.o [1]
RTC_TamperCmd           0x08051d85     0x40  Code  Gb  stm32f4xx_rtc.o [1]
RTC_WaitForSynchro      0x0805196b     0x42  Code  Gb  stm32f4xx_rtc.o [1]
RTC_WriteBackupRegister
                        0x08051dc9     0x7a  Code  Gb  stm32f4xx_rtc.o [1]
Region$$Table$$Base     0x080648e4            --   Gb  - Linker created -
Region$$Table$$Limit    0x08064918            --   Gb  - Linker created -
SD_Init                 0x08060a41    0x126  Code  Gb  sd_spi.o [1]
SD_LowLevel_Deinit      0x080611c7     0x62  Code  Gb  sd_spi.o [1]
SD_LowLevel_Init        0x08061229    0x126  Code  Gb  sd_spi.o [1]
SD_Off_Sound            0x20001435      0x1  Data  Gb  TAppProcessor.o [1]
SD_On_Sound             0x20001434      0x1  Data  Gb  TAppProcessor.o [1]
SD_ReadMultiBlocks      0x08060ddb     0x86  Code  Gb  sd_spi.o [1]
SD_Timer_Deinit         0x080611a9     0x1e  Code  Gb  sd_spi.o [1]
SD_Timer_Init           0x08061147     0x62  Code  Gb  sd_spi.o [1]
SD_WriteMultiBlocks     0x08060e61     0xa4  Code  Gb  sd_spi.o [1]
SPI_Cmd                 0x0805f88d     0x6e  Code  Gb  stm32f4xx_spi.o [1]
SPI_I2S_DeInit          0x0805f639     0xfc  Code  Gb  stm32f4xx_spi.o [1]
SPI_I2S_GetFlagStatus   0x0805f9a5     0x84  Code  Gb  stm32f4xx_spi.o [1]
SPI_I2S_ReceiveData     0x0805f8fb     0x48  Code  Gb  stm32f4xx_spi.o [1]
SPI_I2S_SendData        0x0805f943     0x4a  Code  Gb  stm32f4xx_spi.o [1]
SPI_Init                0x0805f735    0x158  Code  Gb  stm32f4xx_spi.o [1]
SVC_Handler             0x080645b1      0x4  Code  Gb  stm32_it.o [1]
SYSCFG_EXTILineConfig   0x0805f4dd     0xa8  Code  Gb  stm32f4xx_syscfg.o [1]
SetClock()              0x0805a7cd     0xa6  Code  Gb  main.o [1]
SetClockTo40MHz()       0x0806450d     0x64  Code  Gb  stm32_it.o [1]
SetSysClock()           0x0805eee1     0xa0  Code  Lc  system_stm32f4xx.o [1]
Stat                    0x20001a98      0x1  Data  Gb  sd_spi.o [1]
StopMode                0x20001aaf      0x1  Data  Gb  main.o [1]
StopModePeriod          0x20001ab0      0x1  Data  Gb  main.o [1]
SysFont                 0x20001a80      0x4  Data  Gb  TFont.o [1]
SysPal                  0x2001ea8c      0x4  Data  Gb  TLcd.o [1]
SysReset()              0x08064571     0x1c  Code  Gb  stm32_it.o [1]
SysTick_CLKSourceConfig
                        0x0805085b     0x30  Code  Gb  misc.o [1]
SysTick_Handler         0x080645bb      0x4  Code  Gb  stm32_it.o [1]
SystemCoreClock         0x20001a00      0x4  Data  Gb  system_stm32f4xx.o [1]
SystemCoreClockUpdate   0x0805ee67     0x7a  Code  Gb  system_stm32f4xx.o [1]
SystemInit              0x0805ee29     0x3e  Code  Gb  system_stm32f4xx.o [1]
TADS1292::ADS1292PHYInit()
                        0x0805c9f7      0x2  Code  Gb  TADS1292.o [1]
TADS1292::ADS1292_Init()
                        0x0805c9b7     0x40  Code  Gb  TADS1292.o [1]
TADS1292::SPI_Reset(bool)
                        0x0805c9b5      0x2  Code  Gb  TADS1292.o [1]
TADS1298::ADS1298PHYInit()
                        0x0805c8e7     0x92  Code  Gb  TADS1298.o [1]
TADS1298::ADS1298_Init()
                        0x0805c899     0x4e  Code  Gb  TADS1298.o [1]
TADS1298::GetConvertResult()
                        0x0805c735    0x164  Code  Gb  TADS1298.o [1]
TAppProcessor::AX_CoordWr
                        0x2001ea80      0x4  Data  Gb  TAppProcessor.o [1]
TAppProcessor::AnalogVoltageValue
                        0x2001eaa0      0x2  Data  Gb  TAppProcessor.o [1]
TAppProcessor::App_ParceEvents(unsigned char, unsigned char, unsigned char *)
                        0x08044451     0x8c  Code  Gb  TAppProcessor.o [1]
TAppProcessor::AudioRec
                        0x20001437      0x1  Data  Gb  TAppProcessor.o [1]
TAppProcessor::BatVoltageLevel
                        0x2001eaa5      0x1  Data  Gb  TAppProcessor.o [1]
TAppProcessor::BatVoltageValue
                        0x200019ac      0x2  Data  Gb  TAppProcessor.o [1]
TAppProcessor::CableCheck()
                        0x08045955     0x56  Code  Gb  TAppProcessor.o [1]
TAppProcessor::ChangeCableIcon(int)
                        0x08045a35     0x70  Code  Gb  TAppProcessor.o [1]
TAppProcessor::DeviceDateTime
                        0x2000199c      0x8  Data  Gb  TAppProcessor.o [1]
TAppProcessor::ECGRecordingStarted
                        0x200019a5      0x1  Data  Gb  TAppProcessor.o [1]
TAppProcessor::ErrorInRecordMode
                        0x20001ab1      0x1  Data  Gb  TAppProcessor.o [1]
TAppProcessor::ExitFromRecordMode
                        0x2000143b      0x1  Data  Gb  TAppProcessor.o [1]
TAppProcessor::LiVoltageValue
                        0x2001ea9e      0x2  Data  Gb  TAppProcessor.o [1]
TAppProcessor::PatientCard
                        0x200016c4     0xf8  Data  Gb  TAppProcessor.o [1]
TAppProcessor::RCC_Configuration_Main()
                        0x080443dd     0x74  Code  Gb  TAppProcessor.o [1]
TAppProcessor::ReadBlockIntoBuffer(unsigned char *, unsigned char)
                        0x08044a55     0x2a  Code  Gb  TAppProcessor.o [1]
TAppProcessor::RecordInProgress
                        0x2000143a      0x1  Data  Gb  TAppProcessor.o [1]
TAppProcessor::Setup    0x200019a8      0x4  Data  Gb  TAppProcessor.o [1]
TAppProcessor::StartECGRecording
                        0x200019a6      0x1  Data  Gb  TAppProcessor.o [1]
TAppProcessor::StartNow
                        0x200019a4      0x1  Data  Gb  TAppProcessor.o [1]
TAppProcessor::StartRecording
                        0x20001436      0x1  Data  Gb  TAppProcessor.o [1]
TAppProcessor::SysVoltageValue
                        0x2000143e      0x2  Data  Gb  TAppProcessor.o [1]
TAppProcessor::TASK_Loading(void *)
                        0x08044f91    0x8d4  Code  Gb  TAppProcessor.o [1]
TAppProcessor::TASK_StartUp(void *)
                        0x08044aa1    0x2c6  Code  Gb  TAppProcessor.o [1]
TAppProcessor::UFrameReqDeviceMap
                        0x200019b0      0x4  Data  Gb  TAppProcessor.o [1]
TAppProcessor::UnifiedFrameRcvHandler()
                        0x08044509    0x54c  Code  Gb  TAppProcessor.o [1]
TAppProcessor::UploadBlockIntoBuffer(unsigned char *, unsigned char, unsigned char)
                        0x08044a7f     0x22  Code  Gb  TAppProcessor.o [1]
TAppProcessor::audio_rec_start
                        0x20001439      0x1  Data  Gb  TAppProcessor.o [1]
TAppProcessor::cable_state
                        0x200019bc      0x4  Data  Gb  TAppProcessor.o [1]
TAppProcessor::ecg_format
                        0x20001438      0x1  Data  Gb  TAppProcessor.o [1]
TAppProcessor::ufSerialNumber
                        0x20001970     0x2c  Data  Gb  TAppProcessor.o [1]
TAudio::ADC1_raw_data   0x2001badc    0x800  Data  Gb  TAudio.o [1]
TAudio::AUDIO_PHYInit()
                        0x080592a1    0x1e0  Code  Gb  TAudio.o [1]
TAudio::Audio_raw_data  0x2001c2dc    0x800  Data  Gb  TAudio.o [1]
TAudio::VoiceRec        0x2001eaa6      0x1  Data  Gb  TAudio.o [1]
TDSP::Butterworth_Ecg_HF(int, unsigned char)
                        0x08061755     0xbe  Code  Gb  TDSP.o [1]
TDSP::FFHigh_MA0(int, int *, bool)
                        0x08061941     0x8a  Code  Gb  TDSP.o [1]
TDSP::FFHigh_MA1(int, int *, bool)
                        0x080619cb     0x8a  Code  Gb  TDSP.o [1]
TDSP::FFHigh_MA2(int, int *, bool)
                        0x08061a55     0x8a  Code  Gb  TDSP.o [1]
TDSP::FF_Butterworth_HF(int, unsigned char)
                        0x080616cd     0x64  Code  Gb  TDSP.o [1]
TDSP::FF_LP_12(int)     0x080614f1     0xd8  Code  Gb  TDSP.o [1]
TDSP::FHigh_0_32_Fixed(int, unsigned char, bool, unsigned char)
                        0x08061825     0xaa  Code  Gb  TDSP.o [1]
TDSP::FHigh_0_32_Fixed_Resp(int, bool)
                        0x080618dd     0x5e  Code  Gb  TDSP.o [1]
TDSP::MA_HP_Arr0        0x2001a2b8    0x800  Data  Gb  TDSP.o [1]
TDSP::MA_HP_Arr1        0x2001aac4    0x800  Data  Gb  TDSP.o [1]
TDSP::MA_HP_Arr2        0x2001b2d0    0x800  Data  Gb  TDSP.o [1]
TDSP::RFF_LP_12(int)    0x080615c9    0x104  Code  Gb  TDSP.o [1]
TDevice::BattMeterDisable()
                        0x08051781     0x10  Code  Gb  TDevice.o [1]
TDevice::BattMeterEnable()
                        0x08051771     0x10  Code  Gb  TDevice.o [1]
TDevice::BluetoothDisable()
                        0x080517cd     0x12  Code  Gb  TDevice.o [1]
TDevice::BluetoothEnable()
                        0x080517b9     0x12  Code  Gb  TDevice.o [1]
TDevice::DEVICE         0x2001e864      0x4  Data  Gb  TDevice.o [1]
TDevice::DEVICE_Obj     0x2001e814     0x50  Data  Gb  TDevice.o [1]
TDevice::DebugToolsDisable()
                        0x08051841     0x12  Code  Gb  TDevice.o [1]
TDevice::DebugToolsEnable()
                        0x0805182d     0x12  Code  Gb  TDevice.o [1]
TDevice::EcgDisable()   0x08051801     0x12  Code  Gb  TDevice.o [1]
TDevice::EcgEnable()    0x080517e1     0x1e  Code  Gb  TDevice.o [1]
TDevice::KeyboardDisable()
                        0x080517a5     0x12  Code  Gb  TDevice.o [1]
TDevice::KeyboardEnable()
                        0x08051791     0x12  Code  Gb  TDevice.o [1]
TDevice::LcdDisable()   0x08051759     0x16  Code  Gb  TDevice.o [1]
TDevice::LcdEnable()    0x08051739     0x20  Code  Gb  TDevice.o [1]
TDevice::SDDisable()    0x08051821      0xc  Code  Gb  TDevice.o [1]
TDevice::SDEnable()     0x08051815      0xc  Code  Gb  TDevice.o [1]
TDevice::SystemLowLevelInit()
                        0x0805169d     0x9c  Code  Gb  TDevice.o [1]
TDevice::SystemReset()  0x08051853     0x1c  Code  Gb  TDevice.o [1]
TEcgProcessor::BuffEcgData
                        0x20000034   0x1000  Data  Gb  TEcgProcessor.o [1]
TEcgProcessor::ChannelsProcessing()
                        0x0805ca55     0x4a  Code  Gb  TEcgProcessor.o [1]
TEcgProcessor::EcgData  0x2001e91c     0x2c  Data  Gb  TEcgProcessor.o [1]
TEcgProcessor::HR_Led_Enable
                        0x20001ab2      0x1  Data  Gb  TEcgProcessor.o [1]
TEcgProcessor::Hartbeat
                        0x2001ea04     0x10  Data  Gb  TEcgProcessor.o [1]
TEcgProcessor::StartWritingZeroAdduction
                        0x20000030      0x4  Data  Gb  TEcgProcessor.o [1]
TEcgProcessor::TASK_WrProcessing(void *)
                        0x0805ca0d     0x48  Code  Gb  TEcgProcessor.o [1]
TEcgProcessor::TimerDeinit()
                        0x0805cb53      0x8  Code  Gb  TEcgProcessor.o [1]
TEcgProcessor::TimerInit()
                        0x0805cb0d     0x46  Code  Gb  TEcgProcessor.o [1]
TEcgProcessor::WrChannelsProcessing()
                        0x0805ca9f     0x5c  Code  Gb  TEcgProcessor.o [1]
TEcgProcessor::WrEcgData
                        0x20000000     0x2c  Data  Gb  TEcgProcessor.o [1]
TEcgProcessor::ram_addr
                        0x2000002c      0x4  Data  Gb  TEcgProcessor.o [1]
TEcgProcessor::xhECGWrProcessing
                        0x2001ea84      0x4  Data  Gb  TEcgProcessor.o [1]
TFlash::SF_CommitPage()
                        0x0805201d     0x36  Code  Gb  TFlash.o [1]
TFlash::SF_GetData8(unsigned int)
                        0x080520a1      0x4  Code  Gb  TFlash.o [1]
TFlash::SF_GetDataPtr(unsigned int)
                        0x08053331      0x2  Code  Gb  TLMX9838.o [1]
TFlash::SF_Init()       0x08051f95     0x18  Code  Gb  TFlash.o [1]
TFlash::SF_PageCache    0x20001ab8  0x10000  Data  Gb  TFlash.o [1]
TFlash::SF_SetDefaults()
                        0x08051fad     0x5a  Code  Gb  TFlash.o [1]
TFlash::SF_StoreData16(unsigned int, unsigned short)
                        0x08052079     0x10  Code  Gb  TFlash.o [1]
TFlash::SF_StoreData8(unsigned int, unsigned char)
                        0x0805206f      0xa  Code  Gb  TFlash.o [1]
TFlash::SF_StoreDataArray(unsigned int, unsigned char *, int)
                        0x08052053     0x1c  Code  Gb  TFlash.o [1]
TFlash::SF_UpdatePage()
                        0x08052007     0x16  Code  Gb  TFlash.o [1]
TFont::DrawText(unsigned short, unsigned short, char const *, unsigned short, unsigned char)
                        0x0805ed01     0xc8  Code  Gb  TFont.o [1]
TFont::SetSysFont(TBitMap const *)
                        0x0805edc9      0x6  Code  Gb  TFont.o [1]
TFont::StringCnt(char const *)
                        0x0805ee05     0x24  Code  Gb  TFont.o [1]
TFont::StringLen(char const *)
                        0x0805edcf     0x2e  Code  Gb  TFont.o [1]
TFrame::AddSampleToMonitoringDataBuffer(EcgData_t *)
                        0x08050d89     0x9c  Code  Gb  TFrame.o [1]
TFrame::CommandRequest()
                        0x0805093d    0x120  Code  Gb  TFrame.o [1]
TFrame::ISR_USART_Rcv()
                        0x08050911     0x2c  Code  Gb  TFrame.o [1]
TFrame::LSTAT_Stored    0x2001ea44      0x1  Data  Gb  TFrame.o [1]
TFrame::ParseLMXCommand(unsigned char *)
                        0x08050b85     0x12  Code  Gb  TFrame.o [1]
TFrame::ParseSysCommand(unsigned char *)
                        0x08050b97     0x12  Code  Gb  TFrame.o [1]
TFrame::ResumeFromISR   0x2001ea70      0x1  Data  Gb  TFrame.o [1]
TFrame::SampleDataBuffer
                        0x2001dd0c    0x1e0  Data  Gb  TFrame.o [1]
TFrame::SendDataFrameToHost(unsigned char)
                        0x08050ba9     0xd6  Code  Gb  TFrame.o [1]
TFrame::SendFrameToHost(unsigned char)
                        0x08050d35     0x38  Code  Gb  TFrame.o [1]
TFrame::SendFrameToHost(unsigned char, unsigned char, unsigned char const *)
                        0x08050c7f     0x6a  Code  Gb  TFrame.o [1]
TFrame::SendFrameToHost(unsigned char, unsigned char, unsigned char)
                        0x08050ce9     0x4c  Code  Gb  TFrame.o [1]
TFrame::SetState()      0x08050a5d     0x78  Code  Gb  TFrame.o [1]
TFrame::StartMonitioring
                        0x2001eaa7      0x1  Data  Gb  TFrame.o [1]
TFrame::StartUpBluetooth
                        0x2001ea46      0x1  Data  Gb  TFrame.o [1]
TFrame::TASK_CheckISRFlag(void *)
                        0x08050d6d     0x1c  Code  Gb  TFrame.o [1]
TFrame::TASK_CmdProcessor(void *)
                        0x08050ad5     0xb0  Code  Gb  TFrame.o [1]
TFrame::TASK_SendDataToHost(void *)
                        0x08050e25     0x46  Code  Gb  TFrame.o [1]
TFrame::TurnOffAfterLinkDisconnected
                        0x2001ea45      0x1  Data  Gb  TFrame.o [1]
TFrame::UartBuffNotEmpty
                        0x20001a28      0x1  Data  Gb  TFrame.o [1]
TFrame::UartBuffer      0x2001e16c    0x100  Data  Gb  TFrame.o [1]
TFrame::UartBufferIndx  0x20001a34      0x4  Data  Gb  TFrame.o [1]
TFrame::gData           0x2001ea48      0x4  Data  Gb  TFrame.o [1]
TFrame::gDataLenght     0x20001a29      0x1  Data  Gb  TFrame.o [1]
TFrame::inSmpDataIndx   0x20001aac      0x1  Data  Gb  TFrame.o [1]
TFrame::outSmpDataIndx  0x20001aad      0x1  Data  Gb  TFrame.o [1]
TFrame::xBuffer         0x2001e26c    0x100  Data  Gb  TFrame.o [1]
TFrame::xhCmdProcessor  0x2001ea74      0x4  Data  Gb  TFrame.o [1]
TFrame::xhECGDataSend   0x2001ea88      0x4  Data  Gb  TFrame.o [1]
TGuiObjects::AddECGArrayToScreen(EcgData_t *)
                        0x080577a5    0x148  Code  Gb  TGuiObjectsV2.o [1]
TGuiObjects::ButtonModeStart
                        0x200017c0      0x1  Data  Gb  TGuiObjectsV2.o [1]
TGuiObjects::DrawTime(unsigned short, unsigned short, unsigned short, unsigned char)
                        0x08056019     0x24  Code  Gb  TGuiObjectsV2.o [1]
TGuiObjects::ECG_Enstead_Time
                        0x200017bd      0x1  Data  Gb  TGuiObjectsV2.o [1]
TGuiObjects::EcgOnScreen
                        0x200017be      0x1  Data  Gb  TGuiObjectsV2.o [1]
TGuiObjects::GO_TASK_GUIObj(void *)
                        0x080536c5   0x132c  Code  Gb  TGuiObjectsV2.o [1]
TGuiObjects::GO_TASK_ScrOff(void *)
                        0x0805794d    0x1dc  Code  Gb  TGuiObjectsV2.o [1]
TGuiObjects::GUIDesktopShowCharge()
                        0x08055fe3      0xc  Code  Gb  TGuiObjectsV2.o [1]
TGuiObjects::GUIDesktopShowError()
                        0x08055fd7      0xc  Code  Gb  TGuiObjectsV2.o [1]
TGuiObjects::GUIDesktopShowFirmwareUpdate()
                        0x08055fef      0xc  Code  Gb  TGuiObjectsV2.o [1]
TGuiObjects::GUIDesktopShowNone()
                        0x08055fbf      0xc  Code  Gb  TGuiObjectsV2.o [1]
TGuiObjects::GUIDesktopShowProgressBar()
                        0x08055fb3      0xc  Code  Gb  TGuiObjectsV2.o [1]
TGuiObjects::GUIDesktopShowTime()
                        0x08055ffb     0x16  Code  Gb  TGuiObjectsV2.o [1]
TGuiObjects::GUIDesktopShowWait()
                        0x08055fcb      0xc  Code  Gb  TGuiObjectsV2.o [1]
TGuiObjects::GUIMode    0x200017c4      0x4  Data  Gb  TGuiObjectsV2.o [1]
TGuiObjects::GUIObj_Init()
                        0x08053379     0x4e  Code  Gb  TGuiObjectsV2.o [1]
TGuiObjects::GUIUpdateTempNBatt()
                        0x080533d5      0x2  Code  Gb  TGuiObjectsV2.o [1]
TGuiObjects::GetDataForScreen(unsigned char)
                        0x080578ed     0x60  Code  Gb  TGuiObjectsV2.o [1]
TGuiObjects::MenuSel    0x200019d8      0x4  Data  Gb  TGuiObjectsV2.o [1]
TGuiObjects::MessageBox(char const *, bool, char const *, char const *, unsigned int)
                        0x080533d7    0x2d6  Code  Gb  TGuiObjectsV2.o [1]
TGuiObjects::SelectECGChannelToShow
                        0x200017d0      0x4  Data  Gb  TGuiObjectsV2.o [1]
TGuiObjects::ShowBattery()
                        0x080575a5    0x12e  Code  Gb  TGuiObjectsV2.o [1]
TGuiObjects::ShowToolbar()
                        0x0805743d     0xee  Code  Gb  TGuiObjectsV2.o [1]
TGuiObjects::StandbyLedEnable
                        0x200017bf      0x1  Data  Gb  TGuiObjectsV2.o [1]
TGuiObjects::Timeout    0x200017d4      0x4  Data  Gb  TGuiObjectsV2.o [1]
TGuiObjects::ToolbarSet(int, bool)
                        0x08055f81     0x32  Code  Gb  TGuiObjectsV2.o [1]
TGuiObjects::ToolbarsFlags
                        0x200017cc      0x4  Data  Gb  TGuiObjectsV2.o [1]
TGuiObjects::ToolbarsFlagsShow
                        0x200017bc      0x1  Data  Gb  TGuiObjectsV2.o [1]
TGuiObjects::WaitingECGStartRecord
                        0x200017c1      0x1  Data  Gb  TGuiObjectsV2.o [1]
TGuiObjects::menuItem0Ptr
                        0x200019dc      0x4  Data  Gb  TGuiObjectsV2.o [1]
TGuiObjects::menuItem1Ptr
                        0x200019e0      0x4  Data  Gb  TGuiObjectsV2.o [1]
TGuiObjects::menuItem2Ptr
                        0x200019e4      0x4  Data  Gb  TGuiObjectsV2.o [1]
TGuiObjects::menuItem3Ptr
                        0x200019e8      0x4  Data  Gb  TGuiObjectsV2.o [1]
TGuiObjects::menuMax    0x200019ec      0x4  Data  Gb  TGuiObjectsV2.o [1]
TGuiObjects::menuSetDefaults()
                        0x0805774d     0x22  Code  Gb  TGuiObjectsV2.o [1]
TGuiObjects::xGUIObj    0x200017c8      0x4  Data  Gb  TGuiObjectsV2.o [1]
TGuiObjects::xGUIScrOff
                        0x20001818      0x4  Data  Gb  TGuiObjectsV2.o [1]
THardware::BlockKeys    0x2001eaa8      0x1  Data  Gb  THardware.o [1]
THardware::CheckKey(int)
                        0x0805c6f3     0x34  Code  Gb  THardware.o [1]
THardware::DebugTools   0x2001e8b8     0x34  Data  Gb  THardware.o [1]
THardware::KeysDeinit()
                        0x0805c6d1     0x22  Code  Gb  THardware.o [1]
THardware::KeysInit()   0x0805c62d     0xa4  Code  Gb  THardware.o [1]
THardware::LedOff()     0x0805c5fb      0x4  Code  Gb  THardware.o [1]
THardware::LedOn()      0x0805c5f7      0x4  Code  Gb  THardware.o [1]
THardware::TestPinControl(bool)
                        0x0805c5e1     0x16  Code  Gb  THardware.o [1]
THardware::TestPinDeinit()
                        0x0805c62b      0x2  Code  Gb  THardware.o [1]
THardware::TestPinInit()
                        0x0805c5ff     0x2c  Code  Gb  THardware.o [1]
THardware::VoltmeterDeinit()
                        0x0805c733      0x2  Code  Gb  THardware.o [1]
THardware::VoltmeterInit()
                        0x0805c731      0x2  Code  Gb  THardware.o [1]
TIM3_IRQHandler         0x080646ad     0x2a  Code  Gb  stm32_it.o [1]
TIM_ARRPreloadConfig    0x0805cf91     0x8e  Code  Gb  stm32f4xx_tim.o [1]
TIM_ClearITPendingBit   0x0805d685     0x86  Code  Gb  stm32f4xx_tim.o [1]
TIM_Cmd                 0x0805d059     0xac  Code  Gb  stm32f4xx_tim.o [1]
TIM_CtrlPWMOutputs      0x0805d49d     0x50  Code  Gb  stm32f4xx_tim.o [1]
TIM_DeInit              0x0805cbcd    0x210  Code  Gb  stm32f4xx_tim.o [1]
TIM_GetITStatus         0x0805d5bd     0xc4  Code  Gb  stm32f4xx_tim.o [1]
TIM_ITConfig            0x0805d4f5     0xb4  Code  Gb  stm32f4xx_tim.o [1]
TIM_OC2Init             0x0805d105    0x174  Code  Gb  stm32f4xx_tim.o [1]
TIM_OC2PreloadConfig    0x0805d3a5     0x70  Code  Gb  stm32f4xx_tim.o [1]
TIM_OC4Init             0x0805d279     0xf8  Code  Gb  stm32f4xx_tim.o [1]
TIM_OC4PreloadConfig    0x0805d419     0x64  Code  Gb  stm32f4xx_tim.o [1]
TIM_SelectMasterSlaveMode
                        0x0805d7d1     0x64  Code  Gb  stm32f4xx_tim.o [1]
TIM_SelectOutputTrigger
                        0x0805d731     0x90  Code  Gb  stm32f4xx_tim.o [1]
TIM_SetCounter          0x0805cf0d     0x84  Code  Gb  stm32f4xx_tim.o [1]
TIM_TimeBaseInit        0x0805cddd    0x130  Code  Gb  stm32f4xx_tim.o [1]
TInterpreter::CommandRequest()
                        0x08052271    0x11e  Code  Gb  TInterpreter.o [1]
TInterpreter::ControllerInteraction()
                        0x0805238f     0x3a  Code  Gb  TInterpreter.o [1]
TInterpreter::Fx_CRC    0x2001ea54      0x4  Data  Gb  TInterpreter.o [1]
TInterpreter::Fx_Online
                        0x2001ea50      0x1  Data  Gb  TInterpreter.o [1]
TInterpreter::ISR_USART_Rcv(unsigned short)
                        0x08052203     0x56  Code  Gb  TInterpreter.o [1]
TInterpreter::IntDateTime
                        0x2001ea78      0x8  Data  Gb  TInterpreter.o [1]
TInterpreter::IterpBuffNotEmpty
                        0x20001a66      0x1  Data  Gb  TInterpreter.o [1]
TInterpreter::IterpBuffer
                        0x2001e36c    0x100  Data  Gb  TInterpreter.o [1]
TInterpreter::IterpBufferIndx
                        0x20001a65      0x1  Data  Gb  TInterpreter.o [1]
TInterpreter::MonitorDataParseFunc(int)
                        0x08052521    0x21a  Code  Gb  TInterpreter.o [1]
TInterpreter::ParseUARTCommand(unsigned char *)
                        0x0805273b     0x12  Code  Gb  TInterpreter.o [1]
TInterpreter::ParseUSysCommand(unsigned char *)
                        0x0805274d     0x12  Code  Gb  TInterpreter.o [1]
TInterpreter::ParsingFunc(unsigned char, unsigned char, unsigned char *)
                        0x080523c9    0x158  Code  Gb  TInterpreter.o [1]
TInterpreter::SendByte(unsigned char)
                        0x080521e3     0x20  Code  Gb  TInterpreter.o [1]
TInterpreter::SendFrameToHost(unsigned char)
                        0x080527c9     0x40  Code  Gb  TInterpreter.o [1]
TInterpreter::SendFrameToHost(unsigned char, unsigned char, unsigned char const *)
                        0x0805275f     0x6a  Code  Gb  TInterpreter.o [1]
TInterpreter::SetStartECGWrite(bool)
                        0x080521a5     0x28  Code  Gb  TInterpreter.o [1]
TInterpreter::SetStartUSARTMonitioring(bool)
                        0x0805217d     0x28  Code  Gb  TInterpreter.o [1]
TInterpreter::StartECGWrite
                        0x2001eaa9      0x1  Data  Gb  TInterpreter.o [1]
TInterpreter::StartUSARTMonitioring
                        0x20001a64      0x1  Data  Gb  TInterpreter.o [1]
TInterpreter::TASK_CmdProcessor(void *)
                        0x08052259     0x18  Code  Gb  TInterpreter.o [1]
TInterpreter::TurnOnUart()
                        0x080521cd     0x16  Code  Gb  TInterpreter.o [1]
TInterpreter::UartInit()
                        0x0805217b      0x2  Code  Gb  TInterpreter.o [1]
TInterpreter::UartPHYInit()
                        0x080520c1     0xba  Code  Gb  TInterpreter.o [1]
TInterpreter::Uart_Connected
                        0x2001eaaa      0x1  Data  Gb  TInterpreter.o [1]
TInterpreter::gData     0x2001ea58      0x4  Data  Gb  TInterpreter.o [1]
TInterpreter::gDataLenght
                        0x20001a67      0x1  Data  Gb  TInterpreter.o [1]
TInterpreter::xBuffer   0x2001e46c    0x100  Data  Gb  TInterpreter.o [1]
TLMX9838::BDAddress     0x20001a84      0x8  Data  Gb  TLMX9838.o [1]
TLMX9838::BT_On         0x2001eaa3      0x1  Data  Gb  TLMX9838.o [1]
TLMX9838::BluetoothInit()
                        0x080581d7     0x8e  Code  Gb  TLMX9838.o [1]
TLMX9838::BluetoothPHYDeinit()
                        0x080580df     0xf8  Code  Gb  TLMX9838.o [1]
TLMX9838::BluetoothPHYInit()
                        0x08057f39    0x1a6  Code  Gb  TLMX9838.o [1]
TLMX9838::CFM_wait      0x20001a38      0x1  Data  Gb  TLMX9838.o [1]
TLMX9838::DataPtr       0x20001a44      0x4  Data  Gb  TLMX9838.o [1]
TLMX9838::EventFilter   0x20001a39      0x1  Data  Gb  TLMX9838.o [1]
TLMX9838::LMX9838_Connected
                        0x2001eaac      0x1  Data  Gb  TLMX9838.o [1]
TLMX9838::LMX9838_GetOnOffState()
                        0x0805b159      0xc  Code  Gb  TFrame.o [1]
TLMX9838::LMX9838_ParceEvents(unsigned char, unsigned char, unsigned char *)
                        0x0805844d     0x4a  Code  Gb  TLMX9838.o [1]
TLMX9838::LMX9838_ReadDeviceName()
                        0x08058303     0x2e  Code  Gb  TLMX9838.o [1]
TLMX9838::LMX9838_ReadEventFilter()
                        0x08058393     0x2e  Code  Gb  TLMX9838.o [1]
TLMX9838::LMX9838_ReadSecurityMode()
                        0x080583c1     0x2e  Code  Gb  TLMX9838.o [1]
TLMX9838::LMX9838_Ready
                        0x2001eaa2      0x1  Data  Gb  TLMX9838.o [1]
TLMX9838::LMX9838_ReportAllEvents()
                        0x080582cf     0x34  Code  Gb  TLMX9838.o [1]
TLMX9838::LMX9838_Reset()
                        0x08058497     0x2a  Code  Gb  TLMX9838.o [1]
TLMX9838::LMX9838_SetDeviceName(char const *)
                        0x08058331     0x62  Code  Gb  TLMX9838.o [1]
TLMX9838::LMX9838_SetSecurityMode1()
                        0x080583ef     0x34  Code  Gb  TLMX9838.o [1]
TLMX9838::LMX9838_WaitForCFM()
                        0x08058423     0x2a  Code  Gb  TLMX9838.o [1]
TLMX9838::LMX_BT_Addr   0x20001a3c      0x8  Data  Gb  TLMX9838.o [1]
TLMX9838::RemoteBTPort  0x20001ab3      0x1  Data  Gb  TLMX9838.o [1]
TLMX9838::SecurityMode  0x20001a3a      0x1  Data  Gb  TLMX9838.o [1]
TLMX9838::SendByte(unsigned char)
                        0x080584c1     0x26  Code  Gb  TLMX9838.o [1]
TLMX9838::SendByte(unsigned char, bool)
                        0x080584e7     0x2c  Code  Gb  TLMX9838.o [1]
TLMX9838::TurnOffBluetooth()
                        0x08058299     0x36  Code  Gb  TLMX9838.o [1]
TLMX9838::TurnOnBluetooth()
                        0x08058265     0x34  Code  Gb  TLMX9838.o [1]
TLcd::ColorInversion(bool)
                        0x0805c005     0x10  Code  Gb  TLcd.o [1]
TLcd::ExchSysPal()      0x0805c26d      0xc  Code  Gb  TLcd.o [1]
TLcd::FillRectangle(unsigned short, unsigned short, unsigned short, unsigned short, unsigned short)
                        0x0805c279     0x2a  Code  Gb  TLcd.o [1]
TLcd::LCD_Init()        0x0805c0ad    0x126  Code  Gb  TLcd.o [1]
TLcd::LcdBL(bool)       0x0805bfd7     0x2e  Code  Gb  TLcd.o [1]
TLcd::LcdClear()        0x0805c077     0x36  Code  Gb  TLcd.o [1]
TLcd::LcdEnable(bool)   0x0805bfc1     0x16  Code  Gb  TLcd.o [1]
TLcd::LcdOff            0x2001eaab      0x1  Data  Gb  TLcd.o [1]
TLcd::LcdPHYDeInit()    0x0805be01    0x1a8  Code  Gb  TLcd.o [1]
TLcd::LcdPHYInit()      0x0805bc71    0x190  Code  Gb  TLcd.o [1]
TLcd::PutBitmap(unsigned short, unsigned short, TBitMap const *)
                        0x0805c1d3     0x92  Code  Gb  TLcd.o [1]
TLcd::RESPin(bool)      0x0805bfa9     0x18  Code  Gb  TLcd.o [1]
TLcd::ReadData(unsigned char, unsigned char, unsigned char *)
                        0x0805c2a3     0x38  Code  Gb  TLcd.o [1]
TLcd::SetPos(unsigned short, unsigned short, unsigned short, unsigned short)
                        0x0805c015     0x62  Code  Gb  TLcd.o [1]
TLcd::SetSysPal(unsigned short, unsigned short)
                        0x0805c265      0x8  Code  Gb  TLcd.o [1]
TLcd::WriteCmd(unsigned char)
                        0x0806141d     0x20  Code  Gb  TLcd.o [1]
TLcd::WriteCmd(unsigned char, unsigned char)
                        0x080614c1     0x2c  Code  Gb  TLcd.o [1]
TLcd::WriteData(unsigned char)
                        0x0806143d     0x20  Code  Gb  TLcd.o [1]
TLcd::WriteData(unsigned int)
                        0x0806145d     0x3c  Code  Gb  TLcd.o [1]
TLcd::WriteData(unsigned short)
                        0x08061499     0x28  Code  Gb  TLcd.o [1]
TLcd::lcdReciveByte()   0x0805c2db     0x38  Code  Gb  TLcd.o [1]
TLcdTrace::AddLine(bool, char const *)
                        0x08050f8f      0xa  Code  Gb  TLcdTrace.o [1]
TLcdTrace::AddLine(char const *)
                        0x08050f1f     0x70  Code  Gb  TLcdTrace.o [1]
TLcdTrace::AddLine(char const *, int)
                        0x08050ef5     0x2a  Code  Gb  TLcdTrace.o [1]
TLcdTrace::AddLineX(char const *, int)
                        0x08050ec9     0x2c  Code  Gb  TLcdTrace.o [1]
TLcdTrace::Clear()      0x08050f99     0x36  Code  Gb  TLcdTrace.o [1]
TLcdTrace::CurrentLine  0x2001ea18      0x4  Data  Gb  TLcdTrace.o [1]
TLcdTrace::DisableLcdTrace
                        0x2001ea16      0x1  Data  Gb  TLcdTrace.o [1]
TLcdTrace::Filled       0x2001ea14      0x1  Data  Gb  TLcdTrace.o [1]
TLcdTrace::FirstLine    0x2001ea1c      0x4  Data  Gb  TLcdTrace.o [1]
TLcdTrace::InvalidateLines()
                        0x08050fcf     0x6c  Code  Gb  TLcdTrace.o [1]
TLcdTrace::LinesBuffer  0x2001e56c     0xd4  Data  Gb  TLcdTrace.o [1]
TLcdTrace::LinesBufferBk
                        0x2001e640     0xd4  Data  Gb  TLcdTrace.o [1]
TLcdTrace::PutStnChar(unsigned short, unsigned short, unsigned char, unsigned short, unsigned short)
                        0x08051051     0x7c  Code  Gb  TLcdTrace.o [1]
TLcdTrace::StartingUpStages
                        0x2001ea20      0x4  Data  Gb  TLcdTrace.o [1]
TLcdTrace::UpdatedLine  0x2001ea15      0x1  Data  Gb  TLcdTrace.o [1]
TNandWrite::AddDataBuffHalfTransferFlag
                        0x20001a48      0x1  Data  Gb  TNandWrite.o [1]
TNandWrite::BeginDataWFrame
                        0x20001a08      0x1  Data  Gb  TNandWrite.o [1]
TNandWrite::Data256Buffer
                        0x20011ab8   0x4000  Data  Gb  TNandWrite.o [1]
TNandWrite::DataBlockLenghtNBlockCRC
                        0x20001a0c      0x4  Data  Gb  TNandWrite.o [1]
TNandWrite::DataBlockNum
                        0x20001a10      0x4  Data  Gb  TNandWrite.o [1]
TNandWrite::DataBlockSample
                        0x20001a14      0x4  Data  Gb  TNandWrite.o [1]
TNandWrite::DataBufferIndx
                        0x20001a50      0x4  Data  Gb  TNandWrite.o [1]
TNandWrite::FlashCardRemoved
                        0x200018d8      0x1  Data  Gb  TNandWrite.o [1]
TNandWrite::GlobalEnableWriting
                        0x20001a09      0x1  Data  Gb  TNandWrite.o [1]
TNandWrite::ICI_IRQ_Cnt
                        0x20001a54      0x4  Data  Gb  TNandWrite.o [1]
TNandWrite::NW_AddDataWFrame(unsigned char const *, unsigned int)
                        0x08058593     0x70  Code  Gb  TNandWrite.o [1]
TNandWrite::NW_BeginDataWFrame(wfType, unsigned int)
                        0x080586fb     0x28  Code  Gb  TNandWrite.o [1]
TNandWrite::NW_BlockCRC(unsigned char const *, unsigned int, unsigned char)
                        0x08058723     0x1e  Code  Gb  TNandWrite.o [1]
TNandWrite::NW_EndDataWFrame(bool, unsigned int *)
                        0x0805878d     0xa6  Code  Gb  TNandWrite.o [1]
TNandWrite::NW_Init()   0x0805856d     0x26  Code  Gb  TNandWrite.o [1]
TNandWrite::NW_UpdateDataSectorOfWFrame(unsigned char const *, unsigned int)
                        0x08058741     0x4c  Code  Gb  TNandWrite.o [1]
TNandWrite::NW_WriteBlockToFile(unsigned char *, int)
                        0x0805864d     0x7a  Code  Gb  TNandWrite.o [1]
TNandWrite::NW_WriteOutWFrame()
                        0x08058603     0x4a  Code  Gb  TNandWrite.o [1]
TNandWrite::NandWrProcc
                        0x20001a4a      0x1  Data  Gb  TNandWrite.o [1]
TNandWrite::TASK_DataWriteProcessor(void *)
                        0x080586c9     0x32  Code  Gb  TNandWrite.o [1]
TNandWrite::WF_Type     0x20001a04      0x4  Data  Gb  TNandWrite.o [1]
TNandWrite::xhDataWrite
                        0x20001a4c      0x4  Data  Gb  TNandWrite.o [1]
TPoolingNand::AddDataToPool(int, unsigned char *, int, bool)
                        0x0805909b    0x10c  Code  Gb  TPoolingNand.o [1]
TPoolingNand::CriticalError
                        0x20001968      0x4  Data  Gb  TPoolingNand.o [1]
TPoolingNand::FinishPool(int)
                        0x080591a7     0x58  Code  Gb  TPoolingNand.o [1]
TPoolingNand::InDataActivity
                        0x2000196c      0x4  Data  Gb  TPoolingNand.o [1]
TPoolingNand::PO_Init()
                        0x08058edd     0x2c  Code  Gb  TPoolingNand.o [1]
TPoolingNand::Pool1     0x20015ab8   0x3000  Data  Gb  TPoolingNand.o [1]
TPoolingNand::Pool1Params
                        0x2000192c     0x10  Data  Gb  TPoolingNand.o [1]
TPoolingNand::Pool1REQ  0x2000193d      0x1  Data  Gb  TPoolingNand.o [1]
TPoolingNand::Pool1WRConfirm
                        0x2000193c      0x1  Data  Gb  TPoolingNand.o [1]
TPoolingNand::Pool2     0x20018ab8   0x1800  Data  Gb  TPoolingNand.o [1]
TPoolingNand::Pool2Params
                        0x2001ea24     0x10  Data  Gb  TPoolingNand.o [1]
TPoolingNand::Pool2REQ  0x2000193e      0x1  Data  Gb  TPoolingNand.o [1]
TPoolingNand::Pool3Params
                        0x20001944     0x10  Data  Gb  TPoolingNand.o [1]
TPoolingNand::Pool3REQ  0x2000193f      0x1  Data  Gb  TPoolingNand.o [1]
TPoolingNand::Pool4Params
                        0x20001954     0x10  Data  Gb  TPoolingNand.o [1]
TPoolingNand::Pool4REQ  0x20001940      0x1  Data  Gb  TPoolingNand.o [1]
TPoolingNand::PoolState
                        0x20001942      0x1  Data  Gb  TPoolingNand.o [1]
TPoolingNand::SetupPool(int, wfType)
                        0x080591ff     0x7c  Code  Gb  TPoolingNand.o [1]
TPoolingNand::TASK_PoolingNand(void *)
                        0x08058f09    0x192  Code  Gb  TPoolingNand.o [1]
TPoolingNand::wrTaskSuspended
                        0x20001941      0x1  Data  Gb  TPoolingNand.o [1]
TPoolingNand::xhPoolingNand
                        0x20001964      0x4  Data  Gb  TPoolingNand.o [1]
TRespProcessor::ChannelsProcessing()
                        0x0805cb5d     0x3e  Code  Gb  TRespProcessor.o [1]
TRespProcessor::RR_Led_Enable
                        0x2001e958      0x1  Data  Gb  TRespProcessor.o [1]
TRespProcessor::RespData
                        0x2001e968      0xc  Data  Gb  TRespProcessor.o [1]
TRespProcessor::Respiration
                        0x2001e948     0x10  Data  Gb  TRespProcessor.o [1]
TRespProcessor::WrChannelsProcessing()
                        0x0805cb9b     0x24  Code  Gb  TRespProcessor.o [1]
TRespProcessor::WrRespData
                        0x2001ea5c      0xc  Data  Gb  TRespProcessor.o [1]
TRtc::RTC_Configuration()
                        0x08057b9b     0x80  Code  Gb  TRtc.o [1]
TRtc::RTC_EXTI_Configuration()
                        0x08057c1b     0x2c  Code  Gb  TRtc.o [1]
TRtc::RTC_GetTDMY(int *, int *, int *, int *, int *, int *)
                        0x08057d99     0x24  Code  Gb  TRtc.o [1]
TRtc::RTC_NVIC_Configuration()
                        0x08057c47     0x22  Code  Gb  TRtc.o [1]
TRtc::RTC_TimeRead()    0x08057c69     0x90  Code  Gb  TRtc.o [1]
TRtc::RTC_TimeStampToTDMY(unsigned int, int *, int *, int *, int *, int *, int *)
                        0x08057cf9     0x9a  Code  Gb  TRtc.o [1]
TRtc::Rtc_Init()        0x08057b6d     0x2e  Code  Gb  TRtc.o [1]
TRtc::day               0x20001aa4      0x4  Data  Gb  TRtc.o [1]
TRtc::hours             0x2001ea90      0x4  Data  Gb  TRtc.o [1]
TRtc::minutes           0x2001ea94      0x4  Data  Gb  TRtc.o [1]
TRtc::month             0x20001aa0      0x4  Data  Gb  TRtc.o [1]
TRtc::seconds           0x2001ea98      0x4  Data  Gb  TRtc.o [1]
TRtc::year              0x20001a9c      0x4  Data  Gb  TRtc.o [1]
TSDProcessor::EcgBuffer_1
                        0x2001cadc    0x800  Data  Gb  TSDProcessor.o [1]
TSDProcessor::EcgBuffer_2
                        0x2001d2dc    0x800  Data  Gb  TSDProcessor.o [1]
TSDProcessor::FATFS_Obj
                        0x2001dadc    0x230  Data  Gb  TSDProcessor.o [1]
TSDProcessor::FillBuffer_ECG(EcgData_t *)
                        0x08061b89    0x418  Code  Gb  TSDProcessor.o [1]
TSDProcessor::NoAskReplaceECGFileQuestion
                        0x2001eaaf      0x1  Data  Gb  TSDProcessor.o [1]
TSDProcessor::SDPresent
                        0x2001eaae      0x1  Data  Gb  TSDProcessor.o [1]
[...]
_PT_Mono_8_E9           0x0803076c     0x24  Data  Lc  TGuiObjectsV2.o [1]
_PT_Mono_8_EA           0x08030790     0x18  Data  Lc  TGuiObjectsV2.o [1]
_PT_Mono_8_EB           0x080307a8     0x18  Data  Lc  TGuiObjectsV2.o [1]
_PT_Mono_8_EC           0x080307c0     0x20  Data  Lc  TGuiObjectsV2.o [1]
_PT_Mono_8_ED           0x080307e0     0x18  Data  Lc  TGuiObjectsV2.o [1]
_PT_Mono_8_EE           0x080307f8     0x18  Data  Lc  TGuiObjectsV2.o [1]
_PT_Mono_8_EF           0x08030810     0x18  Data  Lc  TGuiObjectsV2.o [1]
_PT_Mono_8_F0           0x08030828     0x1c  Data  Lc  TGuiObjectsV2.o [1]
_PT_Mono_8_F1           0x08030844     0x14  Data  Lc  TGuiObjectsV2.o [1]
_PT_Mono_8_F2           0x08030858     0x14  Data  Lc  TGuiObjectsV2.o [1]
_PT_Mono_8_F3           0x0803086c     0x1c  Data  Lc  TGuiObjectsV2.o [1]
_PT_Mono_8_F4           0x08030888     0x20  Data  Lc  TGuiObjectsV2.o [1]
_PT_Mono_8_F5           0x080308a8     0x18  Data  Lc  TGuiObjectsV2.o [1]
_PT_Mono_8_F6           0x080308c0     0x1c  Data  Lc  TGuiObjectsV2.o [1]
_PT_Mono_8_F7           0x080308dc     0x14  Data  Lc  TGuiObjectsV2.o [1]
_PT_Mono_8_F8           0x080308f0     0x24  Data  Lc  TGuiObjectsV2.o [1]
_PT_Mono_8_F9           0x08030914     0x24  Data  Lc  TGuiObjectsV2.o [1]
_PT_Mono_8_FA           0x08030938     0x14  Data  Lc  TGuiObjectsV2.o [1]
_PT_Mono_8_FB           0x0803094c     0x20  Data  Lc  TGuiObjectsV2.o [1]
_PT_Mono_8_FC           0x0803096c     0x14  Data  Lc  TGuiObjectsV2.o [1]
_PT_Mono_8_FD           0x08030980     0x10  Data  Lc  TGuiObjectsV2.o [1]
_PT_Mono_8_FE           0x08030990     0x20  Data  Lc  TGuiObjectsV2.o [1]
_PT_Mono_8_FF           0x080309b0     0x18  Data  Lc  TGuiObjectsV2.o [1]
_Record_BMP             0x08043f18    0x170  Data  Lc  TGuiObjectsV2.o [1]
_Record_BitMap          0x08057568     0x14  Data  Lc  TGuiObjectsV2.o [1]
_Record_PAL             0x08043efc     0x1c  Data  Lc  TGuiObjectsV2.o [1]
_Red_BitMap             0x08057590     0x14  Data  Lc  TGuiObjectsV2.o [1]
_Red_PAL                0x08043e08      0x8  Data  Lc  TGuiObjectsV2.o [1]
_SDCard_42x32_BMP       0x0804408c     0xb4  Data  Lc  TGuiObjectsV2.o [1]
_SDCard_42x32_BitMap    0x08057554     0x14  Data  Lc  TGuiObjectsV2.o [1]
_SDCard_42x32_PAL       0x08044088      0x4  Data  Lc  TGuiObjectsV2.o [1]
_Wave_34x62_BMP         0x080442d0    0x10c  Data  Lc  TGuiObjectsV2.o [1]
_Wave_34x62_BitMap      0x08054b6c     0x14  Data  Lc  TGuiObjectsV2.o [1]
_Wave_34x62_PAL         0x080442cc      0x4  Data  Lc  TGuiObjectsV2.o [1]
__aeabi_cdcmple         0x080623e9           Code  Gb  DblCmpLe.o [4]
__aeabi_cdrcmple        0x080623b9           Code  Gb  DblCmpGe.o [4]
__aeabi_d2f             0x0805f239           Code  Gb  DblToFlt.o [4]
__aeabi_d2iz            0x08062419           Code  Gb  DblToI32.o [4]
__aeabi_dadd            0x080622d1           Code  Gb  DblAdd.o [4]
__aeabi_ddiv            0x0805efe1           Code  Gb  DblDiv.o [4]
__aeabi_dmul            0x08061fad           Code  Gb  DblMul.o [4]
__aeabi_dsub            0x08062151           Code  Gb  DblSub.o [4]
__aeabi_errno_addr      0x080625e9      0x6  Code  Gb  errno.o [3]
__aeabi_f2d             0x08062465           Code  Gb  FltToDbl.o [4]
__aeabi_i2d             0x0805efb1           Code  Gb  I32ToDbl.o [4]
__aeabi_ldiv0           0x080625f5           Code  Gb  I64DivZer.o [5]
__aeabi_ldivmod         0x080624b5           Code  Gb  I64DivMod.o [5]
__aeabi_memset          0x0805a765           Code  Gb  ABImemset.o [5]
__aeabi_memset4         0x0805c5a5           Code  Gb  ABImemset48.o [5]
__aeabi_memset8         0x0805c5a5           Code  Gb  ABImemset48.o [5]
__aeabi_ui2d            0x0805efc5           Code  Gb  I32ToDbl.o [4]
__aeabi_uldivmod        0x080624f9           Code  Gb  I64DivMod.o [5]
__cmain                 0x08064919           Code  Gb  cmain.o [5]
__delay_cycles(int)     0x0805c9f9     0x14  Code  Gb  TSpiSram.o [1]
__exit                  0x0806484d     0x14  Code  Gb  exit.o [6]
__iar_Errno             0x20001aa8      0x4  Data  Gb  errno.o [3]
__iar_Memset            0x0805a765           Code  Gb  ABImemset.o [5]
__iar_Memset4_word      0x0805c5ad           Code  Gb  ABImemset48.o [5]
__iar_Memset8_word      0x0805c5ad           Code  Gb  ABImemset48.o [5]
__iar_Memset_word       0x0805a76d           Code  Gb  ABImemset.o [5]
__iar_close_ttio        0x08064861     0x2e  Code  Gb  iarttio.o [6]
__iar_d2uiz             0x08062445           Code  Gb  DblToI32.o [4]
__iar_dadd              0x080622e5           Code  Gb  DblAdd.o [4]
__iar_data_init3        0x08064899     0x28  Code  Gb  data_init.o [5]
__iar_dlib_perthread_access
                        0x080625f7      0x2  Code  Gb  xtls.o [3]
__iar_dsub              0x08062165           Code  Gb  DblSub.o [4]
__iar_dsubStart         0x08062177           Code  Gb  DblSub.o [4]
__iar_edom              0x08061fa1           Code  Gb  iarEdom.o [5]
__iar_init_vfp          0x080648c1           Code  Gb  fpinit_M.o [4]
__iar_lookup_ttioh      0x08064891      0x8  Code  Gb  XShttio.o [3]
__iar_packbits_init3    0x08064797     0xae  Code  Gb  packbits_init.o [5]
__iar_program_start     0x08064959           Code  Gb  cstartup_M.o [5]
__iar_strcmp            0x0805f5f5           Code  Gb  strcmp_unaligned.o [5]
__iar_ttio_handles      0x20001a8c      0x8  Data  Lc  XShttio.o [3]
__iar_ui2d              0x0805efc9           Code  Gb  I32ToDbl.o [4]
__iar_unaligned___aeabi_memcpy
                        0x08053031           Code  Gb  ABImemcpy_unaligned.o [5]
__iar_unaligned___aeabi_memcpy4
                        0x08053051           Code  Gb  ABImemcpy_unaligned.o [5]
__iar_unaligned___aeabi_memcpy8
                        0x08053051           Code  Gb  ABImemcpy_unaligned.o [5]
__iar_unaligned_strcmp  0x0805f5f5           Code  Gb  strcmp_unaligned.o [5]
__iar_unaligned_strcpy  0x08053335           Code  Gb  strcpy_unaligned.o [5]
__iar_unaligned_strncpy
                        0x0805c539           Code  Gb  strncpy_unaligned.o [5]
__iar_zero_init3        0x080530a7     0x22  Code  Gb  zero_init3.o [5]
__low_level_init        0x08064933      0x4  Code  Gb  low_level_init.o [3]
__vector_table          0x08020000           Data  Gb  startup_stm32f40_41xxx.o [1]
_call_main              0x08064925           Code  Gb  cmain.o [5]
_exit                   0x0806493d           Code  Gb  cexit.o [5]
_ff_array               0x08045914     0x40  Data  Lc  TAppProcessor.o [1]
_main                   0x0806492f           Code  Gb  cmain.o [5]
_tbBattery0_52x32_BMP   0x0804388c     0x68  Data  Lc  TGuiObjectsV2.o [1]
_tbBattery0_52x32_BitMap
                        0x080576d4     0x14  Data  Lc  TGuiObjectsV2.o [1]
_tbBattery0_52x32_PAL   0x08043888      0x4  Data  Lc  TGuiObjectsV2.o [1]
_tbBattery1_52x32_BMP   0x080438fc    0x104  Data  Lc  TGuiObjectsV2.o [1]
_tbBattery1_52x32_BitMap
                        0x080576e8     0x14  Data  Lc  TGuiObjectsV2.o [1]
_tbBattery1_52x32_PAL   0x080438f4      0x8  Data  Lc  TGuiObjectsV2.o [1]
_tbBattery2_52x32_BMP   0x08043a08    0x104  Data  Lc  TGuiObjectsV2.o [1]
_tbBattery2_52x32_BitMap
                        0x080576fc     0x14  Data  Lc  TGuiObjectsV2.o [1]
_tbBattery2_52x32_PAL   0x08043a00      0x8  Data  Lc  TGuiObjectsV2.o [1]
_tbBattery3_52x32_BMP   0x08043b14    0x104  Data  Lc  TGuiObjectsV2.o [1]
_tbBattery3_52x32_BitMap
                        0x08057710     0x14  Data  Lc  TGuiObjectsV2.o [1]
_tbBattery3_52x32_PAL   0x08043b0c      0x8  Data  Lc  TGuiObjectsV2.o [1]
_tbBattery4_52x32_BMP   0x08043c20    0x104  Data  Lc  TGuiObjectsV2.o [1]
_tbBattery4_52x32_BitMap
                        0x08057724     0x14  Data  Lc  TGuiObjectsV2.o [1]
_tbBattery4_52x32_PAL   0x08043c18      0x8  Data  Lc  TGuiObjectsV2.o [1]
_tbBattery5_52x32_BMP   0x08043d2c     0xd4  Data  Lc  TGuiObjectsV2.o [1]
_tbBattery5_52x32_BitMap
                        0x08057738     0x14  Data  Lc  TGuiObjectsV2.o [1]
_tbBattery5_52x32_PAL   0x08043d24      0x8  Data  Lc  TGuiObjectsV2.o [1]
abort                   0x08064845      0x6  Code  Gb  abort.o [3]
addmutex                0x20001aae      0x1  Data  Gb  TFrame.o [1]
assert_failed           0x0805aa89      0x4  Code  Gb  main.o [1]
check_fs(FATFS *, unsigned long)
                        0x08059ed7     0x68  Code  Lc  ff.o [1]
chk_chr(char const *, int)
                        0x080594eb     0x12  Code  Lc  ff.o [1]
chk_lock(DIR *, int)    0x080594fd     0x6e  Code  Lc  ff.o [1]
chk_mounted(char const **, FATFS **, unsigned char)
                        0x08059f45    0x2ba  Code  Lc  ff.o [1]
clear_lock(FATFS *)     0x0805964d     0x24  Code  Lc  ff.o [1]
clust2sect              0x0805978b     0x18  Code  Gb  ff.o [1]
create_chain(FATFS *, unsigned long)
                        0x080599c3     0xa0  Code  Lc  ff.o [1]
create_name(DIR *, char const **)
                        0x08059cbb    0x11a  Code  Lc  ff.o [1]
dec_lock(unsigned int)  0x08059617     0x36  Code  Lc  ff.o [1]
defDeviceName           0x080520a4     0x1c  Data  Lc  TFlash.o [1]
deselect                0x08060c13      0xc  Code  Gb  sd_spi.o [1]
dir_find(DIR *)         0x08059c11     0x48  Code  Lc  ff.o [1]
dir_next(DIR *, int)    0x08059af1     0xee  Code  Lc  ff.o [1]
dir_register(DIR *)     0x08059c59     0x62  Code  Lc  ff.o [1]
dir_sdi(DIR *, unsigned short)
                        0x08059a63     0x8e  Code  Lc  ff.o [1]
disk_control            0x08060f05    0x222  Code  Gb  sd_spi.o [1]
disk_initialize         0x08059481      0x4  Code  Gb  mmc.o [1]
disk_ioctl              0x0805949b      0x4  Code  Gb  mmc.o [1]
disk_read               0x08059493      0x4  Code  Gb  mmc.o [1]
disk_status             0x08059485      0xe  Code  Gb  mmc.o [1]
disk_timerproc          0x08061127     0x20  Code  Gb  sd_spi.o [1]
disk_write              0x08059497      0x4  Code  Gb  mmc.o [1]
dlit_v                  0x080458e8     0x14  Data  Lc  TAppProcessor.o [1]
enq_lock()              0x0805956b     0x26  Code  Lc  ff.o [1]
exDate                  0x080458b8     0x14  Data  Lc  TAppProcessor.o [1]
exTime                  0x080458cc     0x14  Data  Lc  TAppProcessor.o [1]
exit                    0x08064937      0x4  Code  Gb  exit.o [3]
f1                      0x200018dc     0x28  Data  Gb  TNandWrite.o [1]
f2                      0x20001904     0x28  Data  Gb  TNandWrite.o [1]
f_close                 0x0805a749     0x1c  Code  Gb  ff.o [1]
f_mount                 0x0805a22b     0x2c  Code  Gb  ff.o [1]
f_open                  0x0805a269    0x18c  Code  Gb  ff.o [1]
f_read                  0x0805a3f5    0x13e  Code  Gb  ff.o [1]
f_sync                  0x0805a6cb     0x7e  Code  Gb  ff.o [1]
f_write                 0x0805a533    0x198  Code  Gb  ff.o [1]
follow_path(DIR *, char const *)
                        0x08059e69     0x6e  Code  Lc  ff.o [1]
ftoa(float, int)        0x08053209    0x106  Code  Gb  Utilities.o [1]
get_fat(FATFS *, unsigned long)
                        0x080597a3     0xce  Code  Gb  ff.o [1]
get_fattime             0x0805949f      0x4  Code  Gb  mmc.o [1]
inc_lock(DIR *, int)    0x08059591     0x86  Code  Lc  ff.o [1]
inst1                   0x0804586c     0x14  Data  Lc  TAppProcessor.o [1]
inst2_3                 0x08045880      0xc  Data  Lc  TAppProcessor.o [1]
inst3_3                 0x0804588c     0x18  Data  Lc  TAppProcessor.o [1]
inst4                   0x080458e0      0x8  Data  Lc  TAppProcessor.o [1]
inst5_3                 0x080458fc     0x18  Data  Lc  TAppProcessor.o [1]
itodts(int, char *, int)
                        0x0805317d     0x8c  Code  Gb  Utilities.o [1]
itos(int, char *, int, Radix)
                        0x080530c9     0xb4  Code  Gb  Utilities.o [1]
karta                   0x20001034    0x400  Data  Gb  TAppProcessor.o [1]
labs                    0x0805f2e5      0x8  Code  Gb  labs.o [3]
ld_clust(FATFS *, unsigned char *)
                        0x08059bdf     0x1e  Code  Lc  ff.o [1]
main                    0x0805a921    0x11c  Code  Gb  main.o [1]
mem_cmp(void const *, void const *, unsigned int)
                        0x080594cd     0x1e  Code  Lc  ff.o [1]
mem_cpy(void *, void const *, unsigned int)
                        0x080594a9     0x14  Code  Lc  ff.o [1]
mem_set(void *, int, unsigned int)
                        0x080594bd     0x10  Code  Lc  ff.o [1]
mitDef0                 0x08057770     0x10  Data  Lc  TGuiObjectsV2.o [1]
mitDef1                 0x08057780     0x14  Data  Lc  TGuiObjectsV2.o [1]
mitDef2                 0x08057794      0x8  Data  Lc  TGuiObjectsV2.o [1]
mitDef3                 0x0805779c      0x8  Data  Lc  TGuiObjectsV2.o [1]
move_window(FATFS *, unsigned long)
                        0x08059671     0x70  Code  Lc  ff.o [1]
power_off               0x08060c9f     0x18  Code  Gb  sd_spi.o [1]
power_on                0x08060c81     0x1e  Code  Gb  sd_spi.o [1]
power_status            0x08060c7d      0x4  Code  Gb  sd_spi.o [1]
prvAddCurrentTaskToDelayedList(unsigned long)
                        0x08051605     0x34  Code  Lc  tasks.o [1]
prvAllocateTCBAndStack(unsigned short, unsigned long *)
                        0x08051641     0x3a  Code  Lc  tasks.o [1]
prvCheckTasksWaitingTermination()
                        0x08051603      0x2  Code  Lc  tasks.o [1]
prvIdleTask(void *)     0x08051565     0x18  Code  Lc  tasks.o [1]
prvInitialiseTCBVariables(tskTaskControlBlock *, signed char const *, unsigned long, xMEMORY_REGION const *, unsigned short)
                        0x0805157d     0x3c  Code  Lc  tasks.o [1]
prvInitialiseTaskLists()
                        0x080515b9     0x4a  Code  Lc  tasks.o [1]
prvSetupTimerInterrupt()
                        0x0805c3df      0xe  Code  Lc  port.o [1]
put_fat(FATFS *, unsigned long, unsigned long)
                        0x08059871     0xf6  Code  Gb  ff.o [1]
pvPortMalloc            0x08058965     0xaa  Code  Gb  heap_2.o [1]
pxCurrentTCB            0x2001e714      0x4  Data  Gb  tasks.o [1]
pxDelayedTaskList       0x20001880      0x4  Data  Lc  tasks.o [1]
pxOverflowDelayedTaskList
                        0x20001884      0x4  Data  Lc  tasks.o [1]
pxPortInitialiseStack   0x0805c345     0x22  Code  Gb  port.o [1]
pxReadyTasksLists       0x2001e718     0x64  Data  Lc  tasks.o [1]
rcvr_datablock          0x08060cb7     0x54  Code  Gb  sd_spi.o [1]
rcvr_spi                0x08060beb      0x4  Code  Gb  sd_spi.o [1]
rcvr_spi_m              0x08060bdd      0xe  Code  Gb  sd_spi.o [1]
remove_chain(FATFS *, unsigned long)
                        0x08059967     0x5c  Code  Lc  ff.o [1]
select                  0x08060c1f     0x1e  Code  Gb  sd_spi.o [1]
send_cmd                0x08060d5d     0x7e  Code  Gb  sd_spi.o [1]
smmax                   0x200017fc      0x4  Data  Gb  TGuiObjectsV2.o [1]
smmax1                  0x20001804      0x4  Data  Gb  TGuiObjectsV2.o [1]
smmax2                  0x2000180c      0x4  Data  Gb  TGuiObjectsV2.o [1]
smmin                   0x200017f8      0x4  Data  Gb  TGuiObjectsV2.o [1]
smmin1                  0x20001800      0x4  Data  Gb  TGuiObjectsV2.o [1]
smmin2                  0x20001808      0x4  Data  Gb  TGuiObjectsV2.o [1]
sndTakeN                0x20001440      0x4  Data  Gb  TAppProcessor.o [1]
sqrtf                   0x0805f2c9           Code  Gb  sqrtf.o [4]
st_clust(unsigned char *, unsigned long)
                        0x08059bfd     0x14  Code  Lc  ff.o [1]
strcat                  0x08053315     0x1c  Code  Gb  strcat.o [3]
strlen                  0x0805d8c9           Code  Gb  strlen.o [5]
sync(FATFS *)           0x080596e1     0xaa  Code  Lc  ff.o [1]
temp                    0x2001eab0      0x1  Data  Lc  TSpiSram.o [1]
uxCriticalNesting       0x20001a94      0x4  Data  Lc  port.o [1]
uxCurrentNumberOfTasks  0x2001e77c      0x4  Data  Lc  tasks.o [1]
uxMissedTicks           0x2001e78c      0x4  Data  Lc  tasks.o [1]
uxSchedulerSuspended    0x2001e788      0x4  Data  Lc  tasks.o [1]
uxTaskNumber            0x200018a8      0x4  Data  Lc  tasks.o [1]
uxTopReadyPriority      0x2001e784      0x4  Data  Lc  tasks.o [1]
uxTopUsedPriority       0x2000189c      0x4  Data  Lc  tasks.o [1]
vApplicationIdleHook()  0x0805a8bb     0x66  Code  Gb  main.o [1]
vListInitialise         0x0805c405     0x1a  Code  Gb  list.o [1]
vListInitialiseItem     0x0805c41f      0x6  Code  Gb  list.o [1]
vListInsert             0x0805c441     0x34  Code  Gb  list.o [1]
vListInsertEnd          0x0805c425     0x1c  Code  Gb  list.o [1]
vListRemove             0x0805c475     0x24  Code  Gb  list.o [1]
vPortClearInterruptMask
                        0x0805c4ed           Code  Gb  portasm.o [1]
vPortEnableVFP          0x0805c51d           Code  Gb  portasm.o [1]
vPortEnterCritical      0x0805c3a5     0x10  Code  Gb  port.o [1]
vPortExitCritical       0x0805c3b5     0x10  Code  Gb  port.o [1]
vPortFree               0x08058a0f     0x36  Code  Gb  heap_2.o [1]
vPortSVCHandler         0x0805c4f7           Code  Gb  portasm.o [1]
vPortSetInterruptMask   0x0805c4e3           Code  Gb  portasm.o [1]
vPortStartFirstTask     0x0805c50f           Code  Gb  portasm.o [1]
vPortYieldFromISR       0x0805c39b      0xa  Code  Gb  port.o [1]
vTaskDelay              0x08051209     0x36  Code  Gb  tasks.o [1]
vTaskDelayUntil         0x080511af     0x5a  Code  Gb  tasks.o [1]
vTaskIncrementTick      0x0805147f     0xa2  Code  Gb  tasks.o [1]
vTaskResume             0x080512cf     0x56  Code  Gb  tasks.o [1]
vTaskStartScheduler     0x08051385     0x44  Code  Gb  tasks.o [1]
vTaskSuspend            0x0805123f     0x6c  Code  Gb  tasks.o [1]
vTaskSuspendAll         0x080513c9      0xc  Code  Gb  tasks.o [1]
vTaskSwitchContext      0x08051521     0x42  Code  Gb  tasks.o [1]
validate(void *)        0x0805a1ff     0x2c  Code  Lc  ff.o [1]
vozr                    0x080458a4     0x14  Data  Lc  TAppProcessor.o [1]
wait_ready              0x08060bef     0x24  Code  Gb  sd_spi.o [1]
xDelayedTaskList1       0x200018b0     0x14  Data  Lc  tasks.o [1]
xDelayedTaskList2       0x200018c4     0x14  Data  Lc  tasks.o [1]
xEnd                    0x200019c8      0x8  Data  Lc  heap_2.o [1]
xFreeBytesRemaining     0x200019d0      0x4  Data  Lc  heap_2.o [1]
xHeap                   0x10000000   0x5800  Data  Lc  heap_2.o [1]
xMissedYield            0x2001e790      0x4  Data  Lc  tasks.o [1]
xNextTaskUnblockTime    0x200018ac      0x4  Data  Lc  tasks.o [1]
xNumOfOverflows         0x200018a4      0x4  Data  Lc  tasks.o [1]
xPendingReadyList       0x2000186c     0x14  Data  Lc  tasks.o [1]
xPortGetFreeHeapSize    0x08058a45      0x6  Code  Gb  heap_2.o [1]
xPortPendSVHandler      0x0805c499           Code  Gb  portasm.o [1]
xPortStartScheduler     0x0805c367     0x34  Code  Gb  port.o [1]
xPortSysTickHandler     0x0805c3c5     0x1a  Code  Gb  port.o [1]
xSchedulerRunning       0x200018a0      0x4  Data  Lc  tasks.o [1]
xStart                  0x200019c0      0x8  Data  Lc  heap_2.o [1]
xSuspendedTaskList      0x20001888     0x14  Data  Lc  tasks.o [1]
xTaskGenericCreate      0x080510cd     0xe2  Code  Gb  tasks.o [1]
xTaskGetTickCount       0x0805146d     0x12  Code  Gb  tasks.o [1]
xTaskIsTaskSuspended    0x080512ab     0x24  Code  Gb  tasks.o [1]
xTaskResumeAll          0x080513d5     0x98  Code  Gb  tasks.o [1]
xTaskResumeFromISR      0x08051325     0x60  Code  Gb  tasks.o [1]
xTickCount              0x2001e780      0x4  Data  Lc  tasks.o [1]
xmit_datablock          0x08060d0b     0x52  Code  Gb  sd_spi.o [1]
xmit_spi                0x08060bab     0x32  Code  Gb  sd_spi.o [1]
xval                    0x2001e8ec     0x30  Data  Gb  TDSP.o [1]


[1] = D:\WORK\Firmware_LastRelease\_7.0.95\MainMCU\KP02_DEVICE_2\Obj
[2] = command line
[3] = dl7M_tln.a
[4] = m7M_tls.a
[5] = rt7M_tl.a
[6] = shb_l.a

  125 258 bytes of readonly  code memory
  156 422 bytes of readonly  data memory
  150 193 bytes of readwrite data memory

Errors: none
Warnings: none
